23:01:36 **** Build of configuration Debug for project 00_Led_Toggle_Addr ****
make -j16 all 
arm-none-eabi-gcc -o "00_Led_Toggle_Addr.elf" @"objects.list"   -mcpu=cortex-m4 -T"D:\MCU1_Bare_Metal_Progamming_BHM\00_Led_Toggle_Addr\STM32F446RETX_FLASH.ld" --specs=nosys.specs -Wl,-Map="00_Led_Toggle_Addr.map" -Wl,--gc-sections -static --specs=nano.specs -mfpu=fpv4-sp-d16 -mfloat-abi=hard -mthumb -Wl,--start-group -lc -lm -Wl,--end-group
Finished building target: 00_Led_Toggle_Addr.elf
 
arm-none-eabi-size  00_Led_Toggle_Addr.elf 
arm-none-eabi-objdump -h -S 00_Led_Toggle_Addr.elf  > "00_Led_Toggle_Addr.list"
   text	   data	    bss	    dec	    hex	filename
    772	      0	   1568	   2340	    924	00_Led_Toggle_Addr.elf
Finished building: default.size.stdout
 
Finished building: 00_Led_Toggle_Addr.list
 

23:01:36 Build Finished. 0 errors, 0 warnings. (took 407ms)

