14:24:52 **** Incremental Build of configuration Debug for project 12_Timers ****
make -j16 all 
arm-none-eabi-gcc "../Src/main.c" -mcpu=cortex-m4 -std=gnu11 -g3 -DDEBUG -DSTM32 -DSTM32F4 -DSTM32F446RETx -DNUCLEO_F446RE -DSTM32F446xx -c -I../Inc -I"D:/Softwares/Stm32/en.stm32cubef4-v1-28-0/STM32Cube_FW_F4_V1.28.0/Drivers/CMSIS/Device/ST/STM32F4xx/Include" -I"D:/Softwares/Stm32/en.stm32cubef4-v1-28-0/STM32Cube_FW_F4_V1.28.0/Drivers/CMSIS/Include" -O0 -ffunction-sections -fdata-sections -Wall -fstack-usage -fcyclomatic-complexity -MMD -MP -MF"Src/main.d" -MT"Src/main.o" --specs=nano.specs -mfpu=fpv4-sp-d16 -mfloat-abi=hard -mthumb -o "Src/main.o"
arm-none-eabi-gcc -o "12_Timers.elf" @"objects.list"   -mcpu=cortex-m4 -T"D:\MCU1_Bare_Metal_Progamming_BHM\12_Timers\STM32F446RETX_FLASH.ld" --specs=nosys.specs -Wl,-Map="12_Timers.map" -Wl,--gc-sections -static --specs=nano.specs -mfpu=fpv4-sp-d16 -mfloat-abi=hard -mthumb -Wl,--start-group -lc -lm -Wl,--end-group
Finished building target: 12_Timers.elf
 
arm-none-eabi-size  12_Timers.elf 
arm-none-eabi-objdump -h -S 12_Timers.elf  > "12_Timers.list"
   text	   data	    bss	    dec	    hex	filename
   5372	     92	   1900	   7364	   1cc4	12_Timers.elf
Finished building: default.size.stdout
 
Finished building: 12_Timers.list
 

14:24:53 Build Finished. 0 errors, 0 warnings. (took 656ms)

