22:01:32 **** Incremental Build of configuration Debug for project 17_Adc_Interrupt ****
make -j16 all 
arm-none-eabi-gcc "../Src/main.c" -mcpu=cortex-m4 -std=gnu11 -g3 -DDEBUG -DSTM32 -DSTM32F4 -DSTM32F446RETx -DNUCLEO_F446RE -DSTM32F446xx -c -I../Inc -I"D:/Softwares/Stm32/en.stm32cubef4-v1-28-0/STM32Cube_FW_F4_V1.28.0/Drivers/CMSIS/Device/ST/STM32F4xx/Include" -I"D:/Softwares/Stm32/en.stm32cubef4-v1-28-0/STM32Cube_FW_F4_V1.28.0/Drivers/CMSIS/Include" -O0 -ffunction-sections -fdata-sections -Wall -fstack-usage -fcyclomatic-complexity -MMD -MP -MF"Src/main.d" -MT"Src/main.o" --specs=nano.specs -mfloat-abi=soft -mthumb -o "Src/main.o"
arm-none-eabi-gcc -o "17_Adc_Interrupt.elf" @"objects.list"   -mcpu=cortex-m4 -T"D:\MCU1_Bare_Metal_Progamming_BHM\17_Adc_Interrupt\STM32F446RETX_FLASH.ld" --specs=nosys.specs -Wl,-Map="17_Adc_Interrupt.map" -Wl,--gc-sections -static --specs=nano.specs -mfloat-abi=soft -mthumb -u _printf_float -Wl,--start-group -lc -lm -Wl,--end-group
Finished building target: 17_Adc_Interrupt.elf
 
arm-none-eabi-size  17_Adc_Interrupt.elf 
arm-none-eabi-objdump -h -S 17_Adc_Interrupt.elf  > "17_Adc_Interrupt.list"
   text	   data	    bss	    dec	    hex	filename
  15628	    456	   1912	  17996	   464c	17_Adc_Interrupt.elf
Finished building: default.size.stdout
 
Finished building: 17_Adc_Interrupt.list
 

22:01:33 Build Finished. 0 errors, 0 warnings. (took 1s.110ms)

