21:02:24 **** Incremental Build of configuration Debug for project 1_Led_Blinky_Struct ****
make -j16 all 
arm-none-eabi-gcc "../Src/main.c" -mcpu=cortex-m4 -std=gnu11 -g3 -DDEBUG -DSTM32 -DSTM32F4 -DSTM32F446RETx -DNUCLEO_F446RE -c -I../Inc -O0 -ffunction-sections -fdata-sections -Wall -fstack-usage -fcyclomatic-complexity -MMD -MP -MF"Src/main.d" -MT"Src/main.o" --specs=nano.specs -mfpu=fpv4-sp-d16 -mfloat-abi=hard -mthumb -o "Src/main.o"
arm-none-eabi-gcc -o "1_Led_Blinky_Struct.elf" @"objects.list"   -mcpu=cortex-m4 -T"D:\MCU1_Bare_Metal_Progamming_BHM\1_Led_Blinky_Struct\STM32F446RETX_FLASH.ld" --specs=nosys.specs -Wl,-Map="1_Led_Blinky_Struct.map" -Wl,--gc-sections -static --specs=nano.specs -mfpu=fpv4-sp-d16 -mfloat-abi=hard -mthumb -Wl,--start-group -lc -lm -Wl,--end-group
Finished building target: 1_Led_Blinky_Struct.elf
 
arm-none-eabi-size  1_Led_Blinky_Struct.elf 
arm-none-eabi-objdump -h -S 1_Led_Blinky_Struct.elf  > "1_Led_Blinky_Struct.list"
   text	   data	    bss	    dec	    hex	filename
    792	      0	   1568	   2360	    938	1_Led_Blinky_Struct.elf
Finished building: default.size.stdout
 
Finished building: 1_Led_Blinky_Struct.list
 

21:02:25 Build Finished. 0 errors, 0 warnings. (took 669ms)

