15:46:16 **** Incremental Build of configuration Debug for project 21_I2C ****
make -j16 all 
arm-none-eabi-gcc "../Src/I2C.c" -mcpu=cortex-m4 -std=gnu11 -g3 -DDEBUG -DSTM32 -DSTM32F4 -DSTM32F446RETx -DNUCLEO_F446RE -DSTM32F446xx -c -I../Inc -I"D:/Softwares/Stm32/en.stm32cubef4-v1-28-0/STM32Cube_FW_F4_V1.28.0/Drivers/CMSIS/Device/ST/STM32F4xx/Include" -I"D:/Softwares/Stm32/en.stm32cubef4-v1-28-0/STM32Cube_FW_F4_V1.28.0/Drivers/CMSIS/Include" -O0 -ffunction-sections -fdata-sections -Wall -fstack-usage -fcyclomatic-complexity -MMD -MP -MF"Src/I2C.d" -MT"Src/I2C.o" --specs=nano.specs -mfpu=fpv4-sp-d16 -mfloat-abi=hard -mthumb -o "Src/I2C.o"
../Src/I2C.c: In function 'I2C_ByteRead':
../Src/I2C.c:144:22: warning: variable 'temp' set but not used [-Wunused-but-set-variable]
  144 |         volatile int temp;
      |                      ^~~~
../Src/I2C.c: In function 'I2C1_BurstRead':
../Src/I2C.c:201:22: warning: variable 'temp' set but not used [-Wunused-but-set-variable]
  201 |         volatile int temp;
      |                      ^~~~
../Src/I2C.c: In function 'I2C1_BurstWrite':
../Src/I2C.c:282:22: warning: variable 'temp' set but not used [-Wunused-but-set-variable]
  282 |         volatile int temp;
      |                      ^~~~
arm-none-eabi-gcc -o "21_I2C.elf" @"objects.list"   -mcpu=cortex-m4 -T"D:\MCU1_Bare_Metal_Progamming_BHM\21_I2C\STM32F446RETX_FLASH.ld" --specs=nosys.specs -Wl,-Map="21_I2C.map" -Wl,--gc-sections -static --specs=nano.specs -mfpu=fpv4-sp-d16 -mfloat-abi=hard -mthumb -Wl,--start-group -lc -lm -Wl,--end-group
Finished building target: 21_I2C.elf
 
arm-none-eabi-size  21_I2C.elf 
arm-none-eabi-objdump -h -S 21_I2C.elf  > "21_I2C.list"
   text	   data	    bss	    dec	    hex	filename
   1436	      0	   1568	   3004	    bbc	21_I2C.elf
Finished building: default.size.stdout
 
Finished building: 21_I2C.list
 

15:46:17 Build Finished. 0 errors, 3 warnings. (took 1s.88ms)

