23:13:00 **** Incremental Build of configuration Debug for project 04_GPIO_Input ****
make -j16 all 
arm-none-eabi-size  04_GPIO_Input.elf 
   text	   data	    bss	    dec	    hex	filename
    832	      0	   1568	   2400	    960	04_GPIO_Input.elf
Finished building: default.size.stdout
 
23:13:12 **** Incremental Build of configuration Debug for project 04_GPIO_Input ****
make -j16 all 
arm-none-eabi-size  04_GPIO_Input.elf 
   text	   data	    bss	    dec	    hex	filename
    832	      0	   1568	   2400	    960	04_GPIO_Input.elf
Finished building: default.size.stdout
 
23:13:36 **** Build of configuration Debug for project 05_UART_TX ****
make -j16 all 
arm-none-eabi-gcc -o "05_UART_TX.elf" @"objects.list"   -mcpu=cortex-m4 -T"D:\MCU1_Bare_Metal_Progamming_BHM\05_UART_TX\STM32F446RETX_FLASH.ld" --specs=nosys.specs -Wl,-Map="05_UART_TX.map" -Wl,--gc-sections -static --specs=nano.specs -mfpu=fpv4-sp-d16 -mfloat-abi=hard -mthumb -Wl,--start-group -lc -lm -Wl,--end-group
Finished building target: 05_UART_TX.elf
 
arm-none-eabi-size  05_UART_TX.elf 
arm-none-eabi-objdump -h -S 05_UART_TX.elf  > "05_UART_TX.list"
   text	   data	    bss	    dec	    hex	filename
   1032	      0	   1568	   2600	    a28	05_UART_TX.elf
Finished building: default.size.stdout
 
Finished building: 05_UART_TX.list
 
23:13:38 **** Incremental Build of configuration Debug for project 05_UART_TX ****
make -j16 all 
arm-none-eabi-size  05_UART_TX.elf 
   text	   data	    bss	    dec	    hex	filename
   1032	      0	   1568	   2600	    a28	05_UART_TX.elf
Finished building: default.size.stdout
 
23:13:58 **** Build of configuration Debug for project 06_UART_Printf ****
make -j16 all 
arm-none-eabi-gcc -o "06_UART_Printf.elf" @"objects.list"   -mcpu=cortex-m4 -T"D:\MCU1_Bare_Metal_Progamming_BHM\06_UART_Printf\STM32F446RETX_FLASH.ld" --specs=nosys.specs -Wl,-Map="06_UART_Printf.map" -Wl,--gc-sections -static --specs=nano.specs -mfpu=fpv4-sp-d16 -mfloat-abi=hard -mthumb -Wl,--start-group -lc -lm -Wl,--end-group
Finished building target: 06_UART_Printf.elf
 
arm-none-eabi-size  06_UART_Printf.elf 
arm-none-eabi-objdump -h -S 06_UART_Printf.elf  > "06_UART_Printf.list"
   text	   data	    bss	    dec	    hex	filename
   5224	     92	   1900	   7216	   1c30	06_UART_Printf.elf
Finished building: default.size.stdout
 
Finished building: 06_UART_Printf.list
 
23:14:01 **** Incremental Build of configuration Debug for project 06_UART_Printf ****
make -j16 all 
arm-none-eabi-size  06_UART_Printf.elf 
   text	   data	    bss	    dec	    hex	filename
   5224	     92	   1900	   7216	   1c30	06_UART_Printf.elf
Finished building: default.size.stdout
 
23:14:15 **** Incremental Build of configuration Debug for project 06_UART_Printf ****
make -j16 all 
arm-none-eabi-size  06_UART_Printf.elf 
   text	   data	    bss	    dec	    hex	filename
   5224	     92	   1900	   7216	   1c30	06_UART_Printf.elf
Finished building: default.size.stdout
 
23:14:16 **** Build of configuration Debug for project 07_UART_Modular ****
make -j16 all 
arm-none-eabi-gcc -o "07_UART_Modular.elf" @"objects.list"   -mcpu=cortex-m4 -T"D:\MCU1_Bare_Metal_Progamming_BHM\07_UART_Modular\STM32F446RETX_FLASH.ld" --specs=nosys.specs -Wl,-Map="07_UART_Modular.map" -Wl,--gc-sections -static --specs=nano.specs -mfpu=fpv4-sp-d16 -mfloat-abi=hard -mthumb -Wl,--start-group -lc -lm -Wl,--end-group
Finished building target: 07_UART_Modular.elf
 
arm-none-eabi-size  07_UART_Modular.elf 
arm-none-eabi-objdump -h -S 07_UART_Modular.elf  > "07_UART_Modular.list"
   text	   data	    bss	    dec	    hex	filename
   5228	     92	   1900	   7220	   1c34	07_UART_Modular.elf
Finished building: default.size.stdout
 
Finished building: 07_UART_Modular.list
 
23:14:17 **** Incremental Build of configuration Debug for project 06_UART_Printf ****
make -j16 all 
arm-none-eabi-size  06_UART_Printf.elf 
   text	   data	    bss	    dec	    hex	filename
   5224	     92	   1900	   7216	   1c30	06_UART_Printf.elf
Finished building: default.size.stdout
 
23:14:17 **** Incremental Build of configuration Debug for project 07_UART_Modular ****
make -j16 all 
arm-none-eabi-size  07_UART_Modular.elf 
   text	   data	    bss	    dec	    hex	filename
   5228	     92	   1900	   7220	   1c34	07_UART_Modular.elf
Finished building: default.size.stdout
 
23:14:34 **** Incremental Build of configuration Debug for project 06_UART_Printf ****
make -j16 all 
arm-none-eabi-size  06_UART_Printf.elf 
   text	   data	    bss	    dec	    hex	filename
   5224	     92	   1900	   7216	   1c30	06_UART_Printf.elf
Finished building: default.size.stdout
 
23:14:34 **** Incremental Build of configuration Debug for project 07_UART_Modular ****
make -j16 all 
arm-none-eabi-size  07_UART_Modular.elf 
   text	   data	    bss	    dec	    hex	filename
   5228	     92	   1900	   7220	   1c34	07_UART_Modular.elf
Finished building: default.size.stdout
 
23:14:34 **** Build of configuration Debug for project 08_UART_RX ****
make -j16 all 
arm-none-eabi-gcc -o "08_UART_RX.elf" @"objects.list"   -mcpu=cortex-m4 -T"D:\MCU1_Bare_Metal_Progamming_BHM\08_UART_RX\STM32F446RETX_FLASH.ld" --specs=nosys.specs -Wl,-Map="08_UART_RX.map" -Wl,--gc-sections -static --specs=nano.specs -mfpu=fpv4-sp-d16 -mfloat-abi=hard -mthumb -Wl,--start-group -lc -lm -Wl,--end-group
Finished building target: 08_UART_RX.elf
 
arm-none-eabi-size  08_UART_RX.elf 
arm-none-eabi-objdump -h -S 08_UART_RX.elf  > "08_UART_RX.list"
   text	   data	    bss	    dec	    hex	filename
   1160	      0	   1568	   2728	    aa8	08_UART_RX.elf
Finished building: default.size.stdout
 
Finished building: 08_UART_RX.list
 
23:14:36 **** Incremental Build of configuration Debug for project 06_UART_Printf ****
make -j16 all 
arm-none-eabi-size  06_UART_Printf.elf 
   text	   data	    bss	    dec	    hex	filename
   5224	     92	   1900	   7216	   1c30	06_UART_Printf.elf
Finished building: default.size.stdout
 
23:14:36 **** Incremental Build of configuration Debug for project 07_UART_Modular ****
make -j16 all 
arm-none-eabi-size  07_UART_Modular.elf 
   text	   data	    bss	    dec	    hex	filename
   5228	     92	   1900	   7220	   1c34	07_UART_Modular.elf
Finished building: default.size.stdout
 
23:14:36 **** Incremental Build of configuration Debug for project 08_UART_RX ****
make -j16 all 
arm-none-eabi-size  08_UART_RX.elf 
   text	   data	    bss	    dec	    hex	filename
   1160	      0	   1568	   2728	    aa8	08_UART_RX.elf
Finished building: default.size.stdout
 
23:14:57 **** Build of configuration Debug for project 09_ADC_Single_Conversion ****
make -j16 all 
arm-none-eabi-gcc -o "09_ADC_Single_Conversion.elf" @"objects.list"   -mcpu=cortex-m4 -T"D:\MCU1_Bare_Metal_Progamming_BHM\09_ADC_Single_Conversion\STM32F446RETX_FLASH.ld" --specs=nosys.specs -Wl,-Map="09_ADC_Single_Conversion.map" -Wl,--gc-sections -static --specs=nano.specs -mfpu=fpv4-sp-d16 -mfloat-abi=hard -mthumb -Wl,--start-group -lc -lm -Wl,--end-group
Finished building target: 09_ADC_Single_Conversion.elf
 
arm-none-eabi-size  09_ADC_Single_Conversion.elf 
arm-none-eabi-objdump -h -S 09_ADC_Single_Conversion.elf  > "09_ADC_Single_Conversion.list"
   text	   data	    bss	    dec	    hex	filename
    928	      0	   1568	   2496	    9c0	09_ADC_Single_Conversion.elf
Finished building: default.size.stdout
 
Finished building: 09_ADC_Single_Conversion.list
 
23:14:59 **** Incremental Build of configuration Debug for project 09_ADC_Single_Conversion ****
make -j16 all 
arm-none-eabi-size  09_ADC_Single_Conversion.elf 
   text	   data	    bss	    dec	    hex	filename
    928	      0	   1568	   2496	    9c0	09_ADC_Single_Conversion.elf
Finished building: default.size.stdout
 
23:15:18 **** Incremental Build of configuration Debug for project 09_ADC_Single_Conversion ****
make -j16 all 
arm-none-eabi-size  09_ADC_Single_Conversion.elf 
   text	   data	    bss	    dec	    hex	filename
    928	      0	   1568	   2496	    9c0	09_ADC_Single_Conversion.elf
Finished building: default.size.stdout
 
