15:18:10 **** Clean-only build of configuration Debug for project 15_Input_Interrupt ****
make -j16 clean 
rm -rf ./Startup/startup_stm32f446retx.d ./Startup/startup_stm32f446retx.o
rm -rf ./Src/Exti.cyclo ./Src/Exti.d ./Src/Exti.o ./Src/Exti.su ./Src/Tim.cyclo ./Src/Tim.d ./Src/Tim.o ./Src/Tim.su ./Src/main.cyclo ./Src/main.d ./Src/main.o ./Src/main.su ./Src/syscalls.cyclo ./Src/syscalls.d ./Src/syscalls.o ./Src/syscalls.su ./Src/sysmem.cyclo ./Src/sysmem.d ./Src/sysmem.o ./Src/sysmem.su ./Src/uart.cyclo ./Src/uart.d ./Src/uart.o ./Src/uart.su
rm -rf 15_Input_Interrupt.elf 15_Input_Interrupt.list 15_Input_Interrupt.map default.size.stdout
rm: can't remove '15_Input_Interrupt.elf': Permission denied
make: [makefile:79: clean] Error 1 (ignored)
 
15:20:56 **** Build of configuration Debug for project 15_Input_Interrupt ****
make -j16 all 
arm-none-eabi-gcc -mcpu=cortex-m4 -g3 -DDEBUG -c -x assembler-with-cpp -MMD -MP -MF"Startup/startup_stm32f446retx.d" -MT"Startup/startup_stm32f446retx.o" --specs=nano.specs -mfpu=fpv4-sp-d16 -mfloat-abi=hard -mthumb -o "Startup/startup_stm32f446retx.o" "../Startup/startup_stm32f446retx.s"
arm-none-eabi-gcc "../Src/Exti.c" -mcpu=cortex-m4 -std=gnu11 -g3 -DDEBUG -DSTM32 -DSTM32F4 -DSTM32F446RETx -DNUCLEO_F446RE -DSTM32F446xx -c -I../Inc -I"D:/Softwares/Stm32/en.stm32cubef4-v1-28-0/STM32Cube_FW_F4_V1.28.0/Drivers/CMSIS/Device/ST/STM32F4xx/Include" -I"D:/Softwares/Stm32/en.stm32cubef4-v1-28-0/STM32Cube_FW_F4_V1.28.0/Drivers/CMSIS/Include" -O0 -ffunction-sections -fdata-sections -Wall -fstack-usage -fcyclomatic-complexity -MMD -MP -MF"Src/Exti.d" -MT"Src/Exti.o" --specs=nano.specs -mfpu=fpv4-sp-d16 -mfloat-abi=hard -mthumb -o "Src/Exti.o"
arm-none-eabi-gcc "../Src/Tim.c" -mcpu=cortex-m4 -std=gnu11 -g3 -DDEBUG -DSTM32 -DSTM32F4 -DSTM32F446RETx -DNUCLEO_F446RE -DSTM32F446xx -c -I../Inc -I"D:/Softwares/Stm32/en.stm32cubef4-v1-28-0/STM32Cube_FW_F4_V1.28.0/Drivers/CMSIS/Device/ST/STM32F4xx/Include" -I"D:/Softwares/Stm32/en.stm32cubef4-v1-28-0/STM32Cube_FW_F4_V1.28.0/Drivers/CMSIS/Include" -O0 -ffunction-sections -fdata-sections -Wall -fstack-usage -fcyclomatic-complexity -MMD -MP -MF"Src/Tim.d" -MT"Src/Tim.o" --specs=nano.specs -mfpu=fpv4-sp-d16 -mfloat-abi=hard -mthumb -o "Src/Tim.o"
arm-none-eabi-gcc "../Src/main.c" -mcpu=cortex-m4 -std=gnu11 -g3 -DDEBUG -DSTM32 -DSTM32F4 -DSTM32F446RETx -DNUCLEO_F446RE -DSTM32F446xx -c -I../Inc -I"D:/Softwares/Stm32/en.stm32cubef4-v1-28-0/STM32Cube_FW_F4_V1.28.0/Drivers/CMSIS/Device/ST/STM32F4xx/Include" -I"D:/Softwares/Stm32/en.stm32cubef4-v1-28-0/STM32Cube_FW_F4_V1.28.0/Drivers/CMSIS/Include" -O0 -ffunction-sections -fdata-sections -Wall -fstack-usage -fcyclomatic-complexity -MMD -MP -MF"Src/main.d" -MT"Src/main.o" --specs=nano.specs -mfpu=fpv4-sp-d16 -mfloat-abi=hard -mthumb -o "Src/main.o"
arm-none-eabi-gcc "../Src/syscalls.c" -mcpu=cortex-m4 -std=gnu11 -g3 -DDEBUG -DSTM32 -DSTM32F4 -DSTM32F446RETx -DNUCLEO_F446RE -DSTM32F446xx -c -I../Inc -I"D:/Softwares/Stm32/en.stm32cubef4-v1-28-0/STM32Cube_FW_F4_V1.28.0/Drivers/CMSIS/Device/ST/STM32F4xx/Include" -I"D:/Softwares/Stm32/en.stm32cubef4-v1-28-0/STM32Cube_FW_F4_V1.28.0/Drivers/CMSIS/Include" -O0 -ffunction-sections -fdata-sections -Wall -fstack-usage -fcyclomatic-complexity -MMD -MP -MF"Src/syscalls.d" -MT"Src/syscalls.o" --specs=nano.specs -mfpu=fpv4-sp-d16 -mfloat-abi=hard -mthumb -o "Src/syscalls.o"
arm-none-eabi-gcc "../Src/sysmem.c" -mcpu=cortex-m4 -std=gnu11 -g3 -DDEBUG -DSTM32 -DSTM32F4 -DSTM32F446RETx -DNUCLEO_F446RE -DSTM32F446xx -c -I../Inc -I"D:/Softwares/Stm32/en.stm32cubef4-v1-28-0/STM32Cube_FW_F4_V1.28.0/Drivers/CMSIS/Device/ST/STM32F4xx/Include" -I"D:/Softwares/Stm32/en.stm32cubef4-v1-28-0/STM32Cube_FW_F4_V1.28.0/Drivers/CMSIS/Include" -O0 -ffunction-sections -fdata-sections -Wall -fstack-usage -fcyclomatic-complexity -MMD -MP -MF"Src/sysmem.d" -MT"Src/sysmem.o" --specs=nano.specs -mfpu=fpv4-sp-d16 -mfloat-abi=hard -mthumb -o "Src/sysmem.o"
arm-none-eabi-gcc "../Src/uart.c" -mcpu=cortex-m4 -std=gnu11 -g3 -DDEBUG -DSTM32 -DSTM32F4 -DSTM32F446RETx -DNUCLEO_F446RE -DSTM32F446xx -c -I../Inc -I"D:/Softwares/Stm32/en.stm32cubef4-v1-28-0/STM32Cube_FW_F4_V1.28.0/Drivers/CMSIS/Device/ST/STM32F4xx/Include" -I"D:/Softwares/Stm32/en.stm32cubef4-v1-28-0/STM32Cube_FW_F4_V1.28.0/Drivers/CMSIS/Include" -O0 -ffunction-sections -fdata-sections -Wall -fstack-usage -fcyclomatic-complexity -MMD -MP -MF"Src/uart.d" -MT"Src/uart.o" --specs=nano.specs -mfpu=fpv4-sp-d16 -mfloat-abi=hard -mthumb -o "Src/uart.o"
arm-none-eabi-gcc -o "15_Input_Interrupt.elf" @"objects.list"   -mcpu=cortex-m4 -T"D:\MCU1_Bare_Metal_Progamming_BHM\15_Input_Interrupt\STM32F446RETX_FLASH.ld" --specs=nosys.specs -Wl,-Map="15_Input_Interrupt.map" -Wl,--gc-sections -static --specs=nano.specs -mfpu=fpv4-sp-d16 -mfloat-abi=hard -mthumb -Wl,--start-group -lc -lm -Wl,--end-group
Finished building target: 15_Input_Interrupt.elf
 
arm-none-eabi-size  15_Input_Interrupt.elf 
arm-none-eabi-objdump -h -S 15_Input_Interrupt.elf  > "15_Input_Interrupt.list"
   text	   data	    bss	    dec	    hex	filename
   1000	      0	   1568	   2568	    a08	15_Input_Interrupt.elf
Finished building: default.size.stdout
 
Finished building: 15_Input_Interrupt.list
 
15:21:28 **** Incremental Build of configuration Debug for project 15_Input_Interrupt ****
make -j16 all 
arm-none-eabi-size  15_Input_Interrupt.elf 
   text	   data	    bss	    dec	    hex	filename
   1000	      0	   1568	   2568	    a08	15_Input_Interrupt.elf
Finished building: default.size.stdout
 
15:22:46 **** Incremental Build of configuration Debug for project 15_Input_Interrupt ****
make -j16 all 
arm-none-eabi-size  15_Input_Interrupt.elf 
   text	   data	    bss	    dec	    hex	filename
   1000	      0	   1568	   2568	    a08	15_Input_Interrupt.elf
Finished building: default.size.stdout
 
15:29:39 **** Incremental Build of configuration Debug for project 15_Input_Interrupt ****
make -j16 all 
arm-none-eabi-gcc "../Src/main.c" -mcpu=cortex-m4 -std=gnu11 -g3 -DDEBUG -DSTM32 -DSTM32F4 -DSTM32F446RETx -DNUCLEO_F446RE -DSTM32F446xx -c -I../Inc -I"D:/Softwares/Stm32/en.stm32cubef4-v1-28-0/STM32Cube_FW_F4_V1.28.0/Drivers/CMSIS/Device/ST/STM32F4xx/Include" -I"D:/Softwares/Stm32/en.stm32cubef4-v1-28-0/STM32Cube_FW_F4_V1.28.0/Drivers/CMSIS/Include" -O0 -ffunction-sections -fdata-sections -Wall -fstack-usage -fcyclomatic-complexity -MMD -MP -MF"Src/main.d" -MT"Src/main.o" --specs=nano.specs -mfpu=fpv4-sp-d16 -mfloat-abi=hard -mthumb -o "Src/main.o"
arm-none-eabi-gcc -o "15_Input_Interrupt.elf" @"objects.list"   -mcpu=cortex-m4 -T"D:\MCU1_Bare_Metal_Progamming_BHM\15_Input_Interrupt\STM32F446RETX_FLASH.ld" --specs=nosys.specs -Wl,-Map="15_Input_Interrupt.map" -Wl,--gc-sections -static --specs=nano.specs -mfpu=fpv4-sp-d16 -mfloat-abi=hard -mthumb -Wl,--start-group -lc -lm -Wl,--end-group
Finished building target: 15_Input_Interrupt.elf
 
arm-none-eabi-size  15_Input_Interrupt.elf 
arm-none-eabi-objdump -h -S 15_Input_Interrupt.elf  > "15_Input_Interrupt.list"
   text	   data	    bss	    dec	    hex	filename
   5504	     92	   1900	   7496	   1d48	15_Input_Interrupt.elf
Finished building: default.size.stdout
 
Finished building: 15_Input_Interrupt.list
 
15:30:01 **** Incremental Build of configuration Debug for project 15_Input_Interrupt ****
make -j16 all 
arm-none-eabi-size  15_Input_Interrupt.elf 
   text	   data	    bss	    dec	    hex	filename
   5504	     92	   1900	   7496	   1d48	15_Input_Interrupt.elf
Finished building: default.size.stdout
 
15:31:50 **** Incremental Build of configuration Debug for project 15_Input_Interrupt ****
make -j16 all 
arm-none-eabi-size  15_Input_Interrupt.elf 
   text	   data	    bss	    dec	    hex	filename
   5504	     92	   1900	   7496	   1d48	15_Input_Interrupt.elf
Finished building: default.size.stdout
 
15:32:47 **** Incremental Build of configuration Debug for project 15_Input_Interrupt ****
make -j16 all 
arm-none-eabi-size  15_Input_Interrupt.elf 
   text	   data	    bss	    dec	    hex	filename
   5504	     92	   1900	   7496	   1d48	15_Input_Interrupt.elf
Finished building: default.size.stdout
 
15:41:49 **** Incremental Build of configuration Debug for project 15_Input_Interrupt ****
make -j16 all 
arm-none-eabi-size  15_Input_Interrupt.elf 
arm-none-eabi-objdump -h -S 15_Input_Interrupt.elf  > "15_Input_Interrupt.list"
   text	   data	    bss	    dec	    hex	filename
   5504	     92	   1900	   7496	   1d48	15_Input_Interrupt.elf
Finished building: default.size.stdout
 
Finished building: 15_Input_Interrupt.list
 
15:42:20 **** Incremental Build of configuration Debug for project 15_Input_Interrupt ****
make -j16 all 
arm-none-eabi-size  15_Input_Interrupt.elf 
   text	   data	    bss	    dec	    hex	filename
   5504	     92	   1900	   7496	   1d48	15_Input_Interrupt.elf
Finished building: default.size.stdout
 
15:42:51 **** Incremental Build of configuration Debug for project 15_Input_Interrupt ****
make -j16 all 
arm-none-eabi-size  15_Input_Interrupt.elf 
   text	   data	    bss	    dec	    hex	filename
   5504	     92	   1900	   7496	   1d48	15_Input_Interrupt.elf
Finished building: default.size.stdout
 
15:51:58 **** Incremental Build of configuration Debug for project 15_Input_Interrupt ****
make -j16 all 
arm-none-eabi-size  15_Input_Interrupt.elf 
   text	   data	    bss	    dec	    hex	filename
   5504	     92	   1900	   7496	   1d48	15_Input_Interrupt.elf
Finished building: default.size.stdout
 
15:53:48 **** Incremental Build of configuration Debug for project 15_Input_Interrupt ****
make -j16 all 
arm-none-eabi-size  15_Input_Interrupt.elf 
   text	   data	    bss	    dec	    hex	filename
   5504	     92	   1900	   7496	   1d48	15_Input_Interrupt.elf
Finished building: default.size.stdout
 
15:59:30 **** Incremental Build of configuration Debug for project 15_Input_Interrupt ****
make -j16 all 
arm-none-eabi-gcc "../Src/main.c" -mcpu=cortex-m4 -std=gnu11 -g3 -DDEBUG -DSTM32 -DSTM32F4 -DSTM32F446RETx -DNUCLEO_F446RE -DSTM32F446xx -c -I../Inc -I"D:/Softwares/Stm32/en.stm32cubef4-v1-28-0/STM32Cube_FW_F4_V1.28.0/Drivers/CMSIS/Device/ST/STM32F4xx/Include" -I"D:/Softwares/Stm32/en.stm32cubef4-v1-28-0/STM32Cube_FW_F4_V1.28.0/Drivers/CMSIS/Include" -O0 -ffunction-sections -fdata-sections -Wall -fstack-usage -fcyclomatic-complexity -MMD -MP -MF"Src/main.d" -MT"Src/main.o" --specs=nano.specs -mfpu=fpv4-sp-d16 -mfloat-abi=hard -mthumb -o "Src/main.o"
arm-none-eabi-gcc -o "15_Input_Interrupt.elf" @"objects.list"   -mcpu=cortex-m4 -T"D:\MCU1_Bare_Metal_Progamming_BHM\15_Input_Interrupt\STM32F446RETX_FLASH.ld" --specs=nosys.specs -Wl,-Map="15_Input_Interrupt.map" -Wl,--gc-sections -static --specs=nano.specs -mfpu=fpv4-sp-d16 -mfloat-abi=hard -mthumb -Wl,--start-group -lc -lm -Wl,--end-group
Finished building target: 15_Input_Interrupt.elf
 
arm-none-eabi-size  15_Input_Interrupt.elf 
arm-none-eabi-objdump -h -S 15_Input_Interrupt.elf  > "15_Input_Interrupt.list"
   text	   data	    bss	    dec	    hex	filename
   5508	     92	   1900	   7500	   1d4c	15_Input_Interrupt.elf
Finished building: default.size.stdout
 
Finished building: 15_Input_Interrupt.list
 
