23:13:00 **** Incremental Build of configuration Debug for project 04_GPIO_Input ****
make -j16 all 
arm-none-eabi-size  04_GPIO_Input.elf 
   text	   data	    bss	    dec	    hex	filename
    832	      0	   1568	   2400	    960	04_GPIO_Input.elf
Finished building: default.size.stdout
 
23:13:12 **** Incremental Build of configuration Debug for project 04_GPIO_Input ****
make -j16 all 
arm-none-eabi-size  04_GPIO_Input.elf 
   text	   data	    bss	    dec	    hex	filename
    832	      0	   1568	   2400	    960	04_GPIO_Input.elf
Finished building: default.size.stdout
 
23:13:36 **** Build of configuration Debug for project 05_UART_TX ****
make -j16 all 
arm-none-eabi-gcc -o "05_UART_TX.elf" @"objects.list"   -mcpu=cortex-m4 -T"D:\MCU1_Bare_Metal_Progamming_BHM\05_UART_TX\STM32F446RETX_FLASH.ld" --specs=nosys.specs -Wl,-Map="05_UART_TX.map" -Wl,--gc-sections -static --specs=nano.specs -mfpu=fpv4-sp-d16 -mfloat-abi=hard -mthumb -Wl,--start-group -lc -lm -Wl,--end-group
Finished building target: 05_UART_TX.elf
 
arm-none-eabi-size  05_UART_TX.elf 
arm-none-eabi-objdump -h -S 05_UART_TX.elf  > "05_UART_TX.list"
   text	   data	    bss	    dec	    hex	filename
   1032	      0	   1568	   2600	    a28	05_UART_TX.elf
Finished building: default.size.stdout
 
Finished building: 05_UART_TX.list
 
23:13:38 **** Incremental Build of configuration Debug for project 05_UART_TX ****
make -j16 all 
arm-none-eabi-size  05_UART_TX.elf 
   text	   data	    bss	    dec	    hex	filename
   1032	      0	   1568	   2600	    a28	05_UART_TX.elf
Finished building: default.size.stdout
 
23:13:58 **** Build of configuration Debug for project 06_UART_Printf ****
make -j16 all 
arm-none-eabi-gcc -o "06_UART_Printf.elf" @"objects.list"   -mcpu=cortex-m4 -T"D:\MCU1_Bare_Metal_Progamming_BHM\06_UART_Printf\STM32F446RETX_FLASH.ld" --specs=nosys.specs -Wl,-Map="06_UART_Printf.map" -Wl,--gc-sections -static --specs=nano.specs -mfpu=fpv4-sp-d16 -mfloat-abi=hard -mthumb -Wl,--start-group -lc -lm -Wl,--end-group
Finished building target: 06_UART_Printf.elf
 
arm-none-eabi-size  06_UART_Printf.elf 
arm-none-eabi-objdump -h -S 06_UART_Printf.elf  > "06_UART_Printf.list"
   text	   data	    bss	    dec	    hex	filename
   5224	     92	   1900	   7216	   1c30	06_UART_Printf.elf
Finished building: default.size.stdout
 
Finished building: 06_UART_Printf.list
 
23:14:01 **** Incremental Build of configuration Debug for project 06_UART_Printf ****
make -j16 all 
arm-none-eabi-size  06_UART_Printf.elf 
   text	   data	    bss	    dec	    hex	filename
   5224	     92	   1900	   7216	   1c30	06_UART_Printf.elf
Finished building: default.size.stdout
 
23:14:15 **** Incremental Build of configuration Debug for project 06_UART_Printf ****
make -j16 all 
arm-none-eabi-size  06_UART_Printf.elf 
   text	   data	    bss	    dec	    hex	filename
   5224	     92	   1900	   7216	   1c30	06_UART_Printf.elf
Finished building: default.size.stdout
 
23:14:16 **** Build of configuration Debug for project 07_UART_Modular ****
make -j16 all 
arm-none-eabi-gcc -o "07_UART_Modular.elf" @"objects.list"   -mcpu=cortex-m4 -T"D:\MCU1_Bare_Metal_Progamming_BHM\07_UART_Modular\STM32F446RETX_FLASH.ld" --specs=nosys.specs -Wl,-Map="07_UART_Modular.map" -Wl,--gc-sections -static --specs=nano.specs -mfpu=fpv4-sp-d16 -mfloat-abi=hard -mthumb -Wl,--start-group -lc -lm -Wl,--end-group
Finished building target: 07_UART_Modular.elf
 
arm-none-eabi-size  07_UART_Modular.elf 
arm-none-eabi-objdump -h -S 07_UART_Modular.elf  > "07_UART_Modular.list"
   text	   data	    bss	    dec	    hex	filename
   5228	     92	   1900	   7220	   1c34	07_UART_Modular.elf
Finished building: default.size.stdout
 
Finished building: 07_UART_Modular.list
 
23:14:17 **** Incremental Build of configuration Debug for project 06_UART_Printf ****
make -j16 all 
arm-none-eabi-size  06_UART_Printf.elf 
   text	   data	    bss	    dec	    hex	filename
   5224	     92	   1900	   7216	   1c30	06_UART_Printf.elf
Finished building: default.size.stdout
 
23:14:17 **** Incremental Build of configuration Debug for project 07_UART_Modular ****
make -j16 all 
arm-none-eabi-size  07_UART_Modular.elf 
   text	   data	    bss	    dec	    hex	filename
   5228	     92	   1900	   7220	   1c34	07_UART_Modular.elf
Finished building: default.size.stdout
 
23:14:34 **** Incremental Build of configuration Debug for project 06_UART_Printf ****
make -j16 all 
arm-none-eabi-size  06_UART_Printf.elf 
   text	   data	    bss	    dec	    hex	filename
   5224	     92	   1900	   7216	   1c30	06_UART_Printf.elf
Finished building: default.size.stdout
 
23:14:34 **** Incremental Build of configuration Debug for project 07_UART_Modular ****
make -j16 all 
arm-none-eabi-size  07_UART_Modular.elf 
   text	   data	    bss	    dec	    hex	filename
   5228	     92	   1900	   7220	   1c34	07_UART_Modular.elf
Finished building: default.size.stdout
 
23:14:34 **** Build of configuration Debug for project 08_UART_RX ****
make -j16 all 
arm-none-eabi-gcc -o "08_UART_RX.elf" @"objects.list"   -mcpu=cortex-m4 -T"D:\MCU1_Bare_Metal_Progamming_BHM\08_UART_RX\STM32F446RETX_FLASH.ld" --specs=nosys.specs -Wl,-Map="08_UART_RX.map" -Wl,--gc-sections -static --specs=nano.specs -mfpu=fpv4-sp-d16 -mfloat-abi=hard -mthumb -Wl,--start-group -lc -lm -Wl,--end-group
Finished building target: 08_UART_RX.elf
 
arm-none-eabi-size  08_UART_RX.elf 
arm-none-eabi-objdump -h -S 08_UART_RX.elf  > "08_UART_RX.list"
   text	   data	    bss	    dec	    hex	filename
   1160	      0	   1568	   2728	    aa8	08_UART_RX.elf
Finished building: default.size.stdout
 
Finished building: 08_UART_RX.list
 
23:14:36 **** Incremental Build of configuration Debug for project 06_UART_Printf ****
make -j16 all 
arm-none-eabi-size  06_UART_Printf.elf 
   text	   data	    bss	    dec	    hex	filename
   5224	     92	   1900	   7216	   1c30	06_UART_Printf.elf
Finished building: default.size.stdout
 
23:14:36 **** Incremental Build of configuration Debug for project 07_UART_Modular ****
make -j16 all 
arm-none-eabi-size  07_UART_Modular.elf 
   text	   data	    bss	    dec	    hex	filename
   5228	     92	   1900	   7220	   1c34	07_UART_Modular.elf
Finished building: default.size.stdout
 
23:14:36 **** Incremental Build of configuration Debug for project 08_UART_RX ****
make -j16 all 
arm-none-eabi-size  08_UART_RX.elf 
   text	   data	    bss	    dec	    hex	filename
   1160	      0	   1568	   2728	    aa8	08_UART_RX.elf
Finished building: default.size.stdout
 
23:14:57 **** Build of configuration Debug for project 09_ADC_Single_Conversion ****
make -j16 all 
arm-none-eabi-gcc -o "09_ADC_Single_Conversion.elf" @"objects.list"   -mcpu=cortex-m4 -T"D:\MCU1_Bare_Metal_Progamming_BHM\09_ADC_Single_Conversion\STM32F446RETX_FLASH.ld" --specs=nosys.specs -Wl,-Map="09_ADC_Single_Conversion.map" -Wl,--gc-sections -static --specs=nano.specs -mfpu=fpv4-sp-d16 -mfloat-abi=hard -mthumb -Wl,--start-group -lc -lm -Wl,--end-group
Finished building target: 09_ADC_Single_Conversion.elf
 
arm-none-eabi-size  09_ADC_Single_Conversion.elf 
arm-none-eabi-objdump -h -S 09_ADC_Single_Conversion.elf  > "09_ADC_Single_Conversion.list"
   text	   data	    bss	    dec	    hex	filename
    928	      0	   1568	   2496	    9c0	09_ADC_Single_Conversion.elf
Finished building: default.size.stdout
 
Finished building: 09_ADC_Single_Conversion.list
 
23:14:59 **** Incremental Build of configuration Debug for project 09_ADC_Single_Conversion ****
make -j16 all 
arm-none-eabi-size  09_ADC_Single_Conversion.elf 
   text	   data	    bss	    dec	    hex	filename
    928	      0	   1568	   2496	    9c0	09_ADC_Single_Conversion.elf
Finished building: default.size.stdout
 
23:15:18 **** Incremental Build of configuration Debug for project 09_ADC_Single_Conversion ****
make -j16 all 
arm-none-eabi-size  09_ADC_Single_Conversion.elf 
   text	   data	    bss	    dec	    hex	filename
    928	      0	   1568	   2496	    9c0	09_ADC_Single_Conversion.elf
Finished building: default.size.stdout
 
23:51:04 **** Build of configuration Debug for project 21_I2C ****
make -j16 all 
arm-none-eabi-gcc "../Src/I2C.c" -mcpu=cortex-m4 -std=gnu11 -g3 -DDEBUG -DSTM32 -DSTM32F4 -DSTM32F446RETx -DNUCLEO_F446RE -DSTM32F446xx -c -I../Inc -I"D:/Softwares/Stm32/en.stm32cubef4-v1-28-0/STM32Cube_FW_F4_V1.28.0/Drivers/CMSIS/Device/ST/STM32F4xx/Include" -I"D:/Softwares/Stm32/en.stm32cubef4-v1-28-0/STM32Cube_FW_F4_V1.28.0/Drivers/CMSIS/Include" -O0 -ffunction-sections -fdata-sections -Wall -fstack-usage -fcyclomatic-complexity -MMD -MP -MF"Src/I2C.d" -MT"Src/I2C.o" --specs=nano.specs -mfpu=fpv4-sp-d16 -mfloat-abi=hard -mthumb -o "Src/I2C.o"
arm-none-eabi-gcc "../Src/main.c" -mcpu=cortex-m4 -std=gnu11 -g3 -DDEBUG -DSTM32 -DSTM32F4 -DSTM32F446RETx -DNUCLEO_F446RE -DSTM32F446xx -c -I../Inc -I"D:/Softwares/Stm32/en.stm32cubef4-v1-28-0/STM32Cube_FW_F4_V1.28.0/Drivers/CMSIS/Device/ST/STM32F4xx/Include" -I"D:/Softwares/Stm32/en.stm32cubef4-v1-28-0/STM32Cube_FW_F4_V1.28.0/Drivers/CMSIS/Include" -O0 -ffunction-sections -fdata-sections -Wall -fstack-usage -fcyclomatic-complexity -MMD -MP -MF"Src/main.d" -MT"Src/main.o" --specs=nano.specs -mfpu=fpv4-sp-d16 -mfloat-abi=hard -mthumb -o "Src/main.o"
arm-none-eabi-gcc "../Src/syscalls.c" -mcpu=cortex-m4 -std=gnu11 -g3 -DDEBUG -DSTM32 -DSTM32F4 -DSTM32F446RETx -DNUCLEO_F446RE -DSTM32F446xx -c -I../Inc -I"D:/Softwares/Stm32/en.stm32cubef4-v1-28-0/STM32Cube_FW_F4_V1.28.0/Drivers/CMSIS/Device/ST/STM32F4xx/Include" -I"D:/Softwares/Stm32/en.stm32cubef4-v1-28-0/STM32Cube_FW_F4_V1.28.0/Drivers/CMSIS/Include" -O0 -ffunction-sections -fdata-sections -Wall -fstack-usage -fcyclomatic-complexity -MMD -MP -MF"Src/syscalls.d" -MT"Src/syscalls.o" --specs=nano.specs -mfpu=fpv4-sp-d16 -mfloat-abi=hard -mthumb -o "Src/syscalls.o"
arm-none-eabi-gcc "../Src/sysmem.c" -mcpu=cortex-m4 -std=gnu11 -g3 -DDEBUG -DSTM32 -DSTM32F4 -DSTM32F446RETx -DNUCLEO_F446RE -DSTM32F446xx -c -I../Inc -I"D:/Softwares/Stm32/en.stm32cubef4-v1-28-0/STM32Cube_FW_F4_V1.28.0/Drivers/CMSIS/Device/ST/STM32F4xx/Include" -I"D:/Softwares/Stm32/en.stm32cubef4-v1-28-0/STM32Cube_FW_F4_V1.28.0/Drivers/CMSIS/Include" -O0 -ffunction-sections -fdata-sections -Wall -fstack-usage -fcyclomatic-complexity -MMD -MP -MF"Src/sysmem.d" -MT"Src/sysmem.o" --specs=nano.specs -mfpu=fpv4-sp-d16 -mfloat-abi=hard -mthumb -o "Src/sysmem.o"
arm-none-eabi-gcc "../Src/uart.c" -mcpu=cortex-m4 -std=gnu11 -g3 -DDEBUG -DSTM32 -DSTM32F4 -DSTM32F446RETx -DNUCLEO_F446RE -DSTM32F446xx -c -I../Inc -I"D:/Softwares/Stm32/en.stm32cubef4-v1-28-0/STM32Cube_FW_F4_V1.28.0/Drivers/CMSIS/Device/ST/STM32F4xx/Include" -I"D:/Softwares/Stm32/en.stm32cubef4-v1-28-0/STM32Cube_FW_F4_V1.28.0/Drivers/CMSIS/Include" -O0 -ffunction-sections -fdata-sections -Wall -fstack-usage -fcyclomatic-complexity -MMD -MP -MF"Src/uart.d" -MT"Src/uart.o" --specs=nano.specs -mfpu=fpv4-sp-d16 -mfloat-abi=hard -mthumb -o "Src/uart.o"
../Src/I2C.c: In function 'I2C1_Init':
../Src/I2C.c:128:9: error: 'I2C' undeclared (first use in this function); did you mean 'I2C1'?
  128 |         I2C->CR1 |= I2C_PE_CR1;
      |         ^~~
      |         I2C1
../Src/I2C.c:128:9: note: each undeclared identifier is reported only once for each function it appears in
make: *** [Src/subdir.mk:31: Src/I2C.o] Error 1
make: *** Waiting for unfinished jobs....
"make -j16 all" terminated with exit code 2. Build might be incomplete.
23:51:15 **** Incremental Build of configuration Debug for project 21_I2C ****
make -j16 all 
arm-none-eabi-gcc "../Src/I2C.c" -mcpu=cortex-m4 -std=gnu11 -g3 -DDEBUG -DSTM32 -DSTM32F4 -DSTM32F446RETx -DNUCLEO_F446RE -DSTM32F446xx -c -I../Inc -I"D:/Softwares/Stm32/en.stm32cubef4-v1-28-0/STM32Cube_FW_F4_V1.28.0/Drivers/CMSIS/Device/ST/STM32F4xx/Include" -I"D:/Softwares/Stm32/en.stm32cubef4-v1-28-0/STM32Cube_FW_F4_V1.28.0/Drivers/CMSIS/Include" -O0 -ffunction-sections -fdata-sections -Wall -fstack-usage -fcyclomatic-complexity -MMD -MP -MF"Src/I2C.d" -MT"Src/I2C.o" --specs=nano.specs -mfpu=fpv4-sp-d16 -mfloat-abi=hard -mthumb -o "Src/I2C.o"
arm-none-eabi-gcc -o "21_I2C.elf" @"objects.list"   -mcpu=cortex-m4 -T"D:\MCU1_Bare_Metal_Progamming_BHM\21_I2C\STM32F446RETX_FLASH.ld" --specs=nosys.specs -Wl,-Map="21_I2C.map" -Wl,--gc-sections -static --specs=nano.specs -mfpu=fpv4-sp-d16 -mfloat-abi=hard -mthumb -Wl,--start-group -lc -lm -Wl,--end-group
Finished building target: 21_I2C.elf
 
arm-none-eabi-size  21_I2C.elf 
arm-none-eabi-objdump -h -S 21_I2C.elf  > "21_I2C.list"
   text	   data	    bss	    dec	    hex	filename
   1436	      0	   1568	   3004	    bbc	21_I2C.elf
Finished building: default.size.stdout
 
Finished building: 21_I2C.list
 
23:51:18 **** Incremental Build of configuration Debug for project 21_I2C ****
make -j16 all 
arm-none-eabi-size  21_I2C.elf 
   text	   data	    bss	    dec	    hex	filename
   1436	      0	   1568	   3004	    bbc	21_I2C.elf
Finished building: default.size.stdout
 
14:21:19 **** Incremental Build of configuration Debug for project 21_I2C ****
make -j16 all 
arm-none-eabi-gcc "../Src/I2C.c" -mcpu=cortex-m4 -std=gnu11 -g3 -DDEBUG -DSTM32 -DSTM32F4 -DSTM32F446RETx -DNUCLEO_F446RE -DSTM32F446xx -c -I../Inc -I"D:/Softwares/Stm32/en.stm32cubef4-v1-28-0/STM32Cube_FW_F4_V1.28.0/Drivers/CMSIS/Device/ST/STM32F4xx/Include" -I"D:/Softwares/Stm32/en.stm32cubef4-v1-28-0/STM32Cube_FW_F4_V1.28.0/Drivers/CMSIS/Include" -O0 -ffunction-sections -fdata-sections -Wall -fstack-usage -fcyclomatic-complexity -MMD -MP -MF"Src/I2C.d" -MT"Src/I2C.o" --specs=nano.specs -mfpu=fpv4-sp-d16 -mfloat-abi=hard -mthumb -o "Src/I2C.o"
../Src/I2C.c: In function 'I2C_ByteRead':
../Src/I2C.c:140:22: warning: variable 'temp' set but not used [-Wunused-but-set-variable]
  140 |         volatile int temp;
      |                      ^~~~
arm-none-eabi-gcc -o "21_I2C.elf" @"objects.list"   -mcpu=cortex-m4 -T"D:\MCU1_Bare_Metal_Progamming_BHM\21_I2C\STM32F446RETX_FLASH.ld" --specs=nosys.specs -Wl,-Map="21_I2C.map" -Wl,--gc-sections -static --specs=nano.specs -mfpu=fpv4-sp-d16 -mfloat-abi=hard -mthumb -Wl,--start-group -lc -lm -Wl,--end-group
Finished building target: 21_I2C.elf
 
arm-none-eabi-size  21_I2C.elf 
arm-none-eabi-objdump -h -S 21_I2C.elf  > "21_I2C.list"
   text	   data	    bss	    dec	    hex	filename
   1436	      0	   1568	   3004	    bbc	21_I2C.elf
Finished building: default.size.stdout
 
Finished building: 21_I2C.list
 
15:34:54 **** Incremental Build of configuration Debug for project 21_I2C ****
make -j16 all 
arm-none-eabi-gcc "../Src/I2C.c" -mcpu=cortex-m4 -std=gnu11 -g3 -DDEBUG -DSTM32 -DSTM32F4 -DSTM32F446RETx -DNUCLEO_F446RE -DSTM32F446xx -c -I../Inc -I"D:/Softwares/Stm32/en.stm32cubef4-v1-28-0/STM32Cube_FW_F4_V1.28.0/Drivers/CMSIS/Device/ST/STM32F4xx/Include" -I"D:/Softwares/Stm32/en.stm32cubef4-v1-28-0/STM32Cube_FW_F4_V1.28.0/Drivers/CMSIS/Include" -O0 -ffunction-sections -fdata-sections -Wall -fstack-usage -fcyclomatic-complexity -MMD -MP -MF"Src/I2C.d" -MT"Src/I2C.o" --specs=nano.specs -mfpu=fpv4-sp-d16 -mfloat-abi=hard -mthumb -o "Src/I2C.o"
../Src/I2C.c: In function 'I2C_ByteRead':
../Src/I2C.c:144:22: warning: variable 'temp' set but not used [-Wunused-but-set-variable]
  144 |         volatile int temp;
      |                      ^~~~
../Src/I2C.c: In function 'I2C1_BurstRead':
../Src/I2C.c:201:22: warning: variable 'temp' set but not used [-Wunused-but-set-variable]
  201 |         volatile int temp;
      |                      ^~~~
../Src/I2C.c: In function 'I2C1_BurstWrite':
../Src/I2C.c:321:23: error: 'I2C_TypeDef' has no member named 'CR'; did you mean 'CR1'?
  321 |                 I2C1->CR |= CR1_STOP;
      |                       ^~
      |                       CR1
../Src/I2C.c:282:22: warning: variable 'temp' set but not used [-Wunused-but-set-variable]
  282 |         volatile int temp;
      |                      ^~~~
make: *** [Src/subdir.mk:31: Src/I2C.o] Error 1
"make -j16 all" terminated with exit code 2. Build might be incomplete.
15:34:57 **** Incremental Build of configuration Debug for project 21_I2C ****
make -j16 all 
arm-none-eabi-gcc "../Src/I2C.c" -mcpu=cortex-m4 -std=gnu11 -g3 -DDEBUG -DSTM32 -DSTM32F4 -DSTM32F446RETx -DNUCLEO_F446RE -DSTM32F446xx -c -I../Inc -I"D:/Softwares/Stm32/en.stm32cubef4-v1-28-0/STM32Cube_FW_F4_V1.28.0/Drivers/CMSIS/Device/ST/STM32F4xx/Include" -I"D:/Softwares/Stm32/en.stm32cubef4-v1-28-0/STM32Cube_FW_F4_V1.28.0/Drivers/CMSIS/Include" -O0 -ffunction-sections -fdata-sections -Wall -fstack-usage -fcyclomatic-complexity -MMD -MP -MF"Src/I2C.d" -MT"Src/I2C.o" --specs=nano.specs -mfpu=fpv4-sp-d16 -mfloat-abi=hard -mthumb -o "Src/I2C.o"
../Src/I2C.c: In function 'I2C_ByteRead':
../Src/I2C.c:144:22: warning: variable 'temp' set but not used [-Wunused-but-set-variable]
  144 |         volatile int temp;
      |                      ^~~~
../Src/I2C.c: In function 'I2C1_BurstRead':
../Src/I2C.c:201:22: warning: variable 'temp' set but not used [-Wunused-but-set-variable]
  201 |         volatile int temp;
      |                      ^~~~
../Src/I2C.c: In function 'I2C1_BurstWrite':
../Src/I2C.c:321:23: error: 'I2C_TypeDef' has no member named 'CR'; did you mean 'CR1'?
  321 |                 I2C1->CR |= CR1_STOP;
      |                       ^~
      |                       CR1
../Src/I2C.c:282:22: warning: variable 'temp' set but not used [-Wunused-but-set-variable]
  282 |         volatile int temp;
      |                      ^~~~
make: *** [Src/subdir.mk:31: Src/I2C.o] Error 1
"make -j16 all" terminated with exit code 2. Build might be incomplete.
15:36:00 **** Incremental Build of configuration Debug for project 21_I2C ****
make -j16 all 
arm-none-eabi-gcc "../Src/I2C.c" -mcpu=cortex-m4 -std=gnu11 -g3 -DDEBUG -DSTM32 -DSTM32F4 -DSTM32F446RETx -DNUCLEO_F446RE -DSTM32F446xx -c -I../Inc -I"D:/Softwares/Stm32/en.stm32cubef4-v1-28-0/STM32Cube_FW_F4_V1.28.0/Drivers/CMSIS/Device/ST/STM32F4xx/Include" -I"D:/Softwares/Stm32/en.stm32cubef4-v1-28-0/STM32Cube_FW_F4_V1.28.0/Drivers/CMSIS/Include" -O0 -ffunction-sections -fdata-sections -Wall -fstack-usage -fcyclomatic-complexity -MMD -MP -MF"Src/I2C.d" -MT"Src/I2C.o" --specs=nano.specs -mfpu=fpv4-sp-d16 -mfloat-abi=hard -mthumb -o "Src/I2C.o"
../Src/I2C.c: In function 'I2C_ByteRead':
../Src/I2C.c:144:22: warning: variable 'temp' set but not used [-Wunused-but-set-variable]
  144 |         volatile int temp;
      |                      ^~~~
../Src/I2C.c: In function 'I2C1_BurstRead':
../Src/I2C.c:201:22: warning: variable 'temp' set but not used [-Wunused-but-set-variable]
  201 |         volatile int temp;
      |                      ^~~~
../Src/I2C.c: In function 'I2C1_BurstWrite':
../Src/I2C.c:282:22: warning: variable 'temp' set but not used [-Wunused-but-set-variable]
  282 |         volatile int temp;
      |                      ^~~~
arm-none-eabi-gcc -o "21_I2C.elf" @"objects.list"   -mcpu=cortex-m4 -T"D:\MCU1_Bare_Metal_Progamming_BHM\21_I2C\STM32F446RETX_FLASH.ld" --specs=nosys.specs -Wl,-Map="21_I2C.map" -Wl,--gc-sections -static --specs=nano.specs -mfpu=fpv4-sp-d16 -mfloat-abi=hard -mthumb -Wl,--start-group -lc -lm -Wl,--end-group
Finished building target: 21_I2C.elf
 
arm-none-eabi-size  21_I2C.elf 
arm-none-eabi-objdump -h -S 21_I2C.elf  > "21_I2C.list"
   text	   data	    bss	    dec	    hex	filename
   1436	      0	   1568	   3004	    bbc	21_I2C.elf
Finished building: default.size.stdout
 
Finished building: 21_I2C.list
 
15:45:35 **** Incremental Build of configuration Debug for project 21_I2C ****
make -j16 all 
arm-none-eabi-gcc "../Src/I2C.c" -mcpu=cortex-m4 -std=gnu11 -g3 -DDEBUG -DSTM32 -DSTM32F4 -DSTM32F446RETx -DNUCLEO_F446RE -DSTM32F446xx -c -I../Inc -I"D:/Softwares/Stm32/en.stm32cubef4-v1-28-0/STM32Cube_FW_F4_V1.28.0/Drivers/CMSIS/Device/ST/STM32F4xx/Include" -I"D:/Softwares/Stm32/en.stm32cubef4-v1-28-0/STM32Cube_FW_F4_V1.28.0/Drivers/CMSIS/Include" -O0 -ffunction-sections -fdata-sections -Wall -fstack-usage -fcyclomatic-complexity -MMD -MP -MF"Src/I2C.d" -MT"Src/I2C.o" --specs=nano.specs -mfpu=fpv4-sp-d16 -mfloat-abi=hard -mthumb -o "Src/I2C.o"
../Src/I2C.c: In function 'I2C_ByteRead':
../Src/I2C.c:144:22: warning: variable 'temp' set but not used [-Wunused-but-set-variable]
  144 |         volatile int temp;
      |                      ^~~~
../Src/I2C.c: In function 'I2C1_BurstRead':
../Src/I2C.c:201:22: warning: variable 'temp' set but not used [-Wunused-but-set-variable]
  201 |         volatile int temp;
      |                      ^~~~
../Src/I2C.c: In function 'I2C1_BurstWrite':
../Src/I2C.c:285:47: error: expected ')' before '{' token
  285 |                 while((I2C1->SR2 & (SR2_BUSY)){}
      |                      ~                        ^
      |                                               )
../Src/I2C.c:324:1: error: expected expression before '}' token
  324 | }
      | ^
../Src/I2C.c:282:22: warning: unused variable 'temp' [-Wunused-variable]
  282 |         volatile int temp;
      |                      ^~~~
make: *** [Src/subdir.mk:31: Src/I2C.o] Error 1
"make -j16 all" terminated with exit code 2. Build might be incomplete.
15:46:16 **** Incremental Build of configuration Debug for project 21_I2C ****
make -j16 all 
arm-none-eabi-gcc "../Src/I2C.c" -mcpu=cortex-m4 -std=gnu11 -g3 -DDEBUG -DSTM32 -DSTM32F4 -DSTM32F446RETx -DNUCLEO_F446RE -DSTM32F446xx -c -I../Inc -I"D:/Softwares/Stm32/en.stm32cubef4-v1-28-0/STM32Cube_FW_F4_V1.28.0/Drivers/CMSIS/Device/ST/STM32F4xx/Include" -I"D:/Softwares/Stm32/en.stm32cubef4-v1-28-0/STM32Cube_FW_F4_V1.28.0/Drivers/CMSIS/Include" -O0 -ffunction-sections -fdata-sections -Wall -fstack-usage -fcyclomatic-complexity -MMD -MP -MF"Src/I2C.d" -MT"Src/I2C.o" --specs=nano.specs -mfpu=fpv4-sp-d16 -mfloat-abi=hard -mthumb -o "Src/I2C.o"
../Src/I2C.c: In function 'I2C_ByteRead':
../Src/I2C.c:144:22: warning: variable 'temp' set but not used [-Wunused-but-set-variable]
  144 |         volatile int temp;
      |                      ^~~~
../Src/I2C.c: In function 'I2C1_BurstRead':
../Src/I2C.c:201:22: warning: variable 'temp' set but not used [-Wunused-but-set-variable]
  201 |         volatile int temp;
      |                      ^~~~
../Src/I2C.c: In function 'I2C1_BurstWrite':
../Src/I2C.c:282:22: warning: variable 'temp' set but not used [-Wunused-but-set-variable]
  282 |         volatile int temp;
      |                      ^~~~
arm-none-eabi-gcc -o "21_I2C.elf" @"objects.list"   -mcpu=cortex-m4 -T"D:\MCU1_Bare_Metal_Progamming_BHM\21_I2C\STM32F446RETX_FLASH.ld" --specs=nosys.specs -Wl,-Map="21_I2C.map" -Wl,--gc-sections -static --specs=nano.specs -mfpu=fpv4-sp-d16 -mfloat-abi=hard -mthumb -Wl,--start-group -lc -lm -Wl,--end-group
Finished building target: 21_I2C.elf
 
arm-none-eabi-size  21_I2C.elf 
arm-none-eabi-objdump -h -S 21_I2C.elf  > "21_I2C.list"
   text	   data	    bss	    dec	    hex	filename
   1436	      0	   1568	   3004	    bbc	21_I2C.elf
Finished building: default.size.stdout
 
Finished building: 21_I2C.list
 
22:12:43 **** Build of configuration Debug for project 21_I2C ****
make -j16 all 
arm-none-eabi-gcc "../Src/I2C.c" -mcpu=cortex-m4 -std=gnu11 -g3 -DDEBUG -DSTM32 -DSTM32F4 -DSTM32F446RETx -DNUCLEO_F446RE -DSTM32F446xx -c -I../Inc -I"D:/Softwares/Stm32/en.stm32cubef4-v1-28-0/STM32Cube_FW_F4_V1.28.0/Drivers/CMSIS/Device/ST/STM32F4xx/Include" -I"D:/Softwares/Stm32/en.stm32cubef4-v1-28-0/STM32Cube_FW_F4_V1.28.0/Drivers/CMSIS/Include" -O0 -ffunction-sections -fdata-sections -Wall -fstack-usage -fcyclomatic-complexity -MMD -MP -MF"Src/I2C.d" -MT"Src/I2C.o" --specs=nano.specs -mfpu=fpv4-sp-d16 -mfloat-abi=hard -mthumb -o "Src/I2C.o"
arm-none-eabi-gcc "../Src/SENSOR.c" -mcpu=cortex-m4 -std=gnu11 -g3 -DDEBUG -DSTM32 -DSTM32F4 -DSTM32F446RETx -DNUCLEO_F446RE -DSTM32F446xx -c -I../Inc -I"D:/Softwares/Stm32/en.stm32cubef4-v1-28-0/STM32Cube_FW_F4_V1.28.0/Drivers/CMSIS/Device/ST/STM32F4xx/Include" -I"D:/Softwares/Stm32/en.stm32cubef4-v1-28-0/STM32Cube_FW_F4_V1.28.0/Drivers/CMSIS/Include" -O0 -ffunction-sections -fdata-sections -Wall -fstack-usage -fcyclomatic-complexity -MMD -MP -MF"Src/SENSOR.d" -MT"Src/SENSOR.o" --specs=nano.specs -mfpu=fpv4-sp-d16 -mfloat-abi=hard -mthumb -o "Src/SENSOR.o"
arm-none-eabi-gcc "../Src/main.c" -mcpu=cortex-m4 -std=gnu11 -g3 -DDEBUG -DSTM32 -DSTM32F4 -DSTM32F446RETx -DNUCLEO_F446RE -DSTM32F446xx -c -I../Inc -I"D:/Softwares/Stm32/en.stm32cubef4-v1-28-0/STM32Cube_FW_F4_V1.28.0/Drivers/CMSIS/Device/ST/STM32F4xx/Include" -I"D:/Softwares/Stm32/en.stm32cubef4-v1-28-0/STM32Cube_FW_F4_V1.28.0/Drivers/CMSIS/Include" -O0 -ffunction-sections -fdata-sections -Wall -fstack-usage -fcyclomatic-complexity -MMD -MP -MF"Src/main.d" -MT"Src/main.o" --specs=nano.specs -mfpu=fpv4-sp-d16 -mfloat-abi=hard -mthumb -o "Src/main.o"
arm-none-eabi-gcc "../Src/syscalls.c" -mcpu=cortex-m4 -std=gnu11 -g3 -DDEBUG -DSTM32 -DSTM32F4 -DSTM32F446RETx -DNUCLEO_F446RE -DSTM32F446xx -c -I../Inc -I"D:/Softwares/Stm32/en.stm32cubef4-v1-28-0/STM32Cube_FW_F4_V1.28.0/Drivers/CMSIS/Device/ST/STM32F4xx/Include" -I"D:/Softwares/Stm32/en.stm32cubef4-v1-28-0/STM32Cube_FW_F4_V1.28.0/Drivers/CMSIS/Include" -O0 -ffunction-sections -fdata-sections -Wall -fstack-usage -fcyclomatic-complexity -MMD -MP -MF"Src/syscalls.d" -MT"Src/syscalls.o" --specs=nano.specs -mfpu=fpv4-sp-d16 -mfloat-abi=hard -mthumb -o "Src/syscalls.o"
arm-none-eabi-gcc "../Src/sysmem.c" -mcpu=cortex-m4 -std=gnu11 -g3 -DDEBUG -DSTM32 -DSTM32F4 -DSTM32F446RETx -DNUCLEO_F446RE -DSTM32F446xx -c -I../Inc -I"D:/Softwares/Stm32/en.stm32cubef4-v1-28-0/STM32Cube_FW_F4_V1.28.0/Drivers/CMSIS/Device/ST/STM32F4xx/Include" -I"D:/Softwares/Stm32/en.stm32cubef4-v1-28-0/STM32Cube_FW_F4_V1.28.0/Drivers/CMSIS/Include" -O0 -ffunction-sections -fdata-sections -Wall -fstack-usage -fcyclomatic-complexity -MMD -MP -MF"Src/sysmem.d" -MT"Src/sysmem.o" --specs=nano.specs -mfpu=fpv4-sp-d16 -mfloat-abi=hard -mthumb -o "Src/sysmem.o"
../Src/main.c: In function 'main':
../Src/main.c:20:5: warning: implicit declaration of function 'printf' [-Wimplicit-function-declaration]
   20 |     printf(rx_data);
      |     ^~~~~~
../Src/main.c:2:1: note: include '<stdio.h>' or provide a declaration of 'printf'
    1 | #include "I2C.h"
  +++ |+#include <stdio.h>
    2 | 
../Src/main.c:20:5: warning: incompatible implicit declaration of built-in function 'printf' [-Wbuiltin-declaration-mismatch]
   20 |     printf(rx_data);
      |     ^~~~~~
../Src/main.c:20:5: note: include '<stdio.h>' or provide a declaration of 'printf'
../Src/I2C.c: In function 'I2C_ByteRead':
../Src/I2C.c:154:22: warning: variable 'temp' set but not used [-Wunused-but-set-variable]
  154 |         volatile int temp;
      |                      ^~~~
../Src/I2C.c: In function 'I2C1_BurstRead':
../Src/I2C.c:211:22: warning: variable 'temp' set but not used [-Wunused-but-set-variable]
  211 |         volatile int temp;
      |                      ^~~~
../Src/I2C.c: In function 'I2C1_BurstWrite':
../Src/I2C.c:292:22: warning: variable 'temp' set but not used [-Wunused-but-set-variable]
  292 |         volatile int temp;
      |                      ^~~~
arm-none-eabi-gcc -o "21_I2C.elf" @"objects.list"   -mcpu=cortex-m4 -T"D:\MCU1_Bare_Metal_Progamming_BHM\21_I2C\STM32F446RETX_FLASH.ld" --specs=nosys.specs -Wl,-Map="21_I2C.map" -Wl,--gc-sections -static --specs=nano.specs -mfpu=fpv4-sp-d16 -mfloat-abi=hard -mthumb -Wl,--start-group -lc -lm -Wl,--end-group
Finished building target: 21_I2C.elf
 
arm-none-eabi-size  21_I2C.elf 
arm-none-eabi-objdump -h -S 21_I2C.elf  > "21_I2C.list"
   text	   data	    bss	    dec	    hex	filename
   5788	     92	   1900	   7780	   1e64	21_I2C.elf
Finished building: default.size.stdout
 
Finished building: 21_I2C.list
 
22:13:11 **** Incremental Build of configuration Debug for project 21_I2C ****
make -j16 all 
arm-none-eabi-size  21_I2C.elf 
   text	   data	    bss	    dec	    hex	filename
   5788	     92	   1900	   7780	   1e64	21_I2C.elf
Finished building: default.size.stdout
 
22:13:16 **** Incremental Build of configuration Debug for project 21_I2C ****
make -j16 all 
arm-none-eabi-size  21_I2C.elf 
   text	   data	    bss	    dec	    hex	filename
   5788	     92	   1900	   7780	   1e64	21_I2C.elf
Finished building: default.size.stdout
 
22:17:57 **** Incremental Build of configuration Debug for project 21_I2C ****
make -j16 all 
arm-none-eabi-size  21_I2C.elf 
   text	   data	    bss	    dec	    hex	filename
   5788	     92	   1900	   7780	   1e64	21_I2C.elf
Finished building: default.size.stdout
 
22:19:17 **** Incremental Build of configuration Debug for project 21_I2C ****
make -j16 all 
arm-none-eabi-gcc "../Src/main.c" -mcpu=cortex-m4 -std=gnu11 -g3 -DDEBUG -DSTM32 -DSTM32F4 -DSTM32F446RETx -DNUCLEO_F446RE -DSTM32F446xx -c -I../Inc -I"D:/Softwares/Stm32/en.stm32cubef4-v1-28-0/STM32Cube_FW_F4_V1.28.0/Drivers/CMSIS/Device/ST/STM32F4xx/Include" -I"D:/Softwares/Stm32/en.stm32cubef4-v1-28-0/STM32Cube_FW_F4_V1.28.0/Drivers/CMSIS/Include" -O0 -ffunction-sections -fdata-sections -Wall -fstack-usage -fcyclomatic-complexity -MMD -MP -MF"Src/main.d" -MT"Src/main.o" --specs=nano.specs -mfpu=fpv4-sp-d16 -mfloat-abi=hard -mthumb -o "Src/main.o"
arm-none-eabi-gcc -o "21_I2C.elf" @"objects.list"   -mcpu=cortex-m4 -T"D:\MCU1_Bare_Metal_Progamming_BHM\21_I2C\STM32F446RETX_FLASH.ld" --specs=nosys.specs -Wl,-Map="21_I2C.map" -Wl,--gc-sections -static --specs=nano.specs -mfpu=fpv4-sp-d16 -mfloat-abi=hard -mthumb -Wl,--start-group -lc -lm -Wl,--end-group
Finished building target: 21_I2C.elf
 
arm-none-eabi-size  21_I2C.elf 
arm-none-eabi-objdump -h -S 21_I2C.elf  > "21_I2C.list"
   text	   data	    bss	    dec	    hex	filename
   1624	      0	   1568	   3192	    c78	21_I2C.elf
Finished building: default.size.stdout
 
Finished building: 21_I2C.list
 
11:43:27 **** Build of configuration Debug for project 21_I2C ****
make -j16 all 
arm-none-eabi-gcc "../Src/I2C.c" -mcpu=cortex-m4 -std=gnu11 -g3 -DDEBUG -DSTM32 -DSTM32F4 -DSTM32F446RETx -DNUCLEO_F446RE -DSTM32F446xx -c -I../Inc -I"D:/Softwares/Stm32/en.stm32cubef4-v1-28-0/STM32Cube_FW_F4_V1.28.0/Drivers/CMSIS/Device/ST/STM32F4xx/Include" -I"D:/Softwares/Stm32/en.stm32cubef4-v1-28-0/STM32Cube_FW_F4_V1.28.0/Drivers/CMSIS/Include" -O0 -ffunction-sections -fdata-sections -Wall -fstack-usage -fcyclomatic-complexity -MMD -MP -MF"Src/I2C.d" -MT"Src/I2C.o" --specs=nano.specs -mfpu=fpv4-sp-d16 -mfloat-abi=hard -mthumb -o "Src/I2C.o"
arm-none-eabi-gcc "../Src/SENSOR.c" -mcpu=cortex-m4 -std=gnu11 -g3 -DDEBUG -DSTM32 -DSTM32F4 -DSTM32F446RETx -DNUCLEO_F446RE -DSTM32F446xx -c -I../Inc -I"D:/Softwares/Stm32/en.stm32cubef4-v1-28-0/STM32Cube_FW_F4_V1.28.0/Drivers/CMSIS/Device/ST/STM32F4xx/Include" -I"D:/Softwares/Stm32/en.stm32cubef4-v1-28-0/STM32Cube_FW_F4_V1.28.0/Drivers/CMSIS/Include" -O0 -ffunction-sections -fdata-sections -Wall -fstack-usage -fcyclomatic-complexity -MMD -MP -MF"Src/SENSOR.d" -MT"Src/SENSOR.o" --specs=nano.specs -mfpu=fpv4-sp-d16 -mfloat-abi=hard -mthumb -o "Src/SENSOR.o"
arm-none-eabi-gcc "../Src/main.c" -mcpu=cortex-m4 -std=gnu11 -g3 -DDEBUG -DSTM32 -DSTM32F4 -DSTM32F446RETx -DNUCLEO_F446RE -DSTM32F446xx -c -I../Inc -I"D:/Softwares/Stm32/en.stm32cubef4-v1-28-0/STM32Cube_FW_F4_V1.28.0/Drivers/CMSIS/Device/ST/STM32F4xx/Include" -I"D:/Softwares/Stm32/en.stm32cubef4-v1-28-0/STM32Cube_FW_F4_V1.28.0/Drivers/CMSIS/Include" -O0 -ffunction-sections -fdata-sections -Wall -fstack-usage -fcyclomatic-complexity -MMD -MP -MF"Src/main.d" -MT"Src/main.o" --specs=nano.specs -mfpu=fpv4-sp-d16 -mfloat-abi=hard -mthumb -o "Src/main.o"
../Src/I2C.c: In function 'I2C_ByteRead':
../Src/I2C.c:154:22: warning: variable 'temp' set but not used [-Wunused-but-set-variable]
  154 |         volatile int temp;
      |                      ^~~~
../Src/I2C.c: In function 'I2C1_BurstRead':
../Src/I2C.c:211:22: warning: variable 'temp' set but not used [-Wunused-but-set-variable]
  211 |         volatile int temp;
      |                      ^~~~
../Src/I2C.c: In function 'I2C1_BurstWrite':
../Src/I2C.c:292:22: warning: variable 'temp' set but not used [-Wunused-but-set-variable]
  292 |         volatile int temp;
      |                      ^~~~
arm-none-eabi-gcc -o "21_I2C.elf" @"objects.list"   -mcpu=cortex-m4 -T"D:\MCU1_Bare_Metal_Progamming_BHM\21_I2C\STM32F446RETX_FLASH.ld" --specs=nosys.specs -Wl,-Map="21_I2C.map" -Wl,--gc-sections -static --specs=nano.specs -mfpu=fpv4-sp-d16 -mfloat-abi=hard -mthumb -Wl,--start-group -lc -lm -Wl,--end-group
Finished building target: 21_I2C.elf
 
arm-none-eabi-size  21_I2C.elf 
arm-none-eabi-objdump -h -S 21_I2C.elf  > "21_I2C.list"
   text	   data	    bss	    dec	    hex	filename
   1624	      0	   1568	   3192	    c78	21_I2C.elf
Finished building: default.size.stdout
 
Finished building: 21_I2C.list
 
11:43:36 **** Build of configuration Debug for project 22_SPI ****
make -j16 all 
arm-none-eabi-gcc "../Src/I2C.c" -mcpu=cortex-m4 -std=gnu11 -g3 -DDEBUG -DSTM32 -DSTM32F4 -DSTM32F446RETx -DNUCLEO_F446RE -DSTM32F446xx -c -I../Inc -I"D:/Softwares/Stm32/en.stm32cubef4-v1-28-0/STM32Cube_FW_F4_V1.28.0/Drivers/CMSIS/Device/ST/STM32F4xx/Include" -I"D:/Softwares/Stm32/en.stm32cubef4-v1-28-0/STM32Cube_FW_F4_V1.28.0/Drivers/CMSIS/Include" -O0 -ffunction-sections -fdata-sections -Wall -fstack-usage -fcyclomatic-complexity -MMD -MP -MF"Src/I2C.d" -MT"Src/I2C.o" --specs=nano.specs -mfpu=fpv4-sp-d16 -mfloat-abi=hard -mthumb -o "Src/I2C.o"
arm-none-eabi-gcc "../Src/SENSOR.c" -mcpu=cortex-m4 -std=gnu11 -g3 -DDEBUG -DSTM32 -DSTM32F4 -DSTM32F446RETx -DNUCLEO_F446RE -DSTM32F446xx -c -I../Inc -I"D:/Softwares/Stm32/en.stm32cubef4-v1-28-0/STM32Cube_FW_F4_V1.28.0/Drivers/CMSIS/Device/ST/STM32F4xx/Include" -I"D:/Softwares/Stm32/en.stm32cubef4-v1-28-0/STM32Cube_FW_F4_V1.28.0/Drivers/CMSIS/Include" -O0 -ffunction-sections -fdata-sections -Wall -fstack-usage -fcyclomatic-complexity -MMD -MP -MF"Src/SENSOR.d" -MT"Src/SENSOR.o" --specs=nano.specs -mfpu=fpv4-sp-d16 -mfloat-abi=hard -mthumb -o "Src/SENSOR.o"
arm-none-eabi-gcc "../Src/SPI.c" -mcpu=cortex-m4 -std=gnu11 -g3 -DDEBUG -DSTM32 -DSTM32F4 -DSTM32F446RETx -DNUCLEO_F446RE -DSTM32F446xx -c -I../Inc -I"D:/Softwares/Stm32/en.stm32cubef4-v1-28-0/STM32Cube_FW_F4_V1.28.0/Drivers/CMSIS/Device/ST/STM32F4xx/Include" -I"D:/Softwares/Stm32/en.stm32cubef4-v1-28-0/STM32Cube_FW_F4_V1.28.0/Drivers/CMSIS/Include" -O0 -ffunction-sections -fdata-sections -Wall -fstack-usage -fcyclomatic-complexity -MMD -MP -MF"Src/SPI.d" -MT"Src/SPI.o" --specs=nano.specs -mfpu=fpv4-sp-d16 -mfloat-abi=hard -mthumb -o "Src/SPI.o"
arm-none-eabi-gcc "../Src/main.c" -mcpu=cortex-m4 -std=gnu11 -g3 -DDEBUG -DSTM32 -DSTM32F4 -DSTM32F446RETx -DNUCLEO_F446RE -DSTM32F446xx -c -I../Inc -I"D:/Softwares/Stm32/en.stm32cubef4-v1-28-0/STM32Cube_FW_F4_V1.28.0/Drivers/CMSIS/Device/ST/STM32F4xx/Include" -I"D:/Softwares/Stm32/en.stm32cubef4-v1-28-0/STM32Cube_FW_F4_V1.28.0/Drivers/CMSIS/Include" -O0 -ffunction-sections -fdata-sections -Wall -fstack-usage -fcyclomatic-complexity -MMD -MP -MF"Src/main.d" -MT"Src/main.o" --specs=nano.specs -mfpu=fpv4-sp-d16 -mfloat-abi=hard -mthumb -o "Src/main.o"
arm-none-eabi-gcc "../Src/syscalls.c" -mcpu=cortex-m4 -std=gnu11 -g3 -DDEBUG -DSTM32 -DSTM32F4 -DSTM32F446RETx -DNUCLEO_F446RE -DSTM32F446xx -c -I../Inc -I"D:/Softwares/Stm32/en.stm32cubef4-v1-28-0/STM32Cube_FW_F4_V1.28.0/Drivers/CMSIS/Device/ST/STM32F4xx/Include" -I"D:/Softwares/Stm32/en.stm32cubef4-v1-28-0/STM32Cube_FW_F4_V1.28.0/Drivers/CMSIS/Include" -O0 -ffunction-sections -fdata-sections -Wall -fstack-usage -fcyclomatic-complexity -MMD -MP -MF"Src/syscalls.d" -MT"Src/syscalls.o" --specs=nano.specs -mfpu=fpv4-sp-d16 -mfloat-abi=hard -mthumb -o "Src/syscalls.o"
arm-none-eabi-gcc "../Src/sysmem.c" -mcpu=cortex-m4 -std=gnu11 -g3 -DDEBUG -DSTM32 -DSTM32F4 -DSTM32F446RETx -DNUCLEO_F446RE -DSTM32F446xx -c -I../Inc -I"D:/Softwares/Stm32/en.stm32cubef4-v1-28-0/STM32Cube_FW_F4_V1.28.0/Drivers/CMSIS/Device/ST/STM32F4xx/Include" -I"D:/Softwares/Stm32/en.stm32cubef4-v1-28-0/STM32Cube_FW_F4_V1.28.0/Drivers/CMSIS/Include" -O0 -ffunction-sections -fdata-sections -Wall -fstack-usage -fcyclomatic-complexity -MMD -MP -MF"Src/sysmem.d" -MT"Src/sysmem.o" --specs=nano.specs -mfpu=fpv4-sp-d16 -mfloat-abi=hard -mthumb -o "Src/sysmem.o"
../Src/I2C.c: In function 'I2C_ByteRead':
../Src/I2C.c:154:22: warning: variable 'temp' set but not used [-Wunused-but-set-variable]
  154 |         volatile int temp;
      |                      ^~~~
../Src/I2C.c: In function 'I2C1_BurstRead':
../Src/I2C.c:211:22: warning: variable 'temp' set but not used [-Wunused-but-set-variable]
  211 |         volatile int temp;
      |                      ^~~~
../Src/I2C.c: In function 'I2C1_BurstWrite':
../Src/I2C.c:292:22: warning: variable 'temp' set but not used [-Wunused-but-set-variable]
  292 |         volatile int temp;
      |                      ^~~~
arm-none-eabi-gcc -o "22_SPI.elf" @"objects.list"   -mcpu=cortex-m4 -T"D:\MCU1_Bare_Metal_Progamming_BHM\22_SPI\STM32F446RETX_FLASH.ld" --specs=nosys.specs -Wl,-Map="22_SPI.map" -Wl,--gc-sections -static --specs=nano.specs -mfpu=fpv4-sp-d16 -mfloat-abi=hard -mthumb -Wl,--start-group -lc -lm -Wl,--end-group
Finished building target: 22_SPI.elf
 
arm-none-eabi-size  22_SPI.elf 
arm-none-eabi-objdump -h -S 22_SPI.elf  > "22_SPI.list"
   text	   data	    bss	    dec	    hex	filename
   1624	      0	   1568	   3192	    c78	22_SPI.elf
Finished building: default.size.stdout
 
Finished building: 22_SPI.list
 
12:23:40 **** Incremental Build of configuration Debug for project 21_I2C ****
make -j16 all 
arm-none-eabi-size  21_I2C.elf 
   text	   data	    bss	    dec	    hex	filename
   1624	      0	   1568	   3192	    c78	21_I2C.elf
Finished building: default.size.stdout
 
12:23:42 **** Clean-only build of configuration Debug for project 22_SPI ****
make -j16 clean 
rm -rf ./Startup/startup_stm32f446retx.d ./Startup/startup_stm32f446retx.o
rm -rf ./Src/I2C.cyclo ./Src/I2C.d ./Src/I2C.o ./Src/I2C.su ./Src/SENSOR.cyclo ./Src/SENSOR.d ./Src/SENSOR.o ./Src/SENSOR.su ./Src/SPI.cyclo ./Src/SPI.d ./Src/SPI.o ./Src/SPI.su ./Src/main.cyclo ./Src/main.d ./Src/main.o ./Src/main.su ./Src/syscalls.cyclo ./Src/syscalls.d ./Src/syscalls.o ./Src/syscalls.su ./Src/sysmem.cyclo ./Src/sysmem.d ./Src/sysmem.o ./Src/sysmem.su
rm -rf 22_SPI.elf 22_SPI.list 22_SPI.map default.size.stdout
 
12:23:44 **** Incremental Build of configuration Debug for project 22_SPI ****
make -j16 all 
arm-none-eabi-gcc -mcpu=cortex-m4 -g3 -DDEBUG -c -x assembler-with-cpp -MMD -MP -MF"Startup/startup_stm32f446retx.d" -MT"Startup/startup_stm32f446retx.o" --specs=nano.specs -mfpu=fpv4-sp-d16 -mfloat-abi=hard -mthumb -o "Startup/startup_stm32f446retx.o" "../Startup/startup_stm32f446retx.s"
arm-none-eabi-gcc "../Src/SENSOR.c" -mcpu=cortex-m4 -std=gnu11 -g3 -DDEBUG -DSTM32 -DSTM32F4 -DSTM32F446RETx -DNUCLEO_F446RE -DSTM32F446xx -c -I../Inc -I"D:/Softwares/Stm32/en.stm32cubef4-v1-28-0/STM32Cube_FW_F4_V1.28.0/Drivers/CMSIS/Device/ST/STM32F4xx/Include" -I"D:/Softwares/Stm32/en.stm32cubef4-v1-28-0/STM32Cube_FW_F4_V1.28.0/Drivers/CMSIS/Include" -O0 -ffunction-sections -fdata-sections -Wall -fstack-usage -fcyclomatic-complexity -MMD -MP -MF"Src/SENSOR.d" -MT"Src/SENSOR.o" --specs=nano.specs -mfpu=fpv4-sp-d16 -mfloat-abi=hard -mthumb -o "Src/SENSOR.o"
arm-none-eabi-gcc "../Src/SPI.c" -mcpu=cortex-m4 -std=gnu11 -g3 -DDEBUG -DSTM32 -DSTM32F4 -DSTM32F446RETx -DNUCLEO_F446RE -DSTM32F446xx -c -I../Inc -I"D:/Softwares/Stm32/en.stm32cubef4-v1-28-0/STM32Cube_FW_F4_V1.28.0/Drivers/CMSIS/Device/ST/STM32F4xx/Include" -I"D:/Softwares/Stm32/en.stm32cubef4-v1-28-0/STM32Cube_FW_F4_V1.28.0/Drivers/CMSIS/Include" -O0 -ffunction-sections -fdata-sections -Wall -fstack-usage -fcyclomatic-complexity -MMD -MP -MF"Src/SPI.d" -MT"Src/SPI.o" --specs=nano.specs -mfpu=fpv4-sp-d16 -mfloat-abi=hard -mthumb -o "Src/SPI.o"
arm-none-eabi-gcc "../Src/main.c" -mcpu=cortex-m4 -std=gnu11 -g3 -DDEBUG -DSTM32 -DSTM32F4 -DSTM32F446RETx -DNUCLEO_F446RE -DSTM32F446xx -c -I../Inc -I"D:/Softwares/Stm32/en.stm32cubef4-v1-28-0/STM32Cube_FW_F4_V1.28.0/Drivers/CMSIS/Device/ST/STM32F4xx/Include" -I"D:/Softwares/Stm32/en.stm32cubef4-v1-28-0/STM32Cube_FW_F4_V1.28.0/Drivers/CMSIS/Include" -O0 -ffunction-sections -fdata-sections -Wall -fstack-usage -fcyclomatic-complexity -MMD -MP -MF"Src/main.d" -MT"Src/main.o" --specs=nano.specs -mfpu=fpv4-sp-d16 -mfloat-abi=hard -mthumb -o "Src/main.o"
arm-none-eabi-gcc "../Src/syscalls.c" -mcpu=cortex-m4 -std=gnu11 -g3 -DDEBUG -DSTM32 -DSTM32F4 -DSTM32F446RETx -DNUCLEO_F446RE -DSTM32F446xx -c -I../Inc -I"D:/Softwares/Stm32/en.stm32cubef4-v1-28-0/STM32Cube_FW_F4_V1.28.0/Drivers/CMSIS/Device/ST/STM32F4xx/Include" -I"D:/Softwares/Stm32/en.stm32cubef4-v1-28-0/STM32Cube_FW_F4_V1.28.0/Drivers/CMSIS/Include" -O0 -ffunction-sections -fdata-sections -Wall -fstack-usage -fcyclomatic-complexity -MMD -MP -MF"Src/syscalls.d" -MT"Src/syscalls.o" --specs=nano.specs -mfpu=fpv4-sp-d16 -mfloat-abi=hard -mthumb -o "Src/syscalls.o"
arm-none-eabi-gcc "../Src/sysmem.c" -mcpu=cortex-m4 -std=gnu11 -g3 -DDEBUG -DSTM32 -DSTM32F4 -DSTM32F446RETx -DNUCLEO_F446RE -DSTM32F446xx -c -I../Inc -I"D:/Softwares/Stm32/en.stm32cubef4-v1-28-0/STM32Cube_FW_F4_V1.28.0/Drivers/CMSIS/Device/ST/STM32F4xx/Include" -I"D:/Softwares/Stm32/en.stm32cubef4-v1-28-0/STM32Cube_FW_F4_V1.28.0/Drivers/CMSIS/Include" -O0 -ffunction-sections -fdata-sections -Wall -fstack-usage -fcyclomatic-complexity -MMD -MP -MF"Src/sysmem.d" -MT"Src/sysmem.o" --specs=nano.specs -mfpu=fpv4-sp-d16 -mfloat-abi=hard -mthumb -o "Src/sysmem.o"
arm-none-eabi-gcc -o "22_SPI.elf" @"objects.list"   -mcpu=cortex-m4 -T"D:\MCU1_Bare_Metal_Progamming_BHM\22_SPI\STM32F446RETX_FLASH.ld" --specs=nosys.specs -Wl,-Map="22_SPI.map" -Wl,--gc-sections -static --specs=nano.specs -mfpu=fpv4-sp-d16 -mfloat-abi=hard -mthumb -Wl,--start-group -lc -lm -Wl,--end-group
C:/ST/STM32CubeIDE_1.18.1/STM32CubeIDE/plugins/com.st.stm32cube.ide.mcu.externaltools.gnu-tools-for-stm32.13.3.rel1.win32_1.0.0.202411081344/tools/bin/../lib/gcc/arm-none-eabi/13.3.1/../../../../arm-none-eabi/bin/ld.exe: ./Startup/startup_stm32f446retx.o: in function `Reset_Handler':
D:/MCU1_Bare_Metal_Progamming_BHM/22_SPI/Debug/../Startup/startup_stm32f446retx.s:99:(.text.Reset_Handler+0x32): undefined reference to `main'
collect2.exe: error: ld returned 1 exit status
make: *** [makefile:63: 22_SPI.elf] Error 1
"make -j16 all" terminated with exit code 2. Build might be incomplete.
19:03:13 **** Build of configuration Debug for project 00_Led_Toggle_Addr ****
make -j16 all 
arm-none-eabi-size  00_Led_Toggle_Addr.elf 
   text	   data	    bss	    dec	    hex	filename
    772	      0	   1568	   2340	    924	00_Led_Toggle_Addr.elf
Finished building: default.size.stdout
 
19:03:15 **** Incremental Build of configuration Debug for project 22_SPI ****
make -j16 all 
arm-none-eabi-gcc -mcpu=cortex-m4 -g3 -DDEBUG -c -x assembler-with-cpp -MMD -MP -MF"Startup/startup_stm32f446retx.d" -MT"Startup/startup_stm32f446retx.o" --specs=nano.specs -mfpu=fpv4-sp-d16 -mfloat-abi=hard -mthumb -o "Startup/startup_stm32f446retx.o" "../Startup/startup_stm32f446retx.s"
arm-none-eabi-gcc "../Src/SENSOR.c" -mcpu=cortex-m4 -std=gnu11 -g3 -DDEBUG -DSTM32 -DSTM32F4 -DSTM32F446RETx -DNUCLEO_F446RE -DSTM32F446xx -c -I../Inc -I"D:/Softwares/Stm32/en.stm32cubef4-v1-28-0/STM32Cube_FW_F4_V1.28.0/Drivers/CMSIS/Device/ST/STM32F4xx/Include" -I"D:/Softwares/Stm32/en.stm32cubef4-v1-28-0/STM32Cube_FW_F4_V1.28.0/Drivers/CMSIS/Include" -O0 -ffunction-sections -fdata-sections -Wall -fstack-usage -fcyclomatic-complexity -MMD -MP -MF"Src/SENSOR.d" -MT"Src/SENSOR.o" --specs=nano.specs -mfpu=fpv4-sp-d16 -mfloat-abi=hard -mthumb -o "Src/SENSOR.o"
arm-none-eabi-gcc "../Src/SPI.c" -mcpu=cortex-m4 -std=gnu11 -g3 -DDEBUG -DSTM32 -DSTM32F4 -DSTM32F446RETx -DNUCLEO_F446RE -DSTM32F446xx -c -I../Inc -I"D:/Softwares/Stm32/en.stm32cubef4-v1-28-0/STM32Cube_FW_F4_V1.28.0/Drivers/CMSIS/Device/ST/STM32F4xx/Include" -I"D:/Softwares/Stm32/en.stm32cubef4-v1-28-0/STM32Cube_FW_F4_V1.28.0/Drivers/CMSIS/Include" -O0 -ffunction-sections -fdata-sections -Wall -fstack-usage -fcyclomatic-complexity -MMD -MP -MF"Src/SPI.d" -MT"Src/SPI.o" --specs=nano.specs -mfpu=fpv4-sp-d16 -mfloat-abi=hard -mthumb -o "Src/SPI.o"
arm-none-eabi-gcc "../Src/main.c" -mcpu=cortex-m4 -std=gnu11 -g3 -DDEBUG -DSTM32 -DSTM32F4 -DSTM32F446RETx -DNUCLEO_F446RE -DSTM32F446xx -c -I../Inc -I"D:/Softwares/Stm32/en.stm32cubef4-v1-28-0/STM32Cube_FW_F4_V1.28.0/Drivers/CMSIS/Device/ST/STM32F4xx/Include" -I"D:/Softwares/Stm32/en.stm32cubef4-v1-28-0/STM32Cube_FW_F4_V1.28.0/Drivers/CMSIS/Include" -O0 -ffunction-sections -fdata-sections -Wall -fstack-usage -fcyclomatic-complexity -MMD -MP -MF"Src/main.d" -MT"Src/main.o" --specs=nano.specs -mfpu=fpv4-sp-d16 -mfloat-abi=hard -mthumb -o "Src/main.o"
arm-none-eabi-gcc "../Src/syscalls.c" -mcpu=cortex-m4 -std=gnu11 -g3 -DDEBUG -DSTM32 -DSTM32F4 -DSTM32F446RETx -DNUCLEO_F446RE -DSTM32F446xx -c -I../Inc -I"D:/Softwares/Stm32/en.stm32cubef4-v1-28-0/STM32Cube_FW_F4_V1.28.0/Drivers/CMSIS/Device/ST/STM32F4xx/Include" -I"D:/Softwares/Stm32/en.stm32cubef4-v1-28-0/STM32Cube_FW_F4_V1.28.0/Drivers/CMSIS/Include" -O0 -ffunction-sections -fdata-sections -Wall -fstack-usage -fcyclomatic-complexity -MMD -MP -MF"Src/syscalls.d" -MT"Src/syscalls.o" --specs=nano.specs -mfpu=fpv4-sp-d16 -mfloat-abi=hard -mthumb -o "Src/syscalls.o"
arm-none-eabi-gcc "../Src/sysmem.c" -mcpu=cortex-m4 -std=gnu11 -g3 -DDEBUG -DSTM32 -DSTM32F4 -DSTM32F446RETx -DNUCLEO_F446RE -DSTM32F446xx -c -I../Inc -I"D:/Softwares/Stm32/en.stm32cubef4-v1-28-0/STM32Cube_FW_F4_V1.28.0/Drivers/CMSIS/Device/ST/STM32F4xx/Include" -I"D:/Softwares/Stm32/en.stm32cubef4-v1-28-0/STM32Cube_FW_F4_V1.28.0/Drivers/CMSIS/Include" -O0 -ffunction-sections -fdata-sections -Wall -fstack-usage -fcyclomatic-complexity -MMD -MP -MF"Src/sysmem.d" -MT"Src/sysmem.o" --specs=nano.specs -mfpu=fpv4-sp-d16 -mfloat-abi=hard -mthumb -o "Src/sysmem.o"
arm-none-eabi-gcc -o "22_SPI.elf" @"objects.list"   -mcpu=cortex-m4 -T"D:\MCU1_Bare_Metal_Progamming_BHM\22_SPI\STM32F446RETX_FLASH.ld" --specs=nosys.specs -Wl,-Map="22_SPI.map" -Wl,--gc-sections -static --specs=nano.specs -mfpu=fpv4-sp-d16 -mfloat-abi=hard -mthumb -Wl,--start-group -lc -lm -Wl,--end-group
Finished building target: 22_SPI.elf
 
arm-none-eabi-size  22_SPI.elf 
arm-none-eabi-objdump -h -S 22_SPI.elf  > "22_SPI.list"
   text	   data	    bss	    dec	    hex	filename
    720	      0	   1568	   2288	    8f0	22_SPI.elf
Finished building: default.size.stdout
 
Finished building: 22_SPI.list
 
