12:55:18 **** Build of configuration Debug for project 20_Uart_Tx_DMA ****
make -j16 all 
arm-none-eabi-size  20_Uart_Tx_DMA.elf 
   text	   data	    bss	    dec	    hex	filename
   1436	      0	   1568	   3004	    bbc	20_Uart_Tx_DMA.elf
Finished building: default.size.stdout
 
12:56:51 **** Incremental Build of configuration Debug for project 20_Uart_Tx_DMA ****
make -j16 all 
arm-none-eabi-size  20_Uart_Tx_DMA.elf 
   text	   data	    bss	    dec	    hex	filename
   1436	      0	   1568	   3004	    bbc	20_Uart_Tx_DMA.elf
Finished building: default.size.stdout
 
13:00:35 **** Incremental Build of configuration Debug for project 07_UART_Modular ****
make -j16 all 
arm-none-eabi-size  07_UART_Modular.elf 
   text	   data	    bss	    dec	    hex	filename
   5228	     92	   1900	   7220	   1c34	07_UART_Modular.elf
Finished building: default.size.stdout
 
