12:38:01 **** Clean-only build of configuration Debug for project 18_SysTick_Interrupt ****
make -j16 clean 
rm -rf ./Startup/startup_stm32f446retx.d ./Startup/startup_stm32f446retx.o
rm -rf ./Src/adc.cyclo ./Src/adc.d ./Src/adc.o ./Src/adc.su ./Src/main.cyclo ./Src/main.d ./Src/main.o ./Src/main.su ./Src/sys_tick.cyclo ./Src/sys_tick.d ./Src/sys_tick.o ./Src/sys_tick.su ./Src/syscalls.cyclo ./Src/syscalls.d ./Src/syscalls.o ./Src/syscalls.su ./Src/sysmem.cyclo ./Src/sysmem.d ./Src/sysmem.o ./Src/sysmem.su ./Src/uart.cyclo ./Src/uart.d ./Src/uart.o ./Src/uart.su
rm -rf 18_SysTick_Interrupt.elf 18_SysTick_Interrupt.list 18_SysTick_Interrupt.map default.size.stdout
rm: can't remove '18_SysTick_Interrupt.elf': Permission denied
make: [makefile:79: clean] Error 1 (ignored)
 
12:38:06 **** Build of configuration Debug for project 18_SysTick_Interrupt ****
make -j16 all 
arm-none-eabi-gcc -mcpu=cortex-m4 -g3 -DDEBUG -c -x assembler-with-cpp -MMD -MP -MF"Startup/startup_stm32f446retx.d" -MT"Startup/startup_stm32f446retx.o" --specs=nano.specs -mfpu=fpv4-sp-d16 -mfloat-abi=hard -mthumb -o "Startup/startup_stm32f446retx.o" "../Startup/startup_stm32f446retx.s"
arm-none-eabi-gcc "../Src/adc.c" -mcpu=cortex-m4 -std=gnu11 -g3 -DDEBUG -DSTM32 -DSTM32F4 -DSTM32F446RETx -DNUCLEO_F446RE -DSTM32F446xx -c -I../Inc -I"D:/Softwares/Stm32/en.stm32cubef4-v1-28-0/STM32Cube_FW_F4_V1.28.0/Drivers/CMSIS/Device/ST/STM32F4xx/Include" -I"D:/Softwares/Stm32/en.stm32cubef4-v1-28-0/STM32Cube_FW_F4_V1.28.0/Drivers/CMSIS/Include" -O0 -ffunction-sections -fdata-sections -Wall -fstack-usage -fcyclomatic-complexity -MMD -MP -MF"Src/adc.d" -MT"Src/adc.o" --specs=nano.specs -mfpu=fpv4-sp-d16 -mfloat-abi=hard -mthumb -o "Src/adc.o"
arm-none-eabi-gcc "../Src/main.c" -mcpu=cortex-m4 -std=gnu11 -g3 -DDEBUG -DSTM32 -DSTM32F4 -DSTM32F446RETx -DNUCLEO_F446RE -DSTM32F446xx -c -I../Inc -I"D:/Softwares/Stm32/en.stm32cubef4-v1-28-0/STM32Cube_FW_F4_V1.28.0/Drivers/CMSIS/Device/ST/STM32F4xx/Include" -I"D:/Softwares/Stm32/en.stm32cubef4-v1-28-0/STM32Cube_FW_F4_V1.28.0/Drivers/CMSIS/Include" -O0 -ffunction-sections -fdata-sections -Wall -fstack-usage -fcyclomatic-complexity -MMD -MP -MF"Src/main.d" -MT"Src/main.o" --specs=nano.specs -mfpu=fpv4-sp-d16 -mfloat-abi=hard -mthumb -o "Src/main.o"
arm-none-eabi-gcc "../Src/sys_tick.c" -mcpu=cortex-m4 -std=gnu11 -g3 -DDEBUG -DSTM32 -DSTM32F4 -DSTM32F446RETx -DNUCLEO_F446RE -DSTM32F446xx -c -I../Inc -I"D:/Softwares/Stm32/en.stm32cubef4-v1-28-0/STM32Cube_FW_F4_V1.28.0/Drivers/CMSIS/Device/ST/STM32F4xx/Include" -I"D:/Softwares/Stm32/en.stm32cubef4-v1-28-0/STM32Cube_FW_F4_V1.28.0/Drivers/CMSIS/Include" -O0 -ffunction-sections -fdata-sections -Wall -fstack-usage -fcyclomatic-complexity -MMD -MP -MF"Src/sys_tick.d" -MT"Src/sys_tick.o" --specs=nano.specs -mfpu=fpv4-sp-d16 -mfloat-abi=hard -mthumb -o "Src/sys_tick.o"
arm-none-eabi-gcc "../Src/syscalls.c" -mcpu=cortex-m4 -std=gnu11 -g3 -DDEBUG -DSTM32 -DSTM32F4 -DSTM32F446RETx -DNUCLEO_F446RE -DSTM32F446xx -c -I../Inc -I"D:/Softwares/Stm32/en.stm32cubef4-v1-28-0/STM32Cube_FW_F4_V1.28.0/Drivers/CMSIS/Device/ST/STM32F4xx/Include" -I"D:/Softwares/Stm32/en.stm32cubef4-v1-28-0/STM32Cube_FW_F4_V1.28.0/Drivers/CMSIS/Include" -O0 -ffunction-sections -fdata-sections -Wall -fstack-usage -fcyclomatic-complexity -MMD -MP -MF"Src/syscalls.d" -MT"Src/syscalls.o" --specs=nano.specs -mfpu=fpv4-sp-d16 -mfloat-abi=hard -mthumb -o "Src/syscalls.o"
arm-none-eabi-gcc "../Src/sysmem.c" -mcpu=cortex-m4 -std=gnu11 -g3 -DDEBUG -DSTM32 -DSTM32F4 -DSTM32F446RETx -DNUCLEO_F446RE -DSTM32F446xx -c -I../Inc -I"D:/Softwares/Stm32/en.stm32cubef4-v1-28-0/STM32Cube_FW_F4_V1.28.0/Drivers/CMSIS/Device/ST/STM32F4xx/Include" -I"D:/Softwares/Stm32/en.stm32cubef4-v1-28-0/STM32Cube_FW_F4_V1.28.0/Drivers/CMSIS/Include" -O0 -ffunction-sections -fdata-sections -Wall -fstack-usage -fcyclomatic-complexity -MMD -MP -MF"Src/sysmem.d" -MT"Src/sysmem.o" --specs=nano.specs -mfpu=fpv4-sp-d16 -mfloat-abi=hard -mthumb -o "Src/sysmem.o"
arm-none-eabi-gcc "../Src/uart.c" -mcpu=cortex-m4 -std=gnu11 -g3 -DDEBUG -DSTM32 -DSTM32F4 -DSTM32F446RETx -DNUCLEO_F446RE -DSTM32F446xx -c -I../Inc -I"D:/Softwares/Stm32/en.stm32cubef4-v1-28-0/STM32Cube_FW_F4_V1.28.0/Drivers/CMSIS/Device/ST/STM32F4xx/Include" -I"D:/Softwares/Stm32/en.stm32cubef4-v1-28-0/STM32Cube_FW_F4_V1.28.0/Drivers/CMSIS/Include" -O0 -ffunction-sections -fdata-sections -Wall -fstack-usage -fcyclomatic-complexity -MMD -MP -MF"Src/uart.d" -MT"Src/uart.o" --specs=nano.specs -mfpu=fpv4-sp-d16 -mfloat-abi=hard -mthumb -o "Src/uart.o"
arm-none-eabi-gcc -o "18_SysTick_Interrupt.elf" @"objects.list"   -mcpu=cortex-m4 -T"D:\MCU1_Bare_Metal_Progamming_BHM\18_SysTick_Interrupt\STM32F446RETX_FLASH.ld" --specs=nosys.specs -Wl,-Map="18_SysTick_Interrupt.map" -Wl,--gc-sections -static --specs=nano.specs -mfpu=fpv4-sp-d16 -mfloat-abi=hard -mthumb -u _printf_float -Wl,--start-group -lc -lm -Wl,--end-group
Finished building target: 18_SysTick_Interrupt.elf
 
arm-none-eabi-size  18_SysTick_Interrupt.elf 
arm-none-eabi-objdump -h -S 18_SysTick_Interrupt.elf  > "18_SysTick_Interrupt.list"
   text	   data	    bss	    dec	    hex	filename
  15572	    456	   1904	  17932	   460c	18_SysTick_Interrupt.elf
Finished building: default.size.stdout
 
Finished building: 18_SysTick_Interrupt.list
 
12:38:36 **** Incremental Build of configuration Debug for project 18_SysTick_Interrupt ****
make -j16 all 
arm-none-eabi-size  18_SysTick_Interrupt.elf 
   text	   data	    bss	    dec	    hex	filename
  15572	    456	   1904	  17932	   460c	18_SysTick_Interrupt.elf
Finished building: default.size.stdout
 
12:41:10 **** Clean-only build of configuration Debug for project 18_SysTick_Interrupt ****
make -j16 clean 
rm -rf ./Startup/startup_stm32f446retx.d ./Startup/startup_stm32f446retx.o
rm -rf ./Src/adc.cyclo ./Src/adc.d ./Src/adc.o ./Src/adc.su ./Src/main.cyclo ./Src/main.d ./Src/main.o ./Src/main.su ./Src/sys_tick.cyclo ./Src/sys_tick.d ./Src/sys_tick.o ./Src/sys_tick.su ./Src/syscalls.cyclo ./Src/syscalls.d ./Src/syscalls.o ./Src/syscalls.su ./Src/sysmem.cyclo ./Src/sysmem.d ./Src/sysmem.o ./Src/sysmem.su ./Src/uart.cyclo ./Src/uart.d ./Src/uart.o ./Src/uart.su
rm -rf 18_SysTick_Interrupt.elf 18_SysTick_Interrupt.list 18_SysTick_Interrupt.map default.size.stdout
rm: can't remove '18_SysTick_Interrupt.elf': Permission denied
make: [makefile:79: clean] Error 1 (ignored)
 
12:41:10 **** Incremental Build of configuration Debug for project 18_SysTick_Interrupt ****
make -j16 all 
arm-none-eabi-gcc -mcpu=cortex-m4 -g3 -DDEBUG -c -x assembler-with-cpp -MMD -MP -MF"Startup/startup_stm32f446retx.d" -MT"Startup/startup_stm32f446retx.o" --specs=nano.specs -mfpu=fpv4-sp-d16 -mfloat-abi=hard -mthumb -o "Startup/startup_stm32f446retx.o" "../Startup/startup_stm32f446retx.s"
arm-none-eabi-gcc "../Src/main.c" -mcpu=cortex-m4 -std=gnu11 -g3 -DDEBUG -DSTM32 -DSTM32F4 -DSTM32F446RETx -DNUCLEO_F446RE -DSTM32F446xx -c -I../Inc -I"D:/Softwares/Stm32/en.stm32cubef4-v1-28-0/STM32Cube_FW_F4_V1.28.0/Drivers/CMSIS/Device/ST/STM32F4xx/Include" -I"D:/Softwares/Stm32/en.stm32cubef4-v1-28-0/STM32Cube_FW_F4_V1.28.0/Drivers/CMSIS/Include" -O0 -ffunction-sections -fdata-sections -Wall -fstack-usage -fcyclomatic-complexity -MMD -MP -MF"Src/main.d" -MT"Src/main.o" --specs=nano.specs -mfpu=fpv4-sp-d16 -mfloat-abi=hard -mthumb -o "Src/main.o"
arm-none-eabi-gcc "../Src/sys_tick.c" -mcpu=cortex-m4 -std=gnu11 -g3 -DDEBUG -DSTM32 -DSTM32F4 -DSTM32F446RETx -DNUCLEO_F446RE -DSTM32F446xx -c -I../Inc -I"D:/Softwares/Stm32/en.stm32cubef4-v1-28-0/STM32Cube_FW_F4_V1.28.0/Drivers/CMSIS/Device/ST/STM32F4xx/Include" -I"D:/Softwares/Stm32/en.stm32cubef4-v1-28-0/STM32Cube_FW_F4_V1.28.0/Drivers/CMSIS/Include" -O0 -ffunction-sections -fdata-sections -Wall -fstack-usage -fcyclomatic-complexity -MMD -MP -MF"Src/sys_tick.d" -MT"Src/sys_tick.o" --specs=nano.specs -mfpu=fpv4-sp-d16 -mfloat-abi=hard -mthumb -o "Src/sys_tick.o"
arm-none-eabi-gcc "../Src/syscalls.c" -mcpu=cortex-m4 -std=gnu11 -g3 -DDEBUG -DSTM32 -DSTM32F4 -DSTM32F446RETx -DNUCLEO_F446RE -DSTM32F446xx -c -I../Inc -I"D:/Softwares/Stm32/en.stm32cubef4-v1-28-0/STM32Cube_FW_F4_V1.28.0/Drivers/CMSIS/Device/ST/STM32F4xx/Include" -I"D:/Softwares/Stm32/en.stm32cubef4-v1-28-0/STM32Cube_FW_F4_V1.28.0/Drivers/CMSIS/Include" -O0 -ffunction-sections -fdata-sections -Wall -fstack-usage -fcyclomatic-complexity -MMD -MP -MF"Src/syscalls.d" -MT"Src/syscalls.o" --specs=nano.specs -mfpu=fpv4-sp-d16 -mfloat-abi=hard -mthumb -o "Src/syscalls.o"
arm-none-eabi-gcc "../Src/sysmem.c" -mcpu=cortex-m4 -std=gnu11 -g3 -DDEBUG -DSTM32 -DSTM32F4 -DSTM32F446RETx -DNUCLEO_F446RE -DSTM32F446xx -c -I../Inc -I"D:/Softwares/Stm32/en.stm32cubef4-v1-28-0/STM32Cube_FW_F4_V1.28.0/Drivers/CMSIS/Device/ST/STM32F4xx/Include" -I"D:/Softwares/Stm32/en.stm32cubef4-v1-28-0/STM32Cube_FW_F4_V1.28.0/Drivers/CMSIS/Include" -O0 -ffunction-sections -fdata-sections -Wall -fstack-usage -fcyclomatic-complexity -MMD -MP -MF"Src/sysmem.d" -MT"Src/sysmem.o" --specs=nano.specs -mfpu=fpv4-sp-d16 -mfloat-abi=hard -mthumb -o "Src/sysmem.o"
arm-none-eabi-gcc "../Src/uart.c" -mcpu=cortex-m4 -std=gnu11 -g3 -DDEBUG -DSTM32 -DSTM32F4 -DSTM32F446RETx -DNUCLEO_F446RE -DSTM32F446xx -c -I../Inc -I"D:/Softwares/Stm32/en.stm32cubef4-v1-28-0/STM32Cube_FW_F4_V1.28.0/Drivers/CMSIS/Device/ST/STM32F4xx/Include" -I"D:/Softwares/Stm32/en.stm32cubef4-v1-28-0/STM32Cube_FW_F4_V1.28.0/Drivers/CMSIS/Include" -O0 -ffunction-sections -fdata-sections -Wall -fstack-usage -fcyclomatic-complexity -MMD -MP -MF"Src/uart.d" -MT"Src/uart.o" --specs=nano.specs -mfpu=fpv4-sp-d16 -mfloat-abi=hard -mthumb -o "Src/uart.o"
arm-none-eabi-gcc -o "18_SysTick_Interrupt.elf" @"objects.list"   -mcpu=cortex-m4 -T"D:\MCU1_Bare_Metal_Progamming_BHM\18_SysTick_Interrupt\STM32F446RETX_FLASH.ld" --specs=nosys.specs -Wl,-Map="18_SysTick_Interrupt.map" -Wl,--gc-sections -static --specs=nano.specs -mfpu=fpv4-sp-d16 -mfloat-abi=hard -mthumb -u _printf_float -Wl,--start-group -lc -lm -Wl,--end-group
Finished building target: 18_SysTick_Interrupt.elf
 
arm-none-eabi-size  18_SysTick_Interrupt.elf 
arm-none-eabi-objdump -h -S 18_SysTick_Interrupt.elf  > "18_SysTick_Interrupt.list"
   text	   data	    bss	    dec	    hex	filename
  15468	    456	   1904	  17828	   45a4	18_SysTick_Interrupt.elf
Finished building: default.size.stdout
 
Finished building: 18_SysTick_Interrupt.list
 
