22:55:34 **** Clean-only build of configuration Debug for project 01_QEMU_Blinky_Empty_Project_Test ****
make -j16 clean 
rm -rf ./Startup/startup_stm32f407vgtx.d ./Startup/startup_stm32f407vgtx.o
rm -rf ./Src/main.cyclo ./Src/main.d ./Src/main.o ./Src/main.su ./Src/syscalls.cyclo ./Src/syscalls.d ./Src/syscalls.o ./Src/syscalls.su ./Src/sysmem.cyclo ./Src/sysmem.d ./Src/sysmem.o ./Src/sysmem.su
rm -rf 01_QEMU_Blinky_Empty_Project_Test.elf 01_QEMU_Blinky_Empty_Project_Test.list 01_QEMU_Blinky_Empty_Project_Test.map default.size.stdout
 
22:56:24 **** Build of configuration Debug for project 01_QEMU_Blinky_Empty_Project_Test ****
make -j16 all 
arm-none-eabi-gcc -mcpu=cortex-m4 -g3 -DDEBUG -c -x assembler-with-cpp -MMD -MP -MF"Startup/startup_stm32f407vgtx.d" -MT"Startup/startup_stm32f407vgtx.o" --specs=nano.specs -mfloat-abi=soft -mthumb -o "Startup/startup_stm32f407vgtx.o" "../Startup/startup_stm32f407vgtx.s"
arm-none-eabi-gcc "../Src/main.c" -mcpu=cortex-m4 -std=gnu11 -g3 -DDEBUG -DSTM32 -DSTM32F4 -DSTM32F407VGTx -c -I../Inc -O0 -ffunction-sections -fdata-sections -Wall -fstack-usage -fcyclomatic-complexity -MMD -MP -MF"Src/main.d" -MT"Src/main.o" --specs=nano.specs -mfloat-abi=soft -mthumb -o "Src/main.o"
arm-none-eabi-gcc "../Src/syscalls.c" -mcpu=cortex-m4 -std=gnu11 -g3 -DDEBUG -DSTM32 -DSTM32F4 -DSTM32F407VGTx -c -I../Inc -O0 -ffunction-sections -fdata-sections -Wall -fstack-usage -fcyclomatic-complexity -MMD -MP -MF"Src/syscalls.d" -MT"Src/syscalls.o" --specs=nano.specs -mfloat-abi=soft -mthumb -o "Src/syscalls.o"
arm-none-eabi-gcc "../Src/sysmem.c" -mcpu=cortex-m4 -std=gnu11 -g3 -DDEBUG -DSTM32 -DSTM32F4 -DSTM32F407VGTx -c -I../Inc -O0 -ffunction-sections -fdata-sections -Wall -fstack-usage -fcyclomatic-complexity -MMD -MP -MF"Src/sysmem.d" -MT"Src/sysmem.o" --specs=nano.specs -mfloat-abi=soft -mthumb -o "Src/sysmem.o"
arm-none-eabi-gcc -o "01_QEMU_Blinky_Empty_Project_Test.elf" @"objects.list"   -mcpu=cortex-m4 -T"D:\HAL_EMULATOR\01_QEMU_Blinky_Empty_Project_Test\STM32F407VGTX_FLASH.ld" --specs=nosys.specs -Wl,-Map="01_QEMU_Blinky_Empty_Project_Test.map" -Wl,--gc-sections -static --specs=nano.specs -mfloat-abi=soft -mthumb -Wl,--start-group -lc -lm -Wl,--end-group
Finished building target: 01_QEMU_Blinky_Empty_Project_Test.elf
 
arm-none-eabi-size  01_QEMU_Blinky_Empty_Project_Test.elf 
arm-none-eabi-objdump -h -S 01_QEMU_Blinky_Empty_Project_Test.elf  > "01_QEMU_Blinky_Empty_Project_Test.list"
   text	   data	    bss	    dec	    hex	filename
    676	      0	   1568	   2244	    8c4	01_QEMU_Blinky_Empty_Project_Test.elf
Finished building: default.size.stdout
 
Finished building: 01_QEMU_Blinky_Empty_Project_Test.list
 
22:57:37 **** Incremental Build of configuration Debug for project 01_QEMU_Blinky_Empty_Project_Test ****
make -j16 all 
arm-none-eabi-size  01_QEMU_Blinky_Empty_Project_Test.elf 
   text	   data	    bss	    dec	    hex	filename
    676	      0	   1568	   2244	    8c4	01_QEMU_Blinky_Empty_Project_Test.elf
Finished building: default.size.stdout
 
22:58:06 **** Incremental Build of configuration Debug for project 01_QEMU_Blinky_Empty_Project_Test ****
make -j16 all 
arm-none-eabi-size  01_QEMU_Blinky_Empty_Project_Test.elf 
   text	   data	    bss	    dec	    hex	filename
    676	      0	   1568	   2244	    8c4	01_QEMU_Blinky_Empty_Project_Test.elf
Finished building: default.size.stdout
 
22:58:29 **** Incremental Build of configuration Debug for project 01_QEMU_Blinky_Empty_Project_Test ****
make -j16 all 
arm-none-eabi-size  01_QEMU_Blinky_Empty_Project_Test.elf 
   text	   data	    bss	    dec	    hex	filename
    676	      0	   1568	   2244	    8c4	01_QEMU_Blinky_Empty_Project_Test.elf
Finished building: default.size.stdout
 
22:59:03 **** Incremental Build of configuration Debug for project 01_QEMU_Blinky_Empty_Project_Test ****
make -j16 all 
arm-none-eabi-size  01_QEMU_Blinky_Empty_Project_Test.elf 
   text	   data	    bss	    dec	    hex	filename
    676	      0	   1568	   2244	    8c4	01_QEMU_Blinky_Empty_Project_Test.elf
Finished building: default.size.stdout
 
23:00:08 **** Incremental Build of configuration Debug for project 01_QEMU_Blinky_Empty_Project_Test ****
make -j16 all 
arm-none-eabi-size  01_QEMU_Blinky_Empty_Project_Test.elf 
   text	   data	    bss	    dec	    hex	filename
    676	      0	   1568	   2244	    8c4	01_QEMU_Blinky_Empty_Project_Test.elf
Finished building: default.size.stdout
 
01:04:30 **** Build of configuration Debug for project 01_Cube_Cmake_Blinky ****
cmake --build Debug 
[1/5] Building ASM object CMakeFiles/01_Cube_Cmake_Blinky.dir/Startup/startup_stm32f446retx.s.obj
[2/5] Building C object CMakeFiles/01_Cube_Cmake_Blinky.dir/Sources/main.c.obj
[3/5] Building C object CMakeFiles/01_Cube_Cmake_Blinky.dir/Sources/sysmem.c.obj
[4/5] Building C object CMakeFiles/01_Cube_Cmake_Blinky.dir/Sources/syscalls.c.obj
[5/5] Linking C executable 01_Cube_Cmake_Blinky.elf
   text	   data	    bss	    dec	    hex	filename
    796	      0	   1568	   2364	    93c	D:/STM32_VS_Code/01_Cube_Cmake_Blinky/Debug/01_Cube_Cmake_Blinky.elf
01:04:32 **** Incremental Build of configuration Debug for project 01_Led_Blinky ****
make -j16 all 
arm-none-eabi-gcc -mcpu=cortex-m4 -g3 -DDEBUG -c -x assembler-with-cpp -MMD -MP -MF"Startup/startup_stm32f446retx.d" -MT"Startup/startup_stm32f446retx.o" --specs=nano.specs -mfpu=fpv4-sp-d16 -mfloat-abi=hard -mthumb -o "Startup/startup_stm32f446retx.o" "../Startup/startup_stm32f446retx.s"
arm-none-eabi-gcc "../Src/main.c" -mcpu=cortex-m4 -std=gnu11 -g3 -DDEBUG -DSTM32 -DSTM32F4 -DSTM32F446RETx -DNUCLEO_F446RE -c -I../Inc -O0 -ffunction-sections -fdata-sections -Wall -fstack-usage -fcyclomatic-complexity -MMD -MP -MF"Src/main.d" -MT"Src/main.o" --specs=nano.specs -mfpu=fpv4-sp-d16 -mfloat-abi=hard -mthumb -o "Src/main.o"
arm-none-eabi-gcc "../Src/syscalls.c" -mcpu=cortex-m4 -std=gnu11 -g3 -DDEBUG -DSTM32 -DSTM32F4 -DSTM32F446RETx -DNUCLEO_F446RE -c -I../Inc -O0 -ffunction-sections -fdata-sections -Wall -fstack-usage -fcyclomatic-complexity -MMD -MP -MF"Src/syscalls.d" -MT"Src/syscalls.o" --specs=nano.specs -mfpu=fpv4-sp-d16 -mfloat-abi=hard -mthumb -o "Src/syscalls.o"
arm-none-eabi-gcc "../Src/sysmem.c" -mcpu=cortex-m4 -std=gnu11 -g3 -DDEBUG -DSTM32 -DSTM32F4 -DSTM32F446RETx -DNUCLEO_F446RE -c -I../Inc -O0 -ffunction-sections -fdata-sections -Wall -fstack-usage -fcyclomatic-complexity -MMD -MP -MF"Src/sysmem.d" -MT"Src/sysmem.o" --specs=nano.specs -mfpu=fpv4-sp-d16 -mfloat-abi=hard -mthumb -o "Src/sysmem.o"
arm-none-eabi-gcc -o "01_Led_Blinky.elf" @"objects.list"   -mcpu=cortex-m4 -T"D:\MCU1_Bare_Metal_Progamming_BHM\01_Led_Blinky\STM32F446RETX_FLASH.ld" --specs=nosys.specs -Wl,-Map="01_Led_Blinky.map" -Wl,--gc-sections -static --specs=nano.specs -mfpu=fpv4-sp-d16 -mfloat-abi=hard -mthumb -Wl,--start-group -lc -lm -Wl,--end-group
Finished building target: 01_Led_Blinky.elf
 
arm-none-eabi-size  01_Led_Blinky.elf 
arm-none-eabi-objdump -h -S 01_Led_Blinky.elf  > "01_Led_Blinky.list"
   text	   data	    bss	    dec	    hex	filename
    796	      0	   1568	   2364	    93c	01_Led_Blinky.elf
Finished building: default.size.stdout
 
Finished building: 01_Led_Blinky.list
 
01:04:33 **** Incremental Build of configuration Debug for project 01_QEMU_Blinky_Empty_Project_Test ****
make -j16 all 
arm-none-eabi-gcc -mcpu=cortex-m4 -g3 -DDEBUG -c -x assembler-with-cpp -MMD -MP -MF"Startup/startup_stm32f407vgtx.d" -MT"Startup/startup_stm32f407vgtx.o" --specs=nano.specs -mfloat-abi=soft -mthumb -o "Startup/startup_stm32f407vgtx.o" "../Startup/startup_stm32f407vgtx.s"
arm-none-eabi-gcc "../Src/main.c" -mcpu=cortex-m4 -std=gnu11 -g3 -DDEBUG -DSTM32 -DSTM32F4 -DSTM32F407VGTx -c -I../Inc -O0 -ffunction-sections -fdata-sections -Wall -fstack-usage -fcyclomatic-complexity -MMD -MP -MF"Src/main.d" -MT"Src/main.o" --specs=nano.specs -mfloat-abi=soft -mthumb -o "Src/main.o"
arm-none-eabi-gcc "../Src/syscalls.c" -mcpu=cortex-m4 -std=gnu11 -g3 -DDEBUG -DSTM32 -DSTM32F4 -DSTM32F407VGTx -c -I../Inc -O0 -ffunction-sections -fdata-sections -Wall -fstack-usage -fcyclomatic-complexity -MMD -MP -MF"Src/syscalls.d" -MT"Src/syscalls.o" --specs=nano.specs -mfloat-abi=soft -mthumb -o "Src/syscalls.o"
arm-none-eabi-gcc "../Src/sysmem.c" -mcpu=cortex-m4 -std=gnu11 -g3 -DDEBUG -DSTM32 -DSTM32F4 -DSTM32F407VGTx -c -I../Inc -O0 -ffunction-sections -fdata-sections -Wall -fstack-usage -fcyclomatic-complexity -MMD -MP -MF"Src/sysmem.d" -MT"Src/sysmem.o" --specs=nano.specs -mfloat-abi=soft -mthumb -o "Src/sysmem.o"
arm-none-eabi-gcc -o "01_QEMU_Blinky_Empty_Project_Test.elf" @"objects.list"   -mcpu=cortex-m4 -T"D:\HAL_EMULATOR\01_QEMU_Blinky_Empty_Project_Test\STM32F407VGTX_FLASH.ld" --specs=nosys.specs -Wl,-Map="01_QEMU_Blinky_Empty_Project_Test.map" -Wl,--gc-sections -static --specs=nano.specs -mfloat-abi=soft -mthumb -Wl,--start-group -lc -lm -Wl,--end-group
Finished building target: 01_QEMU_Blinky_Empty_Project_Test.elf
 
arm-none-eabi-size  01_QEMU_Blinky_Empty_Project_Test.elf 
arm-none-eabi-objdump -h -S 01_QEMU_Blinky_Empty_Project_Test.elf  > "01_QEMU_Blinky_Empty_Project_Test.list"
   text	   data	    bss	    dec	    hex	filename
    676	      0	   1568	   2244	    8c4	01_QEMU_Blinky_Empty_Project_Test.elf
Finished building: default.size.stdout
 
Finished building: 01_QEMU_Blinky_Empty_Project_Test.list
 
01:05:01 **** Incremental Build of configuration Debug for project 01_Cube_Cmake_Blinky ****
cmake --build Debug 
ninja: no work to do.
01:05:34 **** Incremental Build of configuration Debug for project 01_Cube_Cmake_Blinky ****
cmake --build Debug 
ninja: no work to do.
01:05:36 **** Incremental Build of configuration Debug for project 01_Cube_Cmake_Blinky ****
cmake --build Debug 
ninja: no work to do.
01:06:35 **** Incremental Build of configuration Debug for project 01_Cube_Cmake_Blinky ****
cmake --build Debug 
ninja: no work to do.
21:13:16 **** Build of configuration Debug for project 00_Led_Toggle_Addr ****
make -j16 all 
arm-none-eabi-gcc -mcpu=cortex-m4 -g3 -DDEBUG -c -x assembler-with-cpp -MMD -MP -MF"Startup/startup_stm32f446retx.d" -MT"Startup/startup_stm32f446retx.o" --specs=nano.specs -mfpu=fpv4-sp-d16 -mfloat-abi=hard -mthumb -o "Startup/startup_stm32f446retx.o" "../Startup/startup_stm32f446retx.s"
arm-none-eabi-gcc "../Src/main.c" -mcpu=cortex-m4 -std=gnu11 -g3 -DDEBUG -DSTM32 -DSTM32F4 -DSTM32F446RETx -DNUCLEO_F446RE -c -I../Inc -O0 -ffunction-sections -fdata-sections -Wall -fstack-usage -fcyclomatic-complexity -MMD -MP -MF"Src/main.d" -MT"Src/main.o" --specs=nano.specs -mfpu=fpv4-sp-d16 -mfloat-abi=hard -mthumb -o "Src/main.o"
arm-none-eabi-gcc "../Src/syscalls.c" -mcpu=cortex-m4 -std=gnu11 -g3 -DDEBUG -DSTM32 -DSTM32F4 -DSTM32F446RETx -DNUCLEO_F446RE -c -I../Inc -O0 -ffunction-sections -fdata-sections -Wall -fstack-usage -fcyclomatic-complexity -MMD -MP -MF"Src/syscalls.d" -MT"Src/syscalls.o" --specs=nano.specs -mfpu=fpv4-sp-d16 -mfloat-abi=hard -mthumb -o "Src/syscalls.o"
arm-none-eabi-gcc "../Src/sysmem.c" -mcpu=cortex-m4 -std=gnu11 -g3 -DDEBUG -DSTM32 -DSTM32F4 -DSTM32F446RETx -DNUCLEO_F446RE -c -I../Inc -O0 -ffunction-sections -fdata-sections -Wall -fstack-usage -fcyclomatic-complexity -MMD -MP -MF"Src/sysmem.d" -MT"Src/sysmem.o" --specs=nano.specs -mfpu=fpv4-sp-d16 -mfloat-abi=hard -mthumb -o "Src/sysmem.o"
arm-none-eabi-gcc -o "00_Led_Toggle_Addr.elf" @"objects.list"   -mcpu=cortex-m4 -T"D:\MCU1_Bare_Metal_Progamming_BHM\00_Led_Toggle_Addr\STM32F446RETX_FLASH.ld" --specs=nosys.specs -Wl,-Map="00_Led_Toggle_Addr.map" -Wl,--gc-sections -static --specs=nano.specs -mfpu=fpv4-sp-d16 -mfloat-abi=hard -mthumb -Wl,--start-group -lc -lm -Wl,--end-group
Finished building target: 00_Led_Toggle_Addr.elf
 
arm-none-eabi-size  00_Led_Toggle_Addr.elf 
arm-none-eabi-objdump -h -S 00_Led_Toggle_Addr.elf  > "00_Led_Toggle_Addr.list"
   text	   data	    bss	    dec	    hex	filename
    772	      0	   1568	   2340	    924	00_Led_Toggle_Addr.elf
Finished building: default.size.stdout
 
Finished building: 00_Led_Toggle_Addr.list
 
21:13:22 **** Build of configuration Debug for project 20_Uart_Tx_DMA ****
make -j16 all 
arm-none-eabi-gcc -mcpu=cortex-m4 -g3 -DDEBUG -c -x assembler-with-cpp -MMD -MP -MF"Startup/startup_stm32f446retx.d" -MT"Startup/startup_stm32f446retx.o" --specs=nano.specs -mfpu=fpv4-sp-d16 -mfloat-abi=hard -mthumb -o "Startup/startup_stm32f446retx.o" "../Startup/startup_stm32f446retx.s"
arm-none-eabi-gcc "../Src/main.c" -mcpu=cortex-m4 -std=gnu11 -g3 -DDEBUG -DSTM32 -DSTM32F4 -DSTM32F446RETx -DNUCLEO_F446RE -DSTM32F446xx -c -I../Inc -I"D:/Softwares/Stm32/en.stm32cubef4-v1-28-0/STM32Cube_FW_F4_V1.28.0/Drivers/CMSIS/Device/ST/STM32F4xx/Include" -I"D:/Softwares/Stm32/en.stm32cubef4-v1-28-0/STM32Cube_FW_F4_V1.28.0/Drivers/CMSIS/Include" -O0 -ffunction-sections -fdata-sections -Wall -fstack-usage -fcyclomatic-complexity -MMD -MP -MF"Src/main.d" -MT"Src/main.o" --specs=nano.specs -mfpu=fpv4-sp-d16 -mfloat-abi=hard -mthumb -o "Src/main.o"
arm-none-eabi-gcc "../Src/syscalls.c" -mcpu=cortex-m4 -std=gnu11 -g3 -DDEBUG -DSTM32 -DSTM32F4 -DSTM32F446RETx -DNUCLEO_F446RE -DSTM32F446xx -c -I../Inc -I"D:/Softwares/Stm32/en.stm32cubef4-v1-28-0/STM32Cube_FW_F4_V1.28.0/Drivers/CMSIS/Device/ST/STM32F4xx/Include" -I"D:/Softwares/Stm32/en.stm32cubef4-v1-28-0/STM32Cube_FW_F4_V1.28.0/Drivers/CMSIS/Include" -O0 -ffunction-sections -fdata-sections -Wall -fstack-usage -fcyclomatic-complexity -MMD -MP -MF"Src/syscalls.d" -MT"Src/syscalls.o" --specs=nano.specs -mfpu=fpv4-sp-d16 -mfloat-abi=hard -mthumb -o "Src/syscalls.o"
arm-none-eabi-gcc "../Src/sysmem.c" -mcpu=cortex-m4 -std=gnu11 -g3 -DDEBUG -DSTM32 -DSTM32F4 -DSTM32F446RETx -DNUCLEO_F446RE -DSTM32F446xx -c -I../Inc -I"D:/Softwares/Stm32/en.stm32cubef4-v1-28-0/STM32Cube_FW_F4_V1.28.0/Drivers/CMSIS/Device/ST/STM32F4xx/Include" -I"D:/Softwares/Stm32/en.stm32cubef4-v1-28-0/STM32Cube_FW_F4_V1.28.0/Drivers/CMSIS/Include" -O0 -ffunction-sections -fdata-sections -Wall -fstack-usage -fcyclomatic-complexity -MMD -MP -MF"Src/sysmem.d" -MT"Src/sysmem.o" --specs=nano.specs -mfpu=fpv4-sp-d16 -mfloat-abi=hard -mthumb -o "Src/sysmem.o"
arm-none-eabi-gcc "../Src/uart.c" -mcpu=cortex-m4 -std=gnu11 -g3 -DDEBUG -DSTM32 -DSTM32F4 -DSTM32F446RETx -DNUCLEO_F446RE -DSTM32F446xx -c -I../Inc -I"D:/Softwares/Stm32/en.stm32cubef4-v1-28-0/STM32Cube_FW_F4_V1.28.0/Drivers/CMSIS/Device/ST/STM32F4xx/Include" -I"D:/Softwares/Stm32/en.stm32cubef4-v1-28-0/STM32Cube_FW_F4_V1.28.0/Drivers/CMSIS/Include" -O0 -ffunction-sections -fdata-sections -Wall -fstack-usage -fcyclomatic-complexity -MMD -MP -MF"Src/uart.d" -MT"Src/uart.o" --specs=nano.specs -mfpu=fpv4-sp-d16 -mfloat-abi=hard -mthumb -o "Src/uart.o"
arm-none-eabi-gcc -o "20_Uart_Tx_DMA.elf" @"objects.list"   -mcpu=cortex-m4 -T"D:\MCU1_Bare_Metal_Progamming_BHM\20_Uart_Tx_DMA\STM32F446RETX_FLASH.ld" --specs=nosys.specs -Wl,-Map="20_Uart_Tx_DMA.map" -Wl,--gc-sections -static --specs=nano.specs -mfpu=fpv4-sp-d16 -mfloat-abi=hard -mthumb -Wl,--start-group -lc -lm -Wl,--end-group
Finished building target: 20_Uart_Tx_DMA.elf
 
arm-none-eabi-size  20_Uart_Tx_DMA.elf 
arm-none-eabi-objdump -h -S 20_Uart_Tx_DMA.elf  > "20_Uart_Tx_DMA.list"
   text	   data	    bss	    dec	    hex	filename
   1436	      0	   1568	   3004	    bbc	20_Uart_Tx_DMA.elf
Finished building: default.size.stdout
 
Finished building: 20_Uart_Tx_DMA.list
 
21:13:23 **** Build of configuration Debug for project 21_I2C ****
make -j16 all 
arm-none-eabi-gcc "../Src/I2C.c" -mcpu=cortex-m4 -std=gnu11 -g3 -DDEBUG -DSTM32 -DSTM32F4 -DSTM32F446RETx -DNUCLEO_F446RE -DSTM32F446xx -c -I../Inc -I"D:/Softwares/Stm32/en.stm32cubef4-v1-28-0/STM32Cube_FW_F4_V1.28.0/Drivers/CMSIS/Device/ST/STM32F4xx/Include" -I"D:/Softwares/Stm32/en.stm32cubef4-v1-28-0/STM32Cube_FW_F4_V1.28.0/Drivers/CMSIS/Include" -O0 -ffunction-sections -fdata-sections -Wall -fstack-usage -fcyclomatic-complexity -MMD -MP -MF"Src/I2C.d" -MT"Src/I2C.o" --specs=nano.specs -mfpu=fpv4-sp-d16 -mfloat-abi=hard -mthumb -o "Src/I2C.o"
arm-none-eabi-gcc "../Src/bmp280.c" -mcpu=cortex-m4 -std=gnu11 -g3 -DDEBUG -DSTM32 -DSTM32F4 -DSTM32F446RETx -DNUCLEO_F446RE -DSTM32F446xx -c -I../Inc -I"D:/Softwares/Stm32/en.stm32cubef4-v1-28-0/STM32Cube_FW_F4_V1.28.0/Drivers/CMSIS/Device/ST/STM32F4xx/Include" -I"D:/Softwares/Stm32/en.stm32cubef4-v1-28-0/STM32Cube_FW_F4_V1.28.0/Drivers/CMSIS/Include" -O0 -ffunction-sections -fdata-sections -Wall -fstack-usage -fcyclomatic-complexity -MMD -MP -MF"Src/bmp280.d" -MT"Src/bmp280.o" --specs=nano.specs -mfpu=fpv4-sp-d16 -mfloat-abi=hard -mthumb -o "Src/bmp280.o"
arm-none-eabi-gcc "../Src/main.c" -mcpu=cortex-m4 -std=gnu11 -g3 -DDEBUG -DSTM32 -DSTM32F4 -DSTM32F446RETx -DNUCLEO_F446RE -DSTM32F446xx -c -I../Inc -I"D:/Softwares/Stm32/en.stm32cubef4-v1-28-0/STM32Cube_FW_F4_V1.28.0/Drivers/CMSIS/Device/ST/STM32F4xx/Include" -I"D:/Softwares/Stm32/en.stm32cubef4-v1-28-0/STM32Cube_FW_F4_V1.28.0/Drivers/CMSIS/Include" -O0 -ffunction-sections -fdata-sections -Wall -fstack-usage -fcyclomatic-complexity -MMD -MP -MF"Src/main.d" -MT"Src/main.o" --specs=nano.specs -mfpu=fpv4-sp-d16 -mfloat-abi=hard -mthumb -o "Src/main.o"
arm-none-eabi-gcc "../Src/syscalls.c" -mcpu=cortex-m4 -std=gnu11 -g3 -DDEBUG -DSTM32 -DSTM32F4 -DSTM32F446RETx -DNUCLEO_F446RE -DSTM32F446xx -c -I../Inc -I"D:/Softwares/Stm32/en.stm32cubef4-v1-28-0/STM32Cube_FW_F4_V1.28.0/Drivers/CMSIS/Device/ST/STM32F4xx/Include" -I"D:/Softwares/Stm32/en.stm32cubef4-v1-28-0/STM32Cube_FW_F4_V1.28.0/Drivers/CMSIS/Include" -O0 -ffunction-sections -fdata-sections -Wall -fstack-usage -fcyclomatic-complexity -MMD -MP -MF"Src/syscalls.d" -MT"Src/syscalls.o" --specs=nano.specs -mfpu=fpv4-sp-d16 -mfloat-abi=hard -mthumb -o "Src/syscalls.o"
arm-none-eabi-gcc "../Src/sysmem.c" -mcpu=cortex-m4 -std=gnu11 -g3 -DDEBUG -DSTM32 -DSTM32F4 -DSTM32F446RETx -DNUCLEO_F446RE -DSTM32F446xx -c -I../Inc -I"D:/Softwares/Stm32/en.stm32cubef4-v1-28-0/STM32Cube_FW_F4_V1.28.0/Drivers/CMSIS/Device/ST/STM32F4xx/Include" -I"D:/Softwares/Stm32/en.stm32cubef4-v1-28-0/STM32Cube_FW_F4_V1.28.0/Drivers/CMSIS/Include" -O0 -ffunction-sections -fdata-sections -Wall -fstack-usage -fcyclomatic-complexity -MMD -MP -MF"Src/sysmem.d" -MT"Src/sysmem.o" --specs=nano.specs -mfpu=fpv4-sp-d16 -mfloat-abi=hard -mthumb -o "Src/sysmem.o"
arm-none-eabi-gcc "../Src/uart.c" -mcpu=cortex-m4 -std=gnu11 -g3 -DDEBUG -DSTM32 -DSTM32F4 -DSTM32F446RETx -DNUCLEO_F446RE -DSTM32F446xx -c -I../Inc -I"D:/Softwares/Stm32/en.stm32cubef4-v1-28-0/STM32Cube_FW_F4_V1.28.0/Drivers/CMSIS/Device/ST/STM32F4xx/Include" -I"D:/Softwares/Stm32/en.stm32cubef4-v1-28-0/STM32Cube_FW_F4_V1.28.0/Drivers/CMSIS/Include" -O0 -ffunction-sections -fdata-sections -Wall -fstack-usage -fcyclomatic-complexity -MMD -MP -MF"Src/uart.d" -MT"Src/uart.o" --specs=nano.specs -mfpu=fpv4-sp-d16 -mfloat-abi=hard -mthumb -o "Src/uart.o"
../Src/I2C.c: In function 'I2C_ByteRead':
../Src/I2C.c:154:22: warning: variable 'temp' set but not used [-Wunused-but-set-variable]
  154 |         volatile int temp;
      |                      ^~~~
../Src/I2C.c: In function 'I2C1_BurstRead':
../Src/I2C.c:211:22: warning: variable 'temp' set but not used [-Wunused-but-set-variable]
  211 |         volatile int temp;
      |                      ^~~~
../Src/I2C.c: In function 'I2C1_BurstWrite':
../Src/I2C.c:292:22: warning: variable 'temp' set but not used [-Wunused-but-set-variable]
  292 |         volatile int temp;
      |                      ^~~~
../Src/bmp280.c: In function 'BMP280_ReadChipID':
../Src/bmp280.c:51:58: warning: cast to pointer from integer of different size [-Wint-to-pointer-cast]
   51 |         I2C_ByteRead(BMP280_I2C_ADDRESS, BMP280_CHIP_ID, (char*) chipID);
      |                                                          ^
../Src/bmp280.c:52:1: warning: no return statement in function returning non-void [-Wreturn-type]
   52 | }
      | ^
../Src/bmp280.c: In function 'BMP280_Init':
../Src/bmp280.c:98:9: error: implicit declaration of function 'HAL_Delay' [-Wimplicit-function-declaration]
   98 |         HAL_Delay(10);
      |         ^~~~~~~~~
make: *** [Src/subdir.mk:34: Src/bmp280.o] Error 1
make: *** Waiting for unfinished jobs....
"make -j16 all" terminated with exit code 2. Build might be incomplete.
21:13:38 **** Incremental Build of configuration Debug for project 00_Led_Toggle_Addr ****
make -j16 all 
arm-none-eabi-size  00_Led_Toggle_Addr.elf 
   text	   data	    bss	    dec	    hex	filename
    772	      0	   1568	   2340	    924	00_Led_Toggle_Addr.elf
Finished building: default.size.stdout
 
21:13:38 **** Incremental Build of configuration Debug for project 20_Uart_Tx_DMA ****
make -j16 all 
arm-none-eabi-gcc -mcpu=cortex-m4 -g3 -DDEBUG -c -x assembler-with-cpp -MMD -MP -MF"Startup/startup_stm32f446retx.d" -MT"Startup/startup_stm32f446retx.o" --specs=nano.specs -mfpu=fpv4-sp-d16 -mfloat-abi=hard -mthumb -o "Startup/startup_stm32f446retx.o" "../Startup/startup_stm32f446retx.s"
arm-none-eabi-gcc "../Src/main.c" -mcpu=cortex-m4 -std=gnu11 -g3 -DDEBUG -DSTM32 -DSTM32F4 -DSTM32F446RETx -DNUCLEO_F446RE -DSTM32F446xx -c -I../Inc -I"D:/Softwares/Stm32/en.stm32cubef4-v1-28-0/STM32Cube_FW_F4_V1.28.0/Drivers/CMSIS/Device/ST/STM32F4xx/Include" -I"D:/Softwares/Stm32/en.stm32cubef4-v1-28-0/STM32Cube_FW_F4_V1.28.0/Drivers/CMSIS/Include" -O0 -ffunction-sections -fdata-sections -Wall -fstack-usage -fcyclomatic-complexity -MMD -MP -MF"Src/main.d" -MT"Src/main.o" --specs=nano.specs -mfpu=fpv4-sp-d16 -mfloat-abi=hard -mthumb -o "Src/main.o"
arm-none-eabi-gcc "../Src/syscalls.c" -mcpu=cortex-m4 -std=gnu11 -g3 -DDEBUG -DSTM32 -DSTM32F4 -DSTM32F446RETx -DNUCLEO_F446RE -DSTM32F446xx -c -I../Inc -I"D:/Softwares/Stm32/en.stm32cubef4-v1-28-0/STM32Cube_FW_F4_V1.28.0/Drivers/CMSIS/Device/ST/STM32F4xx/Include" -I"D:/Softwares/Stm32/en.stm32cubef4-v1-28-0/STM32Cube_FW_F4_V1.28.0/Drivers/CMSIS/Include" -O0 -ffunction-sections -fdata-sections -Wall -fstack-usage -fcyclomatic-complexity -MMD -MP -MF"Src/syscalls.d" -MT"Src/syscalls.o" --specs=nano.specs -mfpu=fpv4-sp-d16 -mfloat-abi=hard -mthumb -o "Src/syscalls.o"
arm-none-eabi-gcc "../Src/sysmem.c" -mcpu=cortex-m4 -std=gnu11 -g3 -DDEBUG -DSTM32 -DSTM32F4 -DSTM32F446RETx -DNUCLEO_F446RE -DSTM32F446xx -c -I../Inc -I"D:/Softwares/Stm32/en.stm32cubef4-v1-28-0/STM32Cube_FW_F4_V1.28.0/Drivers/CMSIS/Device/ST/STM32F4xx/Include" -I"D:/Softwares/Stm32/en.stm32cubef4-v1-28-0/STM32Cube_FW_F4_V1.28.0/Drivers/CMSIS/Include" -O0 -ffunction-sections -fdata-sections -Wall -fstack-usage -fcyclomatic-complexity -MMD -MP -MF"Src/sysmem.d" -MT"Src/sysmem.o" --specs=nano.specs -mfpu=fpv4-sp-d16 -mfloat-abi=hard -mthumb -o "Src/sysmem.o"
arm-none-eabi-gcc "../Src/uart.c" -mcpu=cortex-m4 -std=gnu11 -g3 -DDEBUG -DSTM32 -DSTM32F4 -DSTM32F446RETx -DNUCLEO_F446RE -DSTM32F446xx -c -I../Inc -I"D:/Softwares/Stm32/en.stm32cubef4-v1-28-0/STM32Cube_FW_F4_V1.28.0/Drivers/CMSIS/Device/ST/STM32F4xx/Include" -I"D:/Softwares/Stm32/en.stm32cubef4-v1-28-0/STM32Cube_FW_F4_V1.28.0/Drivers/CMSIS/Include" -O0 -ffunction-sections -fdata-sections -Wall -fstack-usage -fcyclomatic-complexity -MMD -MP -MF"Src/uart.d" -MT"Src/uart.o" --specs=nano.specs -mfpu=fpv4-sp-d16 -mfloat-abi=hard -mthumb -o "Src/uart.o"
arm-none-eabi-gcc -o "20_Uart_Tx_DMA.elf" @"objects.list"   -mcpu=cortex-m4 -T"D:\MCU1_Bare_Metal_Progamming_BHM\20_Uart_Tx_DMA\STM32F446RETX_FLASH.ld" --specs=nosys.specs -Wl,-Map="20_Uart_Tx_DMA.map" -Wl,--gc-sections -static --specs=nano.specs -mfpu=fpv4-sp-d16 -mfloat-abi=hard -mthumb -Wl,--start-group -lc -lm -Wl,--end-group
Finished building target: 20_Uart_Tx_DMA.elf
 
arm-none-eabi-size  20_Uart_Tx_DMA.elf 
arm-none-eabi-objdump -h -S 20_Uart_Tx_DMA.elf  > "20_Uart_Tx_DMA.list"
   text	   data	    bss	    dec	    hex	filename
   1436	      0	   1568	   3004	    bbc	20_Uart_Tx_DMA.elf
Finished building: default.size.stdout
 
Finished building: 20_Uart_Tx_DMA.list
 
21:13:39 **** Incremental Build of configuration Debug for project 21_I2C ****
make -j16 all 
arm-none-eabi-gcc "../Src/I2C.c" -mcpu=cortex-m4 -std=gnu11 -g3 -DDEBUG -DSTM32 -DSTM32F4 -DSTM32F446RETx -DNUCLEO_F446RE -DSTM32F446xx -c -I../Inc -I"D:/Softwares/Stm32/en.stm32cubef4-v1-28-0/STM32Cube_FW_F4_V1.28.0/Drivers/CMSIS/Device/ST/STM32F4xx/Include" -I"D:/Softwares/Stm32/en.stm32cubef4-v1-28-0/STM32Cube_FW_F4_V1.28.0/Drivers/CMSIS/Include" -O0 -ffunction-sections -fdata-sections -Wall -fstack-usage -fcyclomatic-complexity -MMD -MP -MF"Src/I2C.d" -MT"Src/I2C.o" --specs=nano.specs -mfpu=fpv4-sp-d16 -mfloat-abi=hard -mthumb -o "Src/I2C.o"
arm-none-eabi-gcc "../Src/bmp280.c" -mcpu=cortex-m4 -std=gnu11 -g3 -DDEBUG -DSTM32 -DSTM32F4 -DSTM32F446RETx -DNUCLEO_F446RE -DSTM32F446xx -c -I../Inc -I"D:/Softwares/Stm32/en.stm32cubef4-v1-28-0/STM32Cube_FW_F4_V1.28.0/Drivers/CMSIS/Device/ST/STM32F4xx/Include" -I"D:/Softwares/Stm32/en.stm32cubef4-v1-28-0/STM32Cube_FW_F4_V1.28.0/Drivers/CMSIS/Include" -O0 -ffunction-sections -fdata-sections -Wall -fstack-usage -fcyclomatic-complexity -MMD -MP -MF"Src/bmp280.d" -MT"Src/bmp280.o" --specs=nano.specs -mfpu=fpv4-sp-d16 -mfloat-abi=hard -mthumb -o "Src/bmp280.o"
arm-none-eabi-gcc "../Src/main.c" -mcpu=cortex-m4 -std=gnu11 -g3 -DDEBUG -DSTM32 -DSTM32F4 -DSTM32F446RETx -DNUCLEO_F446RE -DSTM32F446xx -c -I../Inc -I"D:/Softwares/Stm32/en.stm32cubef4-v1-28-0/STM32Cube_FW_F4_V1.28.0/Drivers/CMSIS/Device/ST/STM32F4xx/Include" -I"D:/Softwares/Stm32/en.stm32cubef4-v1-28-0/STM32Cube_FW_F4_V1.28.0/Drivers/CMSIS/Include" -O0 -ffunction-sections -fdata-sections -Wall -fstack-usage -fcyclomatic-complexity -MMD -MP -MF"Src/main.d" -MT"Src/main.o" --specs=nano.specs -mfpu=fpv4-sp-d16 -mfloat-abi=hard -mthumb -o "Src/main.o"
arm-none-eabi-gcc "../Src/syscalls.c" -mcpu=cortex-m4 -std=gnu11 -g3 -DDEBUG -DSTM32 -DSTM32F4 -DSTM32F446RETx -DNUCLEO_F446RE -DSTM32F446xx -c -I../Inc -I"D:/Softwares/Stm32/en.stm32cubef4-v1-28-0/STM32Cube_FW_F4_V1.28.0/Drivers/CMSIS/Device/ST/STM32F4xx/Include" -I"D:/Softwares/Stm32/en.stm32cubef4-v1-28-0/STM32Cube_FW_F4_V1.28.0/Drivers/CMSIS/Include" -O0 -ffunction-sections -fdata-sections -Wall -fstack-usage -fcyclomatic-complexity -MMD -MP -MF"Src/syscalls.d" -MT"Src/syscalls.o" --specs=nano.specs -mfpu=fpv4-sp-d16 -mfloat-abi=hard -mthumb -o "Src/syscalls.o"
arm-none-eabi-gcc "../Src/sysmem.c" -mcpu=cortex-m4 -std=gnu11 -g3 -DDEBUG -DSTM32 -DSTM32F4 -DSTM32F446RETx -DNUCLEO_F446RE -DSTM32F446xx -c -I../Inc -I"D:/Softwares/Stm32/en.stm32cubef4-v1-28-0/STM32Cube_FW_F4_V1.28.0/Drivers/CMSIS/Device/ST/STM32F4xx/Include" -I"D:/Softwares/Stm32/en.stm32cubef4-v1-28-0/STM32Cube_FW_F4_V1.28.0/Drivers/CMSIS/Include" -O0 -ffunction-sections -fdata-sections -Wall -fstack-usage -fcyclomatic-complexity -MMD -MP -MF"Src/sysmem.d" -MT"Src/sysmem.o" --specs=nano.specs -mfpu=fpv4-sp-d16 -mfloat-abi=hard -mthumb -o "Src/sysmem.o"
arm-none-eabi-gcc "../Src/uart.c" -mcpu=cortex-m4 -std=gnu11 -g3 -DDEBUG -DSTM32 -DSTM32F4 -DSTM32F446RETx -DNUCLEO_F446RE -DSTM32F446xx -c -I../Inc -I"D:/Softwares/Stm32/en.stm32cubef4-v1-28-0/STM32Cube_FW_F4_V1.28.0/Drivers/CMSIS/Device/ST/STM32F4xx/Include" -I"D:/Softwares/Stm32/en.stm32cubef4-v1-28-0/STM32Cube_FW_F4_V1.28.0/Drivers/CMSIS/Include" -O0 -ffunction-sections -fdata-sections -Wall -fstack-usage -fcyclomatic-complexity -MMD -MP -MF"Src/uart.d" -MT"Src/uart.o" --specs=nano.specs -mfpu=fpv4-sp-d16 -mfloat-abi=hard -mthumb -o "Src/uart.o"
../Src/I2C.c: In function 'I2C_ByteRead':
../Src/I2C.c:154:22: warning: variable 'temp' set but not used [-Wunused-but-set-variable]
  154 |         volatile int temp;
      |                      ^~~~
../Src/I2C.c: In function 'I2C1_BurstRead':
../Src/I2C.c:211:22: warning: variable 'temp' set but not used [-Wunused-but-set-variable]
  211 |         volatile int temp;
      |                      ^~~~
../Src/I2C.c: In function 'I2C1_BurstWrite':
../Src/I2C.c:292:22: warning: variable 'temp' set but not used [-Wunused-but-set-variable]
  292 |         volatile int temp;
      |                      ^~~~
../Src/bmp280.c: In function 'BMP280_ReadChipID':
../Src/bmp280.c:51:58: warning: cast to pointer from integer of different size [-Wint-to-pointer-cast]
   51 |         I2C_ByteRead(BMP280_I2C_ADDRESS, BMP280_CHIP_ID, (char*) chipID);
      |                                                          ^
../Src/bmp280.c:52:1: warning: no return statement in function returning non-void [-Wreturn-type]
   52 | }
      | ^
../Src/bmp280.c:51:9: warning: 'chipID' is used uninitialized [-Wuninitialized]
   51 |         I2C_ByteRead(BMP280_I2C_ADDRESS, BMP280_CHIP_ID, (char*) chipID);
      |         ^~~~~~~~~~~~~~~~~~~~~~~~~~~~~~~~~~~~~~~~~~~~~~~~~~~~~~~~~~~~~~~~
../Src/bmp280.c:50:17: note: 'chipID' was declared here
   50 |         uint8_t chipID;
      |                 ^~~~~~
arm-none-eabi-gcc -o "21_I2C.elf" @"objects.list"   -mcpu=cortex-m4 -T"D:\MCU1_Bare_Metal_Progamming_BHM\21_I2C\STM32F446RETX_FLASH.ld" --specs=nosys.specs -Wl,-Map="21_I2C.map" -Wl,--gc-sections -static --specs=nano.specs -mfpu=fpv4-sp-d16 -mfloat-abi=hard -mthumb -Wl,--start-group -lc -lm -Wl,--end-group
Finished building target: 21_I2C.elf
 
arm-none-eabi-size  21_I2C.elf 
arm-none-eabi-objdump -h -S 21_I2C.elf  > "21_I2C.list"
   text	   data	    bss	    dec	    hex	filename
   2000	      0	   1592	   3592	    e08	21_I2C.elf
Finished building: default.size.stdout
 
Finished building: 21_I2C.list
 
21:15:21 **** Incremental Build of configuration Debug for project 00_Led_Toggle_Addr ****
make -j16 all 
arm-none-eabi-size  00_Led_Toggle_Addr.elf 
   text	   data	    bss	    dec	    hex	filename
    772	      0	   1568	   2340	    924	00_Led_Toggle_Addr.elf
Finished building: default.size.stdout
 
21:15:21 **** Incremental Build of configuration Debug for project 20_Uart_Tx_DMA ****
make -j16 all 
arm-none-eabi-gcc -mcpu=cortex-m4 -g3 -DDEBUG -c -x assembler-with-cpp -MMD -MP -MF"Startup/startup_stm32f446retx.d" -MT"Startup/startup_stm32f446retx.o" --specs=nano.specs -mfpu=fpv4-sp-d16 -mfloat-abi=hard -mthumb -o "Startup/startup_stm32f446retx.o" "../Startup/startup_stm32f446retx.s"
arm-none-eabi-gcc "../Src/main.c" -mcpu=cortex-m4 -std=gnu11 -g3 -DDEBUG -DSTM32 -DSTM32F4 -DSTM32F446RETx -DNUCLEO_F446RE -DSTM32F446xx -c -I../Inc -I"D:/Softwares/Stm32/en.stm32cubef4-v1-28-0/STM32Cube_FW_F4_V1.28.0/Drivers/CMSIS/Device/ST/STM32F4xx/Include" -I"D:/Softwares/Stm32/en.stm32cubef4-v1-28-0/STM32Cube_FW_F4_V1.28.0/Drivers/CMSIS/Include" -O0 -ffunction-sections -fdata-sections -Wall -fstack-usage -fcyclomatic-complexity -MMD -MP -MF"Src/main.d" -MT"Src/main.o" --specs=nano.specs -mfpu=fpv4-sp-d16 -mfloat-abi=hard -mthumb -o "Src/main.o"
arm-none-eabi-gcc "../Src/syscalls.c" -mcpu=cortex-m4 -std=gnu11 -g3 -DDEBUG -DSTM32 -DSTM32F4 -DSTM32F446RETx -DNUCLEO_F446RE -DSTM32F446xx -c -I../Inc -I"D:/Softwares/Stm32/en.stm32cubef4-v1-28-0/STM32Cube_FW_F4_V1.28.0/Drivers/CMSIS/Device/ST/STM32F4xx/Include" -I"D:/Softwares/Stm32/en.stm32cubef4-v1-28-0/STM32Cube_FW_F4_V1.28.0/Drivers/CMSIS/Include" -O0 -ffunction-sections -fdata-sections -Wall -fstack-usage -fcyclomatic-complexity -MMD -MP -MF"Src/syscalls.d" -MT"Src/syscalls.o" --specs=nano.specs -mfpu=fpv4-sp-d16 -mfloat-abi=hard -mthumb -o "Src/syscalls.o"
arm-none-eabi-gcc "../Src/sysmem.c" -mcpu=cortex-m4 -std=gnu11 -g3 -DDEBUG -DSTM32 -DSTM32F4 -DSTM32F446RETx -DNUCLEO_F446RE -DSTM32F446xx -c -I../Inc -I"D:/Softwares/Stm32/en.stm32cubef4-v1-28-0/STM32Cube_FW_F4_V1.28.0/Drivers/CMSIS/Device/ST/STM32F4xx/Include" -I"D:/Softwares/Stm32/en.stm32cubef4-v1-28-0/STM32Cube_FW_F4_V1.28.0/Drivers/CMSIS/Include" -O0 -ffunction-sections -fdata-sections -Wall -fstack-usage -fcyclomatic-complexity -MMD -MP -MF"Src/sysmem.d" -MT"Src/sysmem.o" --specs=nano.specs -mfpu=fpv4-sp-d16 -mfloat-abi=hard -mthumb -o "Src/sysmem.o"
arm-none-eabi-gcc "../Src/uart.c" -mcpu=cortex-m4 -std=gnu11 -g3 -DDEBUG -DSTM32 -DSTM32F4 -DSTM32F446RETx -DNUCLEO_F446RE -DSTM32F446xx -c -I../Inc -I"D:/Softwares/Stm32/en.stm32cubef4-v1-28-0/STM32Cube_FW_F4_V1.28.0/Drivers/CMSIS/Device/ST/STM32F4xx/Include" -I"D:/Softwares/Stm32/en.stm32cubef4-v1-28-0/STM32Cube_FW_F4_V1.28.0/Drivers/CMSIS/Include" -O0 -ffunction-sections -fdata-sections -Wall -fstack-usage -fcyclomatic-complexity -MMD -MP -MF"Src/uart.d" -MT"Src/uart.o" --specs=nano.specs -mfpu=fpv4-sp-d16 -mfloat-abi=hard -mthumb -o "Src/uart.o"
arm-none-eabi-gcc -o "20_Uart_Tx_DMA.elf" @"objects.list"   -mcpu=cortex-m4 -T"D:\MCU1_Bare_Metal_Progamming_BHM\20_Uart_Tx_DMA\STM32F446RETX_FLASH.ld" --specs=nosys.specs -Wl,-Map="20_Uart_Tx_DMA.map" -Wl,--gc-sections -static --specs=nano.specs -mfpu=fpv4-sp-d16 -mfloat-abi=hard -mthumb -Wl,--start-group -lc -lm -Wl,--end-group
Finished building target: 20_Uart_Tx_DMA.elf
 
arm-none-eabi-size  20_Uart_Tx_DMA.elf 
arm-none-eabi-objdump -h -S 20_Uart_Tx_DMA.elf  > "20_Uart_Tx_DMA.list"
   text	   data	    bss	    dec	    hex	filename
   1436	      0	   1568	   3004	    bbc	20_Uart_Tx_DMA.elf
Finished building: default.size.stdout
 
Finished building: 20_Uart_Tx_DMA.list
 
21:15:22 **** Incremental Build of configuration Debug for project 21_I2C ****
make -j16 all 
arm-none-eabi-gcc "../Src/I2C.c" -mcpu=cortex-m4 -std=gnu11 -g3 -DDEBUG -DSTM32 -DSTM32F4 -DSTM32F446RETx -DNUCLEO_F446RE -DSTM32F446xx -c -I../Inc -I"D:/Softwares/Stm32/en.stm32cubef4-v1-28-0/STM32Cube_FW_F4_V1.28.0/Drivers/CMSIS/Device/ST/STM32F4xx/Include" -I"D:/Softwares/Stm32/en.stm32cubef4-v1-28-0/STM32Cube_FW_F4_V1.28.0/Drivers/CMSIS/Include" -O0 -ffunction-sections -fdata-sections -Wall -fstack-usage -fcyclomatic-complexity -MMD -MP -MF"Src/I2C.d" -MT"Src/I2C.o" --specs=nano.specs -mfpu=fpv4-sp-d16 -mfloat-abi=hard -mthumb -o "Src/I2C.o"
arm-none-eabi-gcc "../Src/bmp280.c" -mcpu=cortex-m4 -std=gnu11 -g3 -DDEBUG -DSTM32 -DSTM32F4 -DSTM32F446RETx -DNUCLEO_F446RE -DSTM32F446xx -c -I../Inc -I"D:/Softwares/Stm32/en.stm32cubef4-v1-28-0/STM32Cube_FW_F4_V1.28.0/Drivers/CMSIS/Device/ST/STM32F4xx/Include" -I"D:/Softwares/Stm32/en.stm32cubef4-v1-28-0/STM32Cube_FW_F4_V1.28.0/Drivers/CMSIS/Include" -O0 -ffunction-sections -fdata-sections -Wall -fstack-usage -fcyclomatic-complexity -MMD -MP -MF"Src/bmp280.d" -MT"Src/bmp280.o" --specs=nano.specs -mfpu=fpv4-sp-d16 -mfloat-abi=hard -mthumb -o "Src/bmp280.o"
arm-none-eabi-gcc "../Src/main.c" -mcpu=cortex-m4 -std=gnu11 -g3 -DDEBUG -DSTM32 -DSTM32F4 -DSTM32F446RETx -DNUCLEO_F446RE -DSTM32F446xx -c -I../Inc -I"D:/Softwares/Stm32/en.stm32cubef4-v1-28-0/STM32Cube_FW_F4_V1.28.0/Drivers/CMSIS/Device/ST/STM32F4xx/Include" -I"D:/Softwares/Stm32/en.stm32cubef4-v1-28-0/STM32Cube_FW_F4_V1.28.0/Drivers/CMSIS/Include" -O0 -ffunction-sections -fdata-sections -Wall -fstack-usage -fcyclomatic-complexity -MMD -MP -MF"Src/main.d" -MT"Src/main.o" --specs=nano.specs -mfpu=fpv4-sp-d16 -mfloat-abi=hard -mthumb -o "Src/main.o"
arm-none-eabi-gcc "../Src/syscalls.c" -mcpu=cortex-m4 -std=gnu11 -g3 -DDEBUG -DSTM32 -DSTM32F4 -DSTM32F446RETx -DNUCLEO_F446RE -DSTM32F446xx -c -I../Inc -I"D:/Softwares/Stm32/en.stm32cubef4-v1-28-0/STM32Cube_FW_F4_V1.28.0/Drivers/CMSIS/Device/ST/STM32F4xx/Include" -I"D:/Softwares/Stm32/en.stm32cubef4-v1-28-0/STM32Cube_FW_F4_V1.28.0/Drivers/CMSIS/Include" -O0 -ffunction-sections -fdata-sections -Wall -fstack-usage -fcyclomatic-complexity -MMD -MP -MF"Src/syscalls.d" -MT"Src/syscalls.o" --specs=nano.specs -mfpu=fpv4-sp-d16 -mfloat-abi=hard -mthumb -o "Src/syscalls.o"
arm-none-eabi-gcc "../Src/sysmem.c" -mcpu=cortex-m4 -std=gnu11 -g3 -DDEBUG -DSTM32 -DSTM32F4 -DSTM32F446RETx -DNUCLEO_F446RE -DSTM32F446xx -c -I../Inc -I"D:/Softwares/Stm32/en.stm32cubef4-v1-28-0/STM32Cube_FW_F4_V1.28.0/Drivers/CMSIS/Device/ST/STM32F4xx/Include" -I"D:/Softwares/Stm32/en.stm32cubef4-v1-28-0/STM32Cube_FW_F4_V1.28.0/Drivers/CMSIS/Include" -O0 -ffunction-sections -fdata-sections -Wall -fstack-usage -fcyclomatic-complexity -MMD -MP -MF"Src/sysmem.d" -MT"Src/sysmem.o" --specs=nano.specs -mfpu=fpv4-sp-d16 -mfloat-abi=hard -mthumb -o "Src/sysmem.o"
arm-none-eabi-gcc "../Src/uart.c" -mcpu=cortex-m4 -std=gnu11 -g3 -DDEBUG -DSTM32 -DSTM32F4 -DSTM32F446RETx -DNUCLEO_F446RE -DSTM32F446xx -c -I../Inc -I"D:/Softwares/Stm32/en.stm32cubef4-v1-28-0/STM32Cube_FW_F4_V1.28.0/Drivers/CMSIS/Device/ST/STM32F4xx/Include" -I"D:/Softwares/Stm32/en.stm32cubef4-v1-28-0/STM32Cube_FW_F4_V1.28.0/Drivers/CMSIS/Include" -O0 -ffunction-sections -fdata-sections -Wall -fstack-usage -fcyclomatic-complexity -MMD -MP -MF"Src/uart.d" -MT"Src/uart.o" --specs=nano.specs -mfpu=fpv4-sp-d16 -mfloat-abi=hard -mthumb -o "Src/uart.o"
../Src/I2C.c: In function 'I2C_ByteRead':
../Src/I2C.c:154:22: warning: variable 'temp' set but not used [-Wunused-but-set-variable]
  154 |         volatile int temp;
      |                      ^~~~
../Src/I2C.c: In function 'I2C1_BurstRead':
../Src/I2C.c:211:22: warning: variable 'temp' set but not used [-Wunused-but-set-variable]
  211 |         volatile int temp;
      |                      ^~~~
../Src/I2C.c: In function 'I2C1_BurstWrite':
../Src/I2C.c:292:22: warning: variable 'temp' set but not used [-Wunused-but-set-variable]
  292 |         volatile int temp;
      |                      ^~~~
arm-none-eabi-gcc -o "21_I2C.elf" @"objects.list"   -mcpu=cortex-m4 -T"D:\MCU1_Bare_Metal_Progamming_BHM\21_I2C\STM32F446RETX_FLASH.ld" --specs=nosys.specs -Wl,-Map="21_I2C.map" -Wl,--gc-sections -static --specs=nano.specs -mfpu=fpv4-sp-d16 -mfloat-abi=hard -mthumb -Wl,--start-group -lc -lm -Wl,--end-group
Finished building target: 21_I2C.elf
 
arm-none-eabi-size  21_I2C.elf 
arm-none-eabi-objdump -h -S 21_I2C.elf  > "21_I2C.list"
   text	   data	    bss	    dec	    hex	filename
   2000	      0	   1592	   3592	    e08	21_I2C.elf
Finished building: default.size.stdout
 
Finished building: 21_I2C.list
 
21:23:34 **** Incremental Build of configuration Debug for project 21_I2C ****
make -j16 all 
arm-none-eabi-gcc "../Src/I2C.c" -mcpu=cortex-m4 -std=gnu11 -g3 -DDEBUG -DSTM32 -DSTM32F4 -DSTM32F446RETx -DNUCLEO_F446RE -DSTM32F446xx -c -I../Inc -I"D:/Softwares/Stm32/en.stm32cubef4-v1-28-0/STM32Cube_FW_F4_V1.28.0/Drivers/CMSIS/Device/ST/STM32F4xx/Include" -I"D:/Softwares/Stm32/en.stm32cubef4-v1-28-0/STM32Cube_FW_F4_V1.28.0/Drivers/CMSIS/Include" -O0 -ffunction-sections -fdata-sections -Wall -fstack-usage -fcyclomatic-complexity -MMD -MP -MF"Src/I2C.d" -MT"Src/I2C.o" --specs=nano.specs -mfpu=fpv4-sp-d16 -mfloat-abi=hard -mthumb -o "Src/I2C.o"
arm-none-eabi-gcc "../Src/bmp280.c" -mcpu=cortex-m4 -std=gnu11 -g3 -DDEBUG -DSTM32 -DSTM32F4 -DSTM32F446RETx -DNUCLEO_F446RE -DSTM32F446xx -c -I../Inc -I"D:/Softwares/Stm32/en.stm32cubef4-v1-28-0/STM32Cube_FW_F4_V1.28.0/Drivers/CMSIS/Device/ST/STM32F4xx/Include" -I"D:/Softwares/Stm32/en.stm32cubef4-v1-28-0/STM32Cube_FW_F4_V1.28.0/Drivers/CMSIS/Include" -O0 -ffunction-sections -fdata-sections -Wall -fstack-usage -fcyclomatic-complexity -MMD -MP -MF"Src/bmp280.d" -MT"Src/bmp280.o" --specs=nano.specs -mfpu=fpv4-sp-d16 -mfloat-abi=hard -mthumb -o "Src/bmp280.o"
arm-none-eabi-gcc "../Src/main.c" -mcpu=cortex-m4 -std=gnu11 -g3 -DDEBUG -DSTM32 -DSTM32F4 -DSTM32F446RETx -DNUCLEO_F446RE -DSTM32F446xx -c -I../Inc -I"D:/Softwares/Stm32/en.stm32cubef4-v1-28-0/STM32Cube_FW_F4_V1.28.0/Drivers/CMSIS/Device/ST/STM32F4xx/Include" -I"D:/Softwares/Stm32/en.stm32cubef4-v1-28-0/STM32Cube_FW_F4_V1.28.0/Drivers/CMSIS/Include" -O0 -ffunction-sections -fdata-sections -Wall -fstack-usage -fcyclomatic-complexity -MMD -MP -MF"Src/main.d" -MT"Src/main.o" --specs=nano.specs -mfpu=fpv4-sp-d16 -mfloat-abi=hard -mthumb -o "Src/main.o"
arm-none-eabi-gcc "../Src/syscalls.c" -mcpu=cortex-m4 -std=gnu11 -g3 -DDEBUG -DSTM32 -DSTM32F4 -DSTM32F446RETx -DNUCLEO_F446RE -DSTM32F446xx -c -I../Inc -I"D:/Softwares/Stm32/en.stm32cubef4-v1-28-0/STM32Cube_FW_F4_V1.28.0/Drivers/CMSIS/Device/ST/STM32F4xx/Include" -I"D:/Softwares/Stm32/en.stm32cubef4-v1-28-0/STM32Cube_FW_F4_V1.28.0/Drivers/CMSIS/Include" -O0 -ffunction-sections -fdata-sections -Wall -fstack-usage -fcyclomatic-complexity -MMD -MP -MF"Src/syscalls.d" -MT"Src/syscalls.o" --specs=nano.specs -mfpu=fpv4-sp-d16 -mfloat-abi=hard -mthumb -o "Src/syscalls.o"
arm-none-eabi-gcc "../Src/sysmem.c" -mcpu=cortex-m4 -std=gnu11 -g3 -DDEBUG -DSTM32 -DSTM32F4 -DSTM32F446RETx -DNUCLEO_F446RE -DSTM32F446xx -c -I../Inc -I"D:/Softwares/Stm32/en.stm32cubef4-v1-28-0/STM32Cube_FW_F4_V1.28.0/Drivers/CMSIS/Device/ST/STM32F4xx/Include" -I"D:/Softwares/Stm32/en.stm32cubef4-v1-28-0/STM32Cube_FW_F4_V1.28.0/Drivers/CMSIS/Include" -O0 -ffunction-sections -fdata-sections -Wall -fstack-usage -fcyclomatic-complexity -MMD -MP -MF"Src/sysmem.d" -MT"Src/sysmem.o" --specs=nano.specs -mfpu=fpv4-sp-d16 -mfloat-abi=hard -mthumb -o "Src/sysmem.o"
arm-none-eabi-gcc "../Src/uart.c" -mcpu=cortex-m4 -std=gnu11 -g3 -DDEBUG -DSTM32 -DSTM32F4 -DSTM32F446RETx -DNUCLEO_F446RE -DSTM32F446xx -c -I../Inc -I"D:/Softwares/Stm32/en.stm32cubef4-v1-28-0/STM32Cube_FW_F4_V1.28.0/Drivers/CMSIS/Device/ST/STM32F4xx/Include" -I"D:/Softwares/Stm32/en.stm32cubef4-v1-28-0/STM32Cube_FW_F4_V1.28.0/Drivers/CMSIS/Include" -O0 -ffunction-sections -fdata-sections -Wall -fstack-usage -fcyclomatic-complexity -MMD -MP -MF"Src/uart.d" -MT"Src/uart.o" --specs=nano.specs -mfpu=fpv4-sp-d16 -mfloat-abi=hard -mthumb -o "Src/uart.o"
../Src/I2C.c: In function 'I2C_ByteRead':
../Src/I2C.c:154:22: warning: variable 'temp' set but not used [-Wunused-but-set-variable]
  154 |         volatile int temp;
      |                      ^~~~
../Src/I2C.c: In function 'I2C1_BurstRead':
../Src/I2C.c:211:22: warning: variable 'temp' set but not used [-Wunused-but-set-variable]
  211 |         volatile int temp;
      |                      ^~~~
../Src/I2C.c: In function 'I2C1_BurstWrite':
../Src/I2C.c:292:22: warning: variable 'temp' set but not used [-Wunused-but-set-variable]
  292 |         volatile int temp;
      |                      ^~~~
arm-none-eabi-gcc -o "21_I2C.elf" @"objects.list"   -mcpu=cortex-m4 -T"D:\MCU1_Bare_Metal_Progamming_BHM\21_I2C\STM32F446RETX_FLASH.ld" --specs=nosys.specs -Wl,-Map="21_I2C.map" -Wl,--gc-sections -static --specs=nano.specs -mfpu=fpv4-sp-d16 -mfloat-abi=hard -mthumb -Wl,--start-group -lc -lm -Wl,--end-group
Finished building target: 21_I2C.elf
 
arm-none-eabi-size  21_I2C.elf 
arm-none-eabi-objdump -h -S 21_I2C.elf  > "21_I2C.list"
   text	   data	    bss	    dec	    hex	filename
   2000	      0	   1592	   3592	    e08	21_I2C.elf
Finished building: default.size.stdout
 
Finished building: 21_I2C.list
 
21:24:44 **** Incremental Build of configuration Debug for project 21_I2C ****
make -j16 all 
arm-none-eabi-gcc "../Src/I2C.c" -mcpu=cortex-m4 -std=gnu11 -g3 -DDEBUG -DSTM32 -DSTM32F4 -DSTM32F446RETx -DNUCLEO_F446RE -DSTM32F446xx -c -I../Inc -I"D:/Softwares/Stm32/en.stm32cubef4-v1-28-0/STM32Cube_FW_F4_V1.28.0/Drivers/CMSIS/Device/ST/STM32F4xx/Include" -I"D:/Softwares/Stm32/en.stm32cubef4-v1-28-0/STM32Cube_FW_F4_V1.28.0/Drivers/CMSIS/Include" -O0 -ffunction-sections -fdata-sections -Wall -fstack-usage -fcyclomatic-complexity -MMD -MP -MF"Src/I2C.d" -MT"Src/I2C.o" --specs=nano.specs -mfpu=fpv4-sp-d16 -mfloat-abi=hard -mthumb -o "Src/I2C.o"
arm-none-eabi-gcc "../Src/bmp280.c" -mcpu=cortex-m4 -std=gnu11 -g3 -DDEBUG -DSTM32 -DSTM32F4 -DSTM32F446RETx -DNUCLEO_F446RE -DSTM32F446xx -c -I../Inc -I"D:/Softwares/Stm32/en.stm32cubef4-v1-28-0/STM32Cube_FW_F4_V1.28.0/Drivers/CMSIS/Device/ST/STM32F4xx/Include" -I"D:/Softwares/Stm32/en.stm32cubef4-v1-28-0/STM32Cube_FW_F4_V1.28.0/Drivers/CMSIS/Include" -O0 -ffunction-sections -fdata-sections -Wall -fstack-usage -fcyclomatic-complexity -MMD -MP -MF"Src/bmp280.d" -MT"Src/bmp280.o" --specs=nano.specs -mfpu=fpv4-sp-d16 -mfloat-abi=hard -mthumb -o "Src/bmp280.o"
arm-none-eabi-gcc "../Src/main.c" -mcpu=cortex-m4 -std=gnu11 -g3 -DDEBUG -DSTM32 -DSTM32F4 -DSTM32F446RETx -DNUCLEO_F446RE -DSTM32F446xx -c -I../Inc -I"D:/Softwares/Stm32/en.stm32cubef4-v1-28-0/STM32Cube_FW_F4_V1.28.0/Drivers/CMSIS/Device/ST/STM32F4xx/Include" -I"D:/Softwares/Stm32/en.stm32cubef4-v1-28-0/STM32Cube_FW_F4_V1.28.0/Drivers/CMSIS/Include" -O0 -ffunction-sections -fdata-sections -Wall -fstack-usage -fcyclomatic-complexity -MMD -MP -MF"Src/main.d" -MT"Src/main.o" --specs=nano.specs -mfpu=fpv4-sp-d16 -mfloat-abi=hard -mthumb -o "Src/main.o"
arm-none-eabi-gcc "../Src/syscalls.c" -mcpu=cortex-m4 -std=gnu11 -g3 -DDEBUG -DSTM32 -DSTM32F4 -DSTM32F446RETx -DNUCLEO_F446RE -DSTM32F446xx -c -I../Inc -I"D:/Softwares/Stm32/en.stm32cubef4-v1-28-0/STM32Cube_FW_F4_V1.28.0/Drivers/CMSIS/Device/ST/STM32F4xx/Include" -I"D:/Softwares/Stm32/en.stm32cubef4-v1-28-0/STM32Cube_FW_F4_V1.28.0/Drivers/CMSIS/Include" -O0 -ffunction-sections -fdata-sections -Wall -fstack-usage -fcyclomatic-complexity -MMD -MP -MF"Src/syscalls.d" -MT"Src/syscalls.o" --specs=nano.specs -mfpu=fpv4-sp-d16 -mfloat-abi=hard -mthumb -o "Src/syscalls.o"
arm-none-eabi-gcc "../Src/sysmem.c" -mcpu=cortex-m4 -std=gnu11 -g3 -DDEBUG -DSTM32 -DSTM32F4 -DSTM32F446RETx -DNUCLEO_F446RE -DSTM32F446xx -c -I../Inc -I"D:/Softwares/Stm32/en.stm32cubef4-v1-28-0/STM32Cube_FW_F4_V1.28.0/Drivers/CMSIS/Device/ST/STM32F4xx/Include" -I"D:/Softwares/Stm32/en.stm32cubef4-v1-28-0/STM32Cube_FW_F4_V1.28.0/Drivers/CMSIS/Include" -O0 -ffunction-sections -fdata-sections -Wall -fstack-usage -fcyclomatic-complexity -MMD -MP -MF"Src/sysmem.d" -MT"Src/sysmem.o" --specs=nano.specs -mfpu=fpv4-sp-d16 -mfloat-abi=hard -mthumb -o "Src/sysmem.o"
arm-none-eabi-gcc "../Src/uart.c" -mcpu=cortex-m4 -std=gnu11 -g3 -DDEBUG -DSTM32 -DSTM32F4 -DSTM32F446RETx -DNUCLEO_F446RE -DSTM32F446xx -c -I../Inc -I"D:/Softwares/Stm32/en.stm32cubef4-v1-28-0/STM32Cube_FW_F4_V1.28.0/Drivers/CMSIS/Device/ST/STM32F4xx/Include" -I"D:/Softwares/Stm32/en.stm32cubef4-v1-28-0/STM32Cube_FW_F4_V1.28.0/Drivers/CMSIS/Include" -O0 -ffunction-sections -fdata-sections -Wall -fstack-usage -fcyclomatic-complexity -MMD -MP -MF"Src/uart.d" -MT"Src/uart.o" --specs=nano.specs -mfpu=fpv4-sp-d16 -mfloat-abi=hard -mthumb -o "Src/uart.o"
../Src/I2C.c: In function 'I2C_ByteRead':
../Src/I2C.c:154:22: warning: variable 'temp' set but not used [-Wunused-but-set-variable]
  154 |         volatile int temp;
      |                      ^~~~
../Src/I2C.c: In function 'I2C1_BurstRead':
../Src/I2C.c:211:22: warning: variable 'temp' set but not used [-Wunused-but-set-variable]
  211 |         volatile int temp;
      |                      ^~~~
../Src/I2C.c: In function 'I2C1_BurstWrite':
../Src/I2C.c:292:22: warning: variable 'temp' set but not used [-Wunused-but-set-variable]
  292 |         volatile int temp;
      |                      ^~~~
../Src/main.c: In function 'main':
../Src/main.c:9:9: error: implicit declaration of function 'I2C1_Init' [-Wimplicit-function-declaration]
    9 |         I2C1_Init();
      |         ^~~~~~~~~
../Src/main.c:13:13: error: implicit declaration of function 'I2C_ByteRead' [-Wimplicit-function-declaration]
   13 |             I2C_ByteRead(0x76, 0xD0, (char *)&chip);
      |             ^~~~~~~~~~~~
../Src/main.c:15:13: error: implicit declaration of function 'HAL_Delay' [-Wimplicit-function-declaration]
   15 |             HAL_Delay(1000);
      |             ^~~~~~~~~
../Src/main.c: At top level:
../Src/main.c:17:1: error: expected identifier or '(' before '}' token
   17 | }
      | ^
make: *** [Src/subdir.mk:34: Src/main.o] Error 1
make: *** Waiting for unfinished jobs....
"make -j16 all" terminated with exit code 2. Build might be incomplete.
21:25:22 **** Incremental Build of configuration Debug for project 00_Led_Toggle_Addr ****
make -j16 all 
arm-none-eabi-size  00_Led_Toggle_Addr.elf 
   text	   data	    bss	    dec	    hex	filename
    772	      0	   1568	   2340	    924	00_Led_Toggle_Addr.elf
Finished building: default.size.stdout
 
21:25:23 **** Incremental Build of configuration Debug for project 20_Uart_Tx_DMA ****
make -j16 all 
arm-none-eabi-gcc -mcpu=cortex-m4 -g3 -DDEBUG -c -x assembler-with-cpp -MMD -MP -MF"Startup/startup_stm32f446retx.d" -MT"Startup/startup_stm32f446retx.o" --specs=nano.specs -mfpu=fpv4-sp-d16 -mfloat-abi=hard -mthumb -o "Startup/startup_stm32f446retx.o" "../Startup/startup_stm32f446retx.s"
arm-none-eabi-gcc "../Src/main.c" -mcpu=cortex-m4 -std=gnu11 -g3 -DDEBUG -DSTM32 -DSTM32F4 -DSTM32F446RETx -DNUCLEO_F446RE -DSTM32F446xx -c -I../Inc -I"D:/Softwares/Stm32/en.stm32cubef4-v1-28-0/STM32Cube_FW_F4_V1.28.0/Drivers/CMSIS/Device/ST/STM32F4xx/Include" -I"D:/Softwares/Stm32/en.stm32cubef4-v1-28-0/STM32Cube_FW_F4_V1.28.0/Drivers/CMSIS/Include" -O0 -ffunction-sections -fdata-sections -Wall -fstack-usage -fcyclomatic-complexity -MMD -MP -MF"Src/main.d" -MT"Src/main.o" --specs=nano.specs -mfpu=fpv4-sp-d16 -mfloat-abi=hard -mthumb -o "Src/main.o"
arm-none-eabi-gcc "../Src/syscalls.c" -mcpu=cortex-m4 -std=gnu11 -g3 -DDEBUG -DSTM32 -DSTM32F4 -DSTM32F446RETx -DNUCLEO_F446RE -DSTM32F446xx -c -I../Inc -I"D:/Softwares/Stm32/en.stm32cubef4-v1-28-0/STM32Cube_FW_F4_V1.28.0/Drivers/CMSIS/Device/ST/STM32F4xx/Include" -I"D:/Softwares/Stm32/en.stm32cubef4-v1-28-0/STM32Cube_FW_F4_V1.28.0/Drivers/CMSIS/Include" -O0 -ffunction-sections -fdata-sections -Wall -fstack-usage -fcyclomatic-complexity -MMD -MP -MF"Src/syscalls.d" -MT"Src/syscalls.o" --specs=nano.specs -mfpu=fpv4-sp-d16 -mfloat-abi=hard -mthumb -o "Src/syscalls.o"
arm-none-eabi-gcc "../Src/sysmem.c" -mcpu=cortex-m4 -std=gnu11 -g3 -DDEBUG -DSTM32 -DSTM32F4 -DSTM32F446RETx -DNUCLEO_F446RE -DSTM32F446xx -c -I../Inc -I"D:/Softwares/Stm32/en.stm32cubef4-v1-28-0/STM32Cube_FW_F4_V1.28.0/Drivers/CMSIS/Device/ST/STM32F4xx/Include" -I"D:/Softwares/Stm32/en.stm32cubef4-v1-28-0/STM32Cube_FW_F4_V1.28.0/Drivers/CMSIS/Include" -O0 -ffunction-sections -fdata-sections -Wall -fstack-usage -fcyclomatic-complexity -MMD -MP -MF"Src/sysmem.d" -MT"Src/sysmem.o" --specs=nano.specs -mfpu=fpv4-sp-d16 -mfloat-abi=hard -mthumb -o "Src/sysmem.o"
arm-none-eabi-gcc "../Src/uart.c" -mcpu=cortex-m4 -std=gnu11 -g3 -DDEBUG -DSTM32 -DSTM32F4 -DSTM32F446RETx -DNUCLEO_F446RE -DSTM32F446xx -c -I../Inc -I"D:/Softwares/Stm32/en.stm32cubef4-v1-28-0/STM32Cube_FW_F4_V1.28.0/Drivers/CMSIS/Device/ST/STM32F4xx/Include" -I"D:/Softwares/Stm32/en.stm32cubef4-v1-28-0/STM32Cube_FW_F4_V1.28.0/Drivers/CMSIS/Include" -O0 -ffunction-sections -fdata-sections -Wall -fstack-usage -fcyclomatic-complexity -MMD -MP -MF"Src/uart.d" -MT"Src/uart.o" --specs=nano.specs -mfpu=fpv4-sp-d16 -mfloat-abi=hard -mthumb -o "Src/uart.o"
arm-none-eabi-gcc -o "20_Uart_Tx_DMA.elf" @"objects.list"   -mcpu=cortex-m4 -T"D:\MCU1_Bare_Metal_Progamming_BHM\20_Uart_Tx_DMA\STM32F446RETX_FLASH.ld" --specs=nosys.specs -Wl,-Map="20_Uart_Tx_DMA.map" -Wl,--gc-sections -static --specs=nano.specs -mfpu=fpv4-sp-d16 -mfloat-abi=hard -mthumb -Wl,--start-group -lc -lm -Wl,--end-group
Finished building target: 20_Uart_Tx_DMA.elf
 
arm-none-eabi-size  20_Uart_Tx_DMA.elf 
arm-none-eabi-objdump -h -S 20_Uart_Tx_DMA.elf  > "20_Uart_Tx_DMA.list"
   text	   data	    bss	    dec	    hex	filename
   1436	      0	   1568	   3004	    bbc	20_Uart_Tx_DMA.elf
Finished building: default.size.stdout
 
Finished building: 20_Uart_Tx_DMA.list
 
21:25:24 **** Incremental Build of configuration Debug for project 21_I2C ****
make -j16 all 
arm-none-eabi-gcc "../Src/I2C.c" -mcpu=cortex-m4 -std=gnu11 -g3 -DDEBUG -DSTM32 -DSTM32F4 -DSTM32F446RETx -DNUCLEO_F446RE -DSTM32F446xx -c -I../Inc -I"D:/Softwares/Stm32/en.stm32cubef4-v1-28-0/STM32Cube_FW_F4_V1.28.0/Drivers/CMSIS/Device/ST/STM32F4xx/Include" -I"D:/Softwares/Stm32/en.stm32cubef4-v1-28-0/STM32Cube_FW_F4_V1.28.0/Drivers/CMSIS/Include" -O0 -ffunction-sections -fdata-sections -Wall -fstack-usage -fcyclomatic-complexity -MMD -MP -MF"Src/I2C.d" -MT"Src/I2C.o" --specs=nano.specs -mfpu=fpv4-sp-d16 -mfloat-abi=hard -mthumb -o "Src/I2C.o"
arm-none-eabi-gcc "../Src/bmp280.c" -mcpu=cortex-m4 -std=gnu11 -g3 -DDEBUG -DSTM32 -DSTM32F4 -DSTM32F446RETx -DNUCLEO_F446RE -DSTM32F446xx -c -I../Inc -I"D:/Softwares/Stm32/en.stm32cubef4-v1-28-0/STM32Cube_FW_F4_V1.28.0/Drivers/CMSIS/Device/ST/STM32F4xx/Include" -I"D:/Softwares/Stm32/en.stm32cubef4-v1-28-0/STM32Cube_FW_F4_V1.28.0/Drivers/CMSIS/Include" -O0 -ffunction-sections -fdata-sections -Wall -fstack-usage -fcyclomatic-complexity -MMD -MP -MF"Src/bmp280.d" -MT"Src/bmp280.o" --specs=nano.specs -mfpu=fpv4-sp-d16 -mfloat-abi=hard -mthumb -o "Src/bmp280.o"
arm-none-eabi-gcc "../Src/main.c" -mcpu=cortex-m4 -std=gnu11 -g3 -DDEBUG -DSTM32 -DSTM32F4 -DSTM32F446RETx -DNUCLEO_F446RE -DSTM32F446xx -c -I../Inc -I"D:/Softwares/Stm32/en.stm32cubef4-v1-28-0/STM32Cube_FW_F4_V1.28.0/Drivers/CMSIS/Device/ST/STM32F4xx/Include" -I"D:/Softwares/Stm32/en.stm32cubef4-v1-28-0/STM32Cube_FW_F4_V1.28.0/Drivers/CMSIS/Include" -O0 -ffunction-sections -fdata-sections -Wall -fstack-usage -fcyclomatic-complexity -MMD -MP -MF"Src/main.d" -MT"Src/main.o" --specs=nano.specs -mfpu=fpv4-sp-d16 -mfloat-abi=hard -mthumb -o "Src/main.o"
arm-none-eabi-gcc "../Src/syscalls.c" -mcpu=cortex-m4 -std=gnu11 -g3 -DDEBUG -DSTM32 -DSTM32F4 -DSTM32F446RETx -DNUCLEO_F446RE -DSTM32F446xx -c -I../Inc -I"D:/Softwares/Stm32/en.stm32cubef4-v1-28-0/STM32Cube_FW_F4_V1.28.0/Drivers/CMSIS/Device/ST/STM32F4xx/Include" -I"D:/Softwares/Stm32/en.stm32cubef4-v1-28-0/STM32Cube_FW_F4_V1.28.0/Drivers/CMSIS/Include" -O0 -ffunction-sections -fdata-sections -Wall -fstack-usage -fcyclomatic-complexity -MMD -MP -MF"Src/syscalls.d" -MT"Src/syscalls.o" --specs=nano.specs -mfpu=fpv4-sp-d16 -mfloat-abi=hard -mthumb -o "Src/syscalls.o"
arm-none-eabi-gcc "../Src/sysmem.c" -mcpu=cortex-m4 -std=gnu11 -g3 -DDEBUG -DSTM32 -DSTM32F4 -DSTM32F446RETx -DNUCLEO_F446RE -DSTM32F446xx -c -I../Inc -I"D:/Softwares/Stm32/en.stm32cubef4-v1-28-0/STM32Cube_FW_F4_V1.28.0/Drivers/CMSIS/Device/ST/STM32F4xx/Include" -I"D:/Softwares/Stm32/en.stm32cubef4-v1-28-0/STM32Cube_FW_F4_V1.28.0/Drivers/CMSIS/Include" -O0 -ffunction-sections -fdata-sections -Wall -fstack-usage -fcyclomatic-complexity -MMD -MP -MF"Src/sysmem.d" -MT"Src/sysmem.o" --specs=nano.specs -mfpu=fpv4-sp-d16 -mfloat-abi=hard -mthumb -o "Src/sysmem.o"
arm-none-eabi-gcc "../Src/uart.c" -mcpu=cortex-m4 -std=gnu11 -g3 -DDEBUG -DSTM32 -DSTM32F4 -DSTM32F446RETx -DNUCLEO_F446RE -DSTM32F446xx -c -I../Inc -I"D:/Softwares/Stm32/en.stm32cubef4-v1-28-0/STM32Cube_FW_F4_V1.28.0/Drivers/CMSIS/Device/ST/STM32F4xx/Include" -I"D:/Softwares/Stm32/en.stm32cubef4-v1-28-0/STM32Cube_FW_F4_V1.28.0/Drivers/CMSIS/Include" -O0 -ffunction-sections -fdata-sections -Wall -fstack-usage -fcyclomatic-complexity -MMD -MP -MF"Src/uart.d" -MT"Src/uart.o" --specs=nano.specs -mfpu=fpv4-sp-d16 -mfloat-abi=hard -mthumb -o "Src/uart.o"
../Src/I2C.c: In function 'I2C_ByteRead':
../Src/I2C.c:154:22: warning: variable 'temp' set but not used [-Wunused-but-set-variable]
  154 |         volatile int temp;
      |                      ^~~~
../Src/I2C.c: In function 'I2C1_BurstRead':
../Src/I2C.c:211:22: warning: variable 'temp' set but not used [-Wunused-but-set-variable]
  211 |         volatile int temp;
      |                      ^~~~
../Src/I2C.c: In function 'I2C1_BurstWrite':
../Src/I2C.c:292:22: warning: variable 'temp' set but not used [-Wunused-but-set-variable]
  292 |         volatile int temp;
      |                      ^~~~
../Src/main.c: In function 'main':
../Src/main.c:16:13: error: implicit declaration of function 'HAL_Delay' [-Wimplicit-function-declaration]
   16 |             HAL_Delay(1000);
      |             ^~~~~~~~~
../Src/main.c: At top level:
../Src/main.c:18:1: error: expected identifier or '(' before '}' token
   18 | }
      | ^
make: *** [Src/subdir.mk:34: Src/main.o] Error 1
make: *** Waiting for unfinished jobs....
"make -j16 all" terminated with exit code 2. Build might be incomplete.
21:26:02 **** Incremental Build of configuration Debug for project 00_Led_Toggle_Addr ****
make -j16 all 
arm-none-eabi-size  00_Led_Toggle_Addr.elf 
   text	   data	    bss	    dec	    hex	filename
    772	      0	   1568	   2340	    924	00_Led_Toggle_Addr.elf
Finished building: default.size.stdout
 
21:26:03 **** Incremental Build of configuration Debug for project 20_Uart_Tx_DMA ****
make -j16 all 
arm-none-eabi-gcc -mcpu=cortex-m4 -g3 -DDEBUG -c -x assembler-with-cpp -MMD -MP -MF"Startup/startup_stm32f446retx.d" -MT"Startup/startup_stm32f446retx.o" --specs=nano.specs -mfpu=fpv4-sp-d16 -mfloat-abi=hard -mthumb -o "Startup/startup_stm32f446retx.o" "../Startup/startup_stm32f446retx.s"
arm-none-eabi-gcc "../Src/main.c" -mcpu=cortex-m4 -std=gnu11 -g3 -DDEBUG -DSTM32 -DSTM32F4 -DSTM32F446RETx -DNUCLEO_F446RE -DSTM32F446xx -c -I../Inc -I"D:/Softwares/Stm32/en.stm32cubef4-v1-28-0/STM32Cube_FW_F4_V1.28.0/Drivers/CMSIS/Device/ST/STM32F4xx/Include" -I"D:/Softwares/Stm32/en.stm32cubef4-v1-28-0/STM32Cube_FW_F4_V1.28.0/Drivers/CMSIS/Include" -O0 -ffunction-sections -fdata-sections -Wall -fstack-usage -fcyclomatic-complexity -MMD -MP -MF"Src/main.d" -MT"Src/main.o" --specs=nano.specs -mfpu=fpv4-sp-d16 -mfloat-abi=hard -mthumb -o "Src/main.o"
arm-none-eabi-gcc "../Src/syscalls.c" -mcpu=cortex-m4 -std=gnu11 -g3 -DDEBUG -DSTM32 -DSTM32F4 -DSTM32F446RETx -DNUCLEO_F446RE -DSTM32F446xx -c -I../Inc -I"D:/Softwares/Stm32/en.stm32cubef4-v1-28-0/STM32Cube_FW_F4_V1.28.0/Drivers/CMSIS/Device/ST/STM32F4xx/Include" -I"D:/Softwares/Stm32/en.stm32cubef4-v1-28-0/STM32Cube_FW_F4_V1.28.0/Drivers/CMSIS/Include" -O0 -ffunction-sections -fdata-sections -Wall -fstack-usage -fcyclomatic-complexity -MMD -MP -MF"Src/syscalls.d" -MT"Src/syscalls.o" --specs=nano.specs -mfpu=fpv4-sp-d16 -mfloat-abi=hard -mthumb -o "Src/syscalls.o"
arm-none-eabi-gcc "../Src/sysmem.c" -mcpu=cortex-m4 -std=gnu11 -g3 -DDEBUG -DSTM32 -DSTM32F4 -DSTM32F446RETx -DNUCLEO_F446RE -DSTM32F446xx -c -I../Inc -I"D:/Softwares/Stm32/en.stm32cubef4-v1-28-0/STM32Cube_FW_F4_V1.28.0/Drivers/CMSIS/Device/ST/STM32F4xx/Include" -I"D:/Softwares/Stm32/en.stm32cubef4-v1-28-0/STM32Cube_FW_F4_V1.28.0/Drivers/CMSIS/Include" -O0 -ffunction-sections -fdata-sections -Wall -fstack-usage -fcyclomatic-complexity -MMD -MP -MF"Src/sysmem.d" -MT"Src/sysmem.o" --specs=nano.specs -mfpu=fpv4-sp-d16 -mfloat-abi=hard -mthumb -o "Src/sysmem.o"
arm-none-eabi-gcc "../Src/uart.c" -mcpu=cortex-m4 -std=gnu11 -g3 -DDEBUG -DSTM32 -DSTM32F4 -DSTM32F446RETx -DNUCLEO_F446RE -DSTM32F446xx -c -I../Inc -I"D:/Softwares/Stm32/en.stm32cubef4-v1-28-0/STM32Cube_FW_F4_V1.28.0/Drivers/CMSIS/Device/ST/STM32F4xx/Include" -I"D:/Softwares/Stm32/en.stm32cubef4-v1-28-0/STM32Cube_FW_F4_V1.28.0/Drivers/CMSIS/Include" -O0 -ffunction-sections -fdata-sections -Wall -fstack-usage -fcyclomatic-complexity -MMD -MP -MF"Src/uart.d" -MT"Src/uart.o" --specs=nano.specs -mfpu=fpv4-sp-d16 -mfloat-abi=hard -mthumb -o "Src/uart.o"
arm-none-eabi-gcc -o "20_Uart_Tx_DMA.elf" @"objects.list"   -mcpu=cortex-m4 -T"D:\MCU1_Bare_Metal_Progamming_BHM\20_Uart_Tx_DMA\STM32F446RETX_FLASH.ld" --specs=nosys.specs -Wl,-Map="20_Uart_Tx_DMA.map" -Wl,--gc-sections -static --specs=nano.specs -mfpu=fpv4-sp-d16 -mfloat-abi=hard -mthumb -Wl,--start-group -lc -lm -Wl,--end-group
Finished building target: 20_Uart_Tx_DMA.elf
 
arm-none-eabi-size  20_Uart_Tx_DMA.elf 
arm-none-eabi-objdump -h -S 20_Uart_Tx_DMA.elf  > "20_Uart_Tx_DMA.list"
   text	   data	    bss	    dec	    hex	filename
   1436	      0	   1568	   3004	    bbc	20_Uart_Tx_DMA.elf
Finished building: default.size.stdout
 
Finished building: 20_Uart_Tx_DMA.list
 
21:26:04 **** Incremental Build of configuration Debug for project 21_I2C ****
make -j16 all 
arm-none-eabi-gcc "../Src/I2C.c" -mcpu=cortex-m4 -std=gnu11 -g3 -DDEBUG -DSTM32 -DSTM32F4 -DSTM32F446RETx -DNUCLEO_F446RE -DSTM32F446xx -c -I../Inc -I"D:/Softwares/Stm32/en.stm32cubef4-v1-28-0/STM32Cube_FW_F4_V1.28.0/Drivers/CMSIS/Device/ST/STM32F4xx/Include" -I"D:/Softwares/Stm32/en.stm32cubef4-v1-28-0/STM32Cube_FW_F4_V1.28.0/Drivers/CMSIS/Include" -O0 -ffunction-sections -fdata-sections -Wall -fstack-usage -fcyclomatic-complexity -MMD -MP -MF"Src/I2C.d" -MT"Src/I2C.o" --specs=nano.specs -mfpu=fpv4-sp-d16 -mfloat-abi=hard -mthumb -o "Src/I2C.o"
arm-none-eabi-gcc "../Src/bmp280.c" -mcpu=cortex-m4 -std=gnu11 -g3 -DDEBUG -DSTM32 -DSTM32F4 -DSTM32F446RETx -DNUCLEO_F446RE -DSTM32F446xx -c -I../Inc -I"D:/Softwares/Stm32/en.stm32cubef4-v1-28-0/STM32Cube_FW_F4_V1.28.0/Drivers/CMSIS/Device/ST/STM32F4xx/Include" -I"D:/Softwares/Stm32/en.stm32cubef4-v1-28-0/STM32Cube_FW_F4_V1.28.0/Drivers/CMSIS/Include" -O0 -ffunction-sections -fdata-sections -Wall -fstack-usage -fcyclomatic-complexity -MMD -MP -MF"Src/bmp280.d" -MT"Src/bmp280.o" --specs=nano.specs -mfpu=fpv4-sp-d16 -mfloat-abi=hard -mthumb -o "Src/bmp280.o"
arm-none-eabi-gcc "../Src/main.c" -mcpu=cortex-m4 -std=gnu11 -g3 -DDEBUG -DSTM32 -DSTM32F4 -DSTM32F446RETx -DNUCLEO_F446RE -DSTM32F446xx -c -I../Inc -I"D:/Softwares/Stm32/en.stm32cubef4-v1-28-0/STM32Cube_FW_F4_V1.28.0/Drivers/CMSIS/Device/ST/STM32F4xx/Include" -I"D:/Softwares/Stm32/en.stm32cubef4-v1-28-0/STM32Cube_FW_F4_V1.28.0/Drivers/CMSIS/Include" -O0 -ffunction-sections -fdata-sections -Wall -fstack-usage -fcyclomatic-complexity -MMD -MP -MF"Src/main.d" -MT"Src/main.o" --specs=nano.specs -mfpu=fpv4-sp-d16 -mfloat-abi=hard -mthumb -o "Src/main.o"
arm-none-eabi-gcc "../Src/syscalls.c" -mcpu=cortex-m4 -std=gnu11 -g3 -DDEBUG -DSTM32 -DSTM32F4 -DSTM32F446RETx -DNUCLEO_F446RE -DSTM32F446xx -c -I../Inc -I"D:/Softwares/Stm32/en.stm32cubef4-v1-28-0/STM32Cube_FW_F4_V1.28.0/Drivers/CMSIS/Device/ST/STM32F4xx/Include" -I"D:/Softwares/Stm32/en.stm32cubef4-v1-28-0/STM32Cube_FW_F4_V1.28.0/Drivers/CMSIS/Include" -O0 -ffunction-sections -fdata-sections -Wall -fstack-usage -fcyclomatic-complexity -MMD -MP -MF"Src/syscalls.d" -MT"Src/syscalls.o" --specs=nano.specs -mfpu=fpv4-sp-d16 -mfloat-abi=hard -mthumb -o "Src/syscalls.o"
arm-none-eabi-gcc "../Src/sysmem.c" -mcpu=cortex-m4 -std=gnu11 -g3 -DDEBUG -DSTM32 -DSTM32F4 -DSTM32F446RETx -DNUCLEO_F446RE -DSTM32F446xx -c -I../Inc -I"D:/Softwares/Stm32/en.stm32cubef4-v1-28-0/STM32Cube_FW_F4_V1.28.0/Drivers/CMSIS/Device/ST/STM32F4xx/Include" -I"D:/Softwares/Stm32/en.stm32cubef4-v1-28-0/STM32Cube_FW_F4_V1.28.0/Drivers/CMSIS/Include" -O0 -ffunction-sections -fdata-sections -Wall -fstack-usage -fcyclomatic-complexity -MMD -MP -MF"Src/sysmem.d" -MT"Src/sysmem.o" --specs=nano.specs -mfpu=fpv4-sp-d16 -mfloat-abi=hard -mthumb -o "Src/sysmem.o"
arm-none-eabi-gcc "../Src/uart.c" -mcpu=cortex-m4 -std=gnu11 -g3 -DDEBUG -DSTM32 -DSTM32F4 -DSTM32F446RETx -DNUCLEO_F446RE -DSTM32F446xx -c -I../Inc -I"D:/Softwares/Stm32/en.stm32cubef4-v1-28-0/STM32Cube_FW_F4_V1.28.0/Drivers/CMSIS/Device/ST/STM32F4xx/Include" -I"D:/Softwares/Stm32/en.stm32cubef4-v1-28-0/STM32Cube_FW_F4_V1.28.0/Drivers/CMSIS/Include" -O0 -ffunction-sections -fdata-sections -Wall -fstack-usage -fcyclomatic-complexity -MMD -MP -MF"Src/uart.d" -MT"Src/uart.o" --specs=nano.specs -mfpu=fpv4-sp-d16 -mfloat-abi=hard -mthumb -o "Src/uart.o"
../Src/I2C.c: In function 'I2C_ByteRead':
../Src/I2C.c:154:22: warning: variable 'temp' set but not used [-Wunused-but-set-variable]
  154 |         volatile int temp;
      |                      ^~~~
../Src/I2C.c: In function 'I2C1_BurstRead':
../Src/I2C.c:211:22: warning: variable 'temp' set but not used [-Wunused-but-set-variable]
  211 |         volatile int temp;
      |                      ^~~~
../Src/I2C.c: In function 'I2C1_BurstWrite':
../Src/I2C.c:292:22: warning: variable 'temp' set but not used [-Wunused-but-set-variable]
  292 |         volatile int temp;
      |                      ^~~~
arm-none-eabi-gcc -o "21_I2C.elf" @"objects.list"   -mcpu=cortex-m4 -T"D:\MCU1_Bare_Metal_Progamming_BHM\21_I2C\STM32F446RETX_FLASH.ld" --specs=nosys.specs -Wl,-Map="21_I2C.map" -Wl,--gc-sections -static --specs=nano.specs -mfpu=fpv4-sp-d16 -mfloat-abi=hard -mthumb -Wl,--start-group -lc -lm -Wl,--end-group
Finished building target: 21_I2C.elf
 
arm-none-eabi-size  21_I2C.elf 
arm-none-eabi-objdump -h -S 21_I2C.elf  > "21_I2C.list"
   text	   data	    bss	    dec	    hex	filename
   1304	      0	   1568	   2872	    b38	21_I2C.elf
Finished building: default.size.stdout
 
Finished building: 21_I2C.list
 
21:26:08 **** Incremental Build of configuration Debug for project 21_I2C ****
make -j16 all 
arm-none-eabi-gcc "../Src/I2C.c" -mcpu=cortex-m4 -std=gnu11 -g3 -DDEBUG -DSTM32 -DSTM32F4 -DSTM32F446RETx -DNUCLEO_F446RE -DSTM32F446xx -c -I../Inc -I"D:/Softwares/Stm32/en.stm32cubef4-v1-28-0/STM32Cube_FW_F4_V1.28.0/Drivers/CMSIS/Device/ST/STM32F4xx/Include" -I"D:/Softwares/Stm32/en.stm32cubef4-v1-28-0/STM32Cube_FW_F4_V1.28.0/Drivers/CMSIS/Include" -O0 -ffunction-sections -fdata-sections -Wall -fstack-usage -fcyclomatic-complexity -MMD -MP -MF"Src/I2C.d" -MT"Src/I2C.o" --specs=nano.specs -mfpu=fpv4-sp-d16 -mfloat-abi=hard -mthumb -o "Src/I2C.o"
arm-none-eabi-gcc "../Src/bmp280.c" -mcpu=cortex-m4 -std=gnu11 -g3 -DDEBUG -DSTM32 -DSTM32F4 -DSTM32F446RETx -DNUCLEO_F446RE -DSTM32F446xx -c -I../Inc -I"D:/Softwares/Stm32/en.stm32cubef4-v1-28-0/STM32Cube_FW_F4_V1.28.0/Drivers/CMSIS/Device/ST/STM32F4xx/Include" -I"D:/Softwares/Stm32/en.stm32cubef4-v1-28-0/STM32Cube_FW_F4_V1.28.0/Drivers/CMSIS/Include" -O0 -ffunction-sections -fdata-sections -Wall -fstack-usage -fcyclomatic-complexity -MMD -MP -MF"Src/bmp280.d" -MT"Src/bmp280.o" --specs=nano.specs -mfpu=fpv4-sp-d16 -mfloat-abi=hard -mthumb -o "Src/bmp280.o"
arm-none-eabi-gcc "../Src/main.c" -mcpu=cortex-m4 -std=gnu11 -g3 -DDEBUG -DSTM32 -DSTM32F4 -DSTM32F446RETx -DNUCLEO_F446RE -DSTM32F446xx -c -I../Inc -I"D:/Softwares/Stm32/en.stm32cubef4-v1-28-0/STM32Cube_FW_F4_V1.28.0/Drivers/CMSIS/Device/ST/STM32F4xx/Include" -I"D:/Softwares/Stm32/en.stm32cubef4-v1-28-0/STM32Cube_FW_F4_V1.28.0/Drivers/CMSIS/Include" -O0 -ffunction-sections -fdata-sections -Wall -fstack-usage -fcyclomatic-complexity -MMD -MP -MF"Src/main.d" -MT"Src/main.o" --specs=nano.specs -mfpu=fpv4-sp-d16 -mfloat-abi=hard -mthumb -o "Src/main.o"
arm-none-eabi-gcc "../Src/syscalls.c" -mcpu=cortex-m4 -std=gnu11 -g3 -DDEBUG -DSTM32 -DSTM32F4 -DSTM32F446RETx -DNUCLEO_F446RE -DSTM32F446xx -c -I../Inc -I"D:/Softwares/Stm32/en.stm32cubef4-v1-28-0/STM32Cube_FW_F4_V1.28.0/Drivers/CMSIS/Device/ST/STM32F4xx/Include" -I"D:/Softwares/Stm32/en.stm32cubef4-v1-28-0/STM32Cube_FW_F4_V1.28.0/Drivers/CMSIS/Include" -O0 -ffunction-sections -fdata-sections -Wall -fstack-usage -fcyclomatic-complexity -MMD -MP -MF"Src/syscalls.d" -MT"Src/syscalls.o" --specs=nano.specs -mfpu=fpv4-sp-d16 -mfloat-abi=hard -mthumb -o "Src/syscalls.o"
arm-none-eabi-gcc "../Src/sysmem.c" -mcpu=cortex-m4 -std=gnu11 -g3 -DDEBUG -DSTM32 -DSTM32F4 -DSTM32F446RETx -DNUCLEO_F446RE -DSTM32F446xx -c -I../Inc -I"D:/Softwares/Stm32/en.stm32cubef4-v1-28-0/STM32Cube_FW_F4_V1.28.0/Drivers/CMSIS/Device/ST/STM32F4xx/Include" -I"D:/Softwares/Stm32/en.stm32cubef4-v1-28-0/STM32Cube_FW_F4_V1.28.0/Drivers/CMSIS/Include" -O0 -ffunction-sections -fdata-sections -Wall -fstack-usage -fcyclomatic-complexity -MMD -MP -MF"Src/sysmem.d" -MT"Src/sysmem.o" --specs=nano.specs -mfpu=fpv4-sp-d16 -mfloat-abi=hard -mthumb -o "Src/sysmem.o"
arm-none-eabi-gcc "../Src/uart.c" -mcpu=cortex-m4 -std=gnu11 -g3 -DDEBUG -DSTM32 -DSTM32F4 -DSTM32F446RETx -DNUCLEO_F446RE -DSTM32F446xx -c -I../Inc -I"D:/Softwares/Stm32/en.stm32cubef4-v1-28-0/STM32Cube_FW_F4_V1.28.0/Drivers/CMSIS/Device/ST/STM32F4xx/Include" -I"D:/Softwares/Stm32/en.stm32cubef4-v1-28-0/STM32Cube_FW_F4_V1.28.0/Drivers/CMSIS/Include" -O0 -ffunction-sections -fdata-sections -Wall -fstack-usage -fcyclomatic-complexity -MMD -MP -MF"Src/uart.d" -MT"Src/uart.o" --specs=nano.specs -mfpu=fpv4-sp-d16 -mfloat-abi=hard -mthumb -o "Src/uart.o"
../Src/I2C.c: In function 'I2C_ByteRead':
../Src/I2C.c:154:22: warning: variable 'temp' set but not used [-Wunused-but-set-variable]
  154 |         volatile int temp;
      |                      ^~~~
../Src/I2C.c: In function 'I2C1_BurstRead':
../Src/I2C.c:211:22: warning: variable 'temp' set but not used [-Wunused-but-set-variable]
  211 |         volatile int temp;
      |                      ^~~~
../Src/I2C.c: In function 'I2C1_BurstWrite':
../Src/I2C.c:292:22: warning: variable 'temp' set but not used [-Wunused-but-set-variable]
  292 |         volatile int temp;
      |                      ^~~~
arm-none-eabi-gcc -o "21_I2C.elf" @"objects.list"   -mcpu=cortex-m4 -T"D:\MCU1_Bare_Metal_Progamming_BHM\21_I2C\STM32F446RETX_FLASH.ld" --specs=nosys.specs -Wl,-Map="21_I2C.map" -Wl,--gc-sections -static --specs=nano.specs -mfpu=fpv4-sp-d16 -mfloat-abi=hard -mthumb -Wl,--start-group -lc -lm -Wl,--end-group
Finished building target: 21_I2C.elf
 
arm-none-eabi-size  21_I2C.elf 
arm-none-eabi-objdump -h -S 21_I2C.elf  > "21_I2C.list"
   text	   data	    bss	    dec	    hex	filename
   1304	      0	   1568	   2872	    b38	21_I2C.elf
Finished building: default.size.stdout
 
Finished building: 21_I2C.list
 
21:27:56 **** Incremental Build of configuration Debug for project 21_I2C ****
make -j16 all 
arm-none-eabi-gcc "../Src/I2C.c" -mcpu=cortex-m4 -std=gnu11 -g3 -DDEBUG -DSTM32 -DSTM32F4 -DSTM32F446RETx -DNUCLEO_F446RE -DSTM32F446xx -c -I../Inc -I"D:/Softwares/Stm32/en.stm32cubef4-v1-28-0/STM32Cube_FW_F4_V1.28.0/Drivers/CMSIS/Device/ST/STM32F4xx/Include" -I"D:/Softwares/Stm32/en.stm32cubef4-v1-28-0/STM32Cube_FW_F4_V1.28.0/Drivers/CMSIS/Include" -O0 -ffunction-sections -fdata-sections -Wall -fstack-usage -fcyclomatic-complexity -MMD -MP -MF"Src/I2C.d" -MT"Src/I2C.o" --specs=nano.specs -mfpu=fpv4-sp-d16 -mfloat-abi=hard -mthumb -o "Src/I2C.o"
arm-none-eabi-gcc "../Src/bmp280.c" -mcpu=cortex-m4 -std=gnu11 -g3 -DDEBUG -DSTM32 -DSTM32F4 -DSTM32F446RETx -DNUCLEO_F446RE -DSTM32F446xx -c -I../Inc -I"D:/Softwares/Stm32/en.stm32cubef4-v1-28-0/STM32Cube_FW_F4_V1.28.0/Drivers/CMSIS/Device/ST/STM32F4xx/Include" -I"D:/Softwares/Stm32/en.stm32cubef4-v1-28-0/STM32Cube_FW_F4_V1.28.0/Drivers/CMSIS/Include" -O0 -ffunction-sections -fdata-sections -Wall -fstack-usage -fcyclomatic-complexity -MMD -MP -MF"Src/bmp280.d" -MT"Src/bmp280.o" --specs=nano.specs -mfpu=fpv4-sp-d16 -mfloat-abi=hard -mthumb -o "Src/bmp280.o"
arm-none-eabi-gcc "../Src/main.c" -mcpu=cortex-m4 -std=gnu11 -g3 -DDEBUG -DSTM32 -DSTM32F4 -DSTM32F446RETx -DNUCLEO_F446RE -DSTM32F446xx -c -I../Inc -I"D:/Softwares/Stm32/en.stm32cubef4-v1-28-0/STM32Cube_FW_F4_V1.28.0/Drivers/CMSIS/Device/ST/STM32F4xx/Include" -I"D:/Softwares/Stm32/en.stm32cubef4-v1-28-0/STM32Cube_FW_F4_V1.28.0/Drivers/CMSIS/Include" -O0 -ffunction-sections -fdata-sections -Wall -fstack-usage -fcyclomatic-complexity -MMD -MP -MF"Src/main.d" -MT"Src/main.o" --specs=nano.specs -mfpu=fpv4-sp-d16 -mfloat-abi=hard -mthumb -o "Src/main.o"
arm-none-eabi-gcc "../Src/syscalls.c" -mcpu=cortex-m4 -std=gnu11 -g3 -DDEBUG -DSTM32 -DSTM32F4 -DSTM32F446RETx -DNUCLEO_F446RE -DSTM32F446xx -c -I../Inc -I"D:/Softwares/Stm32/en.stm32cubef4-v1-28-0/STM32Cube_FW_F4_V1.28.0/Drivers/CMSIS/Device/ST/STM32F4xx/Include" -I"D:/Softwares/Stm32/en.stm32cubef4-v1-28-0/STM32Cube_FW_F4_V1.28.0/Drivers/CMSIS/Include" -O0 -ffunction-sections -fdata-sections -Wall -fstack-usage -fcyclomatic-complexity -MMD -MP -MF"Src/syscalls.d" -MT"Src/syscalls.o" --specs=nano.specs -mfpu=fpv4-sp-d16 -mfloat-abi=hard -mthumb -o "Src/syscalls.o"
arm-none-eabi-gcc "../Src/sysmem.c" -mcpu=cortex-m4 -std=gnu11 -g3 -DDEBUG -DSTM32 -DSTM32F4 -DSTM32F446RETx -DNUCLEO_F446RE -DSTM32F446xx -c -I../Inc -I"D:/Softwares/Stm32/en.stm32cubef4-v1-28-0/STM32Cube_FW_F4_V1.28.0/Drivers/CMSIS/Device/ST/STM32F4xx/Include" -I"D:/Softwares/Stm32/en.stm32cubef4-v1-28-0/STM32Cube_FW_F4_V1.28.0/Drivers/CMSIS/Include" -O0 -ffunction-sections -fdata-sections -Wall -fstack-usage -fcyclomatic-complexity -MMD -MP -MF"Src/sysmem.d" -MT"Src/sysmem.o" --specs=nano.specs -mfpu=fpv4-sp-d16 -mfloat-abi=hard -mthumb -o "Src/sysmem.o"
arm-none-eabi-gcc "../Src/uart.c" -mcpu=cortex-m4 -std=gnu11 -g3 -DDEBUG -DSTM32 -DSTM32F4 -DSTM32F446RETx -DNUCLEO_F446RE -DSTM32F446xx -c -I../Inc -I"D:/Softwares/Stm32/en.stm32cubef4-v1-28-0/STM32Cube_FW_F4_V1.28.0/Drivers/CMSIS/Device/ST/STM32F4xx/Include" -I"D:/Softwares/Stm32/en.stm32cubef4-v1-28-0/STM32Cube_FW_F4_V1.28.0/Drivers/CMSIS/Include" -O0 -ffunction-sections -fdata-sections -Wall -fstack-usage -fcyclomatic-complexity -MMD -MP -MF"Src/uart.d" -MT"Src/uart.o" --specs=nano.specs -mfpu=fpv4-sp-d16 -mfloat-abi=hard -mthumb -o "Src/uart.o"
../Src/I2C.c: In function 'I2C_ByteRead':
../Src/I2C.c:154:22: warning: variable 'temp' set but not used [-Wunused-but-set-variable]
  154 |         volatile int temp;
      |                      ^~~~
../Src/I2C.c: In function 'I2C1_BurstRead':
../Src/I2C.c:211:22: warning: variable 'temp' set but not used [-Wunused-but-set-variable]
  211 |         volatile int temp;
      |                      ^~~~
../Src/I2C.c: In function 'I2C1_BurstWrite':
../Src/I2C.c:292:22: warning: variable 'temp' set but not used [-Wunused-but-set-variable]
  292 |         volatile int temp;
      |                      ^~~~
arm-none-eabi-gcc -o "21_I2C.elf" @"objects.list"   -mcpu=cortex-m4 -T"D:\MCU1_Bare_Metal_Progamming_BHM\21_I2C\STM32F446RETX_FLASH.ld" --specs=nosys.specs -Wl,-Map="21_I2C.map" -Wl,--gc-sections -static --specs=nano.specs -mfpu=fpv4-sp-d16 -mfloat-abi=hard -mthumb -Wl,--start-group -lc -lm -Wl,--end-group
Finished building target: 21_I2C.elf
 
arm-none-eabi-size  21_I2C.elf 
arm-none-eabi-objdump -h -S 21_I2C.elf  > "21_I2C.list"
   text	   data	    bss	    dec	    hex	filename
   1288	      0	   1568	   2856	    b28	21_I2C.elf
Finished building: default.size.stdout
 
Finished building: 21_I2C.list
 
21:28:38 **** Incremental Build of configuration Debug for project 21_I2C ****
make -j16 all 
arm-none-eabi-gcc "../Src/I2C.c" -mcpu=cortex-m4 -std=gnu11 -g3 -DDEBUG -DSTM32 -DSTM32F4 -DSTM32F446RETx -DNUCLEO_F446RE -DSTM32F446xx -c -I../Inc -I"D:/Softwares/Stm32/en.stm32cubef4-v1-28-0/STM32Cube_FW_F4_V1.28.0/Drivers/CMSIS/Device/ST/STM32F4xx/Include" -I"D:/Softwares/Stm32/en.stm32cubef4-v1-28-0/STM32Cube_FW_F4_V1.28.0/Drivers/CMSIS/Include" -O0 -ffunction-sections -fdata-sections -Wall -fstack-usage -fcyclomatic-complexity -MMD -MP -MF"Src/I2C.d" -MT"Src/I2C.o" --specs=nano.specs -mfpu=fpv4-sp-d16 -mfloat-abi=hard -mthumb -o "Src/I2C.o"
arm-none-eabi-gcc "../Src/bmp280.c" -mcpu=cortex-m4 -std=gnu11 -g3 -DDEBUG -DSTM32 -DSTM32F4 -DSTM32F446RETx -DNUCLEO_F446RE -DSTM32F446xx -c -I../Inc -I"D:/Softwares/Stm32/en.stm32cubef4-v1-28-0/STM32Cube_FW_F4_V1.28.0/Drivers/CMSIS/Device/ST/STM32F4xx/Include" -I"D:/Softwares/Stm32/en.stm32cubef4-v1-28-0/STM32Cube_FW_F4_V1.28.0/Drivers/CMSIS/Include" -O0 -ffunction-sections -fdata-sections -Wall -fstack-usage -fcyclomatic-complexity -MMD -MP -MF"Src/bmp280.d" -MT"Src/bmp280.o" --specs=nano.specs -mfpu=fpv4-sp-d16 -mfloat-abi=hard -mthumb -o "Src/bmp280.o"
arm-none-eabi-gcc "../Src/main.c" -mcpu=cortex-m4 -std=gnu11 -g3 -DDEBUG -DSTM32 -DSTM32F4 -DSTM32F446RETx -DNUCLEO_F446RE -DSTM32F446xx -c -I../Inc -I"D:/Softwares/Stm32/en.stm32cubef4-v1-28-0/STM32Cube_FW_F4_V1.28.0/Drivers/CMSIS/Device/ST/STM32F4xx/Include" -I"D:/Softwares/Stm32/en.stm32cubef4-v1-28-0/STM32Cube_FW_F4_V1.28.0/Drivers/CMSIS/Include" -O0 -ffunction-sections -fdata-sections -Wall -fstack-usage -fcyclomatic-complexity -MMD -MP -MF"Src/main.d" -MT"Src/main.o" --specs=nano.specs -mfpu=fpv4-sp-d16 -mfloat-abi=hard -mthumb -o "Src/main.o"
arm-none-eabi-gcc "../Src/syscalls.c" -mcpu=cortex-m4 -std=gnu11 -g3 -DDEBUG -DSTM32 -DSTM32F4 -DSTM32F446RETx -DNUCLEO_F446RE -DSTM32F446xx -c -I../Inc -I"D:/Softwares/Stm32/en.stm32cubef4-v1-28-0/STM32Cube_FW_F4_V1.28.0/Drivers/CMSIS/Device/ST/STM32F4xx/Include" -I"D:/Softwares/Stm32/en.stm32cubef4-v1-28-0/STM32Cube_FW_F4_V1.28.0/Drivers/CMSIS/Include" -O0 -ffunction-sections -fdata-sections -Wall -fstack-usage -fcyclomatic-complexity -MMD -MP -MF"Src/syscalls.d" -MT"Src/syscalls.o" --specs=nano.specs -mfpu=fpv4-sp-d16 -mfloat-abi=hard -mthumb -o "Src/syscalls.o"
arm-none-eabi-gcc "../Src/sysmem.c" -mcpu=cortex-m4 -std=gnu11 -g3 -DDEBUG -DSTM32 -DSTM32F4 -DSTM32F446RETx -DNUCLEO_F446RE -DSTM32F446xx -c -I../Inc -I"D:/Softwares/Stm32/en.stm32cubef4-v1-28-0/STM32Cube_FW_F4_V1.28.0/Drivers/CMSIS/Device/ST/STM32F4xx/Include" -I"D:/Softwares/Stm32/en.stm32cubef4-v1-28-0/STM32Cube_FW_F4_V1.28.0/Drivers/CMSIS/Include" -O0 -ffunction-sections -fdata-sections -Wall -fstack-usage -fcyclomatic-complexity -MMD -MP -MF"Src/sysmem.d" -MT"Src/sysmem.o" --specs=nano.specs -mfpu=fpv4-sp-d16 -mfloat-abi=hard -mthumb -o "Src/sysmem.o"
arm-none-eabi-gcc "../Src/uart.c" -mcpu=cortex-m4 -std=gnu11 -g3 -DDEBUG -DSTM32 -DSTM32F4 -DSTM32F446RETx -DNUCLEO_F446RE -DSTM32F446xx -c -I../Inc -I"D:/Softwares/Stm32/en.stm32cubef4-v1-28-0/STM32Cube_FW_F4_V1.28.0/Drivers/CMSIS/Device/ST/STM32F4xx/Include" -I"D:/Softwares/Stm32/en.stm32cubef4-v1-28-0/STM32Cube_FW_F4_V1.28.0/Drivers/CMSIS/Include" -O0 -ffunction-sections -fdata-sections -Wall -fstack-usage -fcyclomatic-complexity -MMD -MP -MF"Src/uart.d" -MT"Src/uart.o" --specs=nano.specs -mfpu=fpv4-sp-d16 -mfloat-abi=hard -mthumb -o "Src/uart.o"
../Src/I2C.c: In function 'I2C_ByteRead':
../Src/I2C.c:154:22: warning: variable 'temp' set but not used [-Wunused-but-set-variable]
  154 |         volatile int temp;
      |                      ^~~~
../Src/I2C.c: In function 'I2C1_BurstRead':
../Src/I2C.c:211:22: warning: variable 'temp' set but not used [-Wunused-but-set-variable]
  211 |         volatile int temp;
      |                      ^~~~
../Src/I2C.c: In function 'I2C1_BurstWrite':
../Src/I2C.c:292:22: warning: variable 'temp' set but not used [-Wunused-but-set-variable]
  292 |         volatile int temp;
      |                      ^~~~
arm-none-eabi-gcc -o "21_I2C.elf" @"objects.list"   -mcpu=cortex-m4 -T"D:\MCU1_Bare_Metal_Progamming_BHM\21_I2C\STM32F446RETX_FLASH.ld" --specs=nosys.specs -Wl,-Map="21_I2C.map" -Wl,--gc-sections -static --specs=nano.specs -mfpu=fpv4-sp-d16 -mfloat-abi=hard -mthumb -Wl,--start-group -lc -lm -Wl,--end-group
Finished building target: 21_I2C.elf
 
arm-none-eabi-size  21_I2C.elf 
arm-none-eabi-objdump -h -S 21_I2C.elf  > "21_I2C.list"
   text	   data	    bss	    dec	    hex	filename
   1304	      0	   1568	   2872	    b38	21_I2C.elf
Finished building: default.size.stdout
 
Finished building: 21_I2C.list
 
