13:26:59 **** Clean-only build of configuration Debug for project 22_SPI ****
make -j16 clean 
rm -rf ./Startup/startup_stm32f446retx.d ./Startup/startup_stm32f446retx.o
rm -rf ./Src/SENSOR.cyclo ./Src/SENSOR.d ./Src/SENSOR.o ./Src/SENSOR.su ./Src/SPI.cyclo ./Src/SPI.d ./Src/SPI.o ./Src/SPI.su ./Src/main.cyclo ./Src/main.d ./Src/main.o ./Src/main.su ./Src/syscalls.cyclo ./Src/syscalls.d ./Src/syscalls.o ./Src/syscalls.su ./Src/sysmem.cyclo ./Src/sysmem.d ./Src/sysmem.o ./Src/sysmem.su
rm -rf 22_SPI.elf 22_SPI.list 22_SPI.map default.size.stdout
 
13:27:03 **** Clean-only build of configuration Debug for project 22_SPI ****
make -j16 clean 
rm -rf ./Startup/startup_stm32f446retx.d ./Startup/startup_stm32f446retx.o
rm -rf ./Src/SENSOR.cyclo ./Src/SENSOR.d ./Src/SENSOR.o ./Src/SENSOR.su ./Src/SPI.cyclo ./Src/SPI.d ./Src/SPI.o ./Src/SPI.su ./Src/main.cyclo ./Src/main.d ./Src/main.o ./Src/main.su ./Src/syscalls.cyclo ./Src/syscalls.d ./Src/syscalls.o ./Src/syscalls.su ./Src/sysmem.cyclo ./Src/sysmem.d ./Src/sysmem.o ./Src/sysmem.su
rm -rf 22_SPI.elf 22_SPI.list 22_SPI.map default.size.stdout
 
13:27:03 **** Build of configuration Debug for project 22_SPI ****
make -j16 all 
arm-none-eabi-gcc -mcpu=cortex-m4 -g3 -DDEBUG -c -x assembler-with-cpp -MMD -MP -MF"Startup/startup_stm32f446retx.d" -MT"Startup/startup_stm32f446retx.o" --specs=nano.specs -mfpu=fpv4-sp-d16 -mfloat-abi=hard -mthumb -o "Startup/startup_stm32f446retx.o" "../Startup/startup_stm32f446retx.s"
arm-none-eabi-gcc "../Src/SENSOR.c" -mcpu=cortex-m4 -std=gnu11 -g3 -DDEBUG -DSTM32 -DSTM32F4 -DSTM32F446RETx -DNUCLEO_F446RE -DSTM32F446xx -c -I../Inc -I"D:/Softwares/Stm32/en.stm32cubef4-v1-28-0/STM32Cube_FW_F4_V1.28.0/Drivers/CMSIS/Device/ST/STM32F4xx/Include" -I"D:/Softwares/Stm32/en.stm32cubef4-v1-28-0/STM32Cube_FW_F4_V1.28.0/Drivers/CMSIS/Include" -O0 -ffunction-sections -fdata-sections -Wall -fstack-usage -fcyclomatic-complexity -MMD -MP -MF"Src/SENSOR.d" -MT"Src/SENSOR.o" --specs=nano.specs -mfpu=fpv4-sp-d16 -mfloat-abi=hard -mthumb -o "Src/SENSOR.o"
arm-none-eabi-gcc "../Src/SP.c" -mcpu=cortex-m4 -std=gnu11 -g3 -DDEBUG -DSTM32 -DSTM32F4 -DSTM32F446RETx -DNUCLEO_F446RE -DSTM32F446xx -c -I../Inc -I"D:/Softwares/Stm32/en.stm32cubef4-v1-28-0/STM32Cube_FW_F4_V1.28.0/Drivers/CMSIS/Device/ST/STM32F4xx/Include" -I"D:/Softwares/Stm32/en.stm32cubef4-v1-28-0/STM32Cube_FW_F4_V1.28.0/Drivers/CMSIS/Include" -O0 -ffunction-sections -fdata-sections -Wall -fstack-usage -fcyclomatic-complexity -MMD -MP -MF"Src/SP.d" -MT"Src/SP.o" --specs=nano.specs -mfpu=fpv4-sp-d16 -mfloat-abi=hard -mthumb -o "Src/SP.o"
arm-none-eabi-gcc "../Src/main1.c" -mcpu=cortex-m4 -std=gnu11 -g3 -DDEBUG -DSTM32 -DSTM32F4 -DSTM32F446RETx -DNUCLEO_F446RE -DSTM32F446xx -c -I../Inc -I"D:/Softwares/Stm32/en.stm32cubef4-v1-28-0/STM32Cube_FW_F4_V1.28.0/Drivers/CMSIS/Device/ST/STM32F4xx/Include" -I"D:/Softwares/Stm32/en.stm32cubef4-v1-28-0/STM32Cube_FW_F4_V1.28.0/Drivers/CMSIS/Include" -O0 -ffunction-sections -fdata-sections -Wall -fstack-usage -fcyclomatic-complexity -MMD -MP -MF"Src/main1.d" -MT"Src/main1.o" --specs=nano.specs -mfpu=fpv4-sp-d16 -mfloat-abi=hard -mthumb -o "Src/main1.o"
arm-none-eabi-gcc "../Src/syscalls.c" -mcpu=cortex-m4 -std=gnu11 -g3 -DDEBUG -DSTM32 -DSTM32F4 -DSTM32F446RETx -DNUCLEO_F446RE -DSTM32F446xx -c -I../Inc -I"D:/Softwares/Stm32/en.stm32cubef4-v1-28-0/STM32Cube_FW_F4_V1.28.0/Drivers/CMSIS/Device/ST/STM32F4xx/Include" -I"D:/Softwares/Stm32/en.stm32cubef4-v1-28-0/STM32Cube_FW_F4_V1.28.0/Drivers/CMSIS/Include" -O0 -ffunction-sections -fdata-sections -Wall -fstack-usage -fcyclomatic-complexity -MMD -MP -MF"Src/syscalls.d" -MT"Src/syscalls.o" --specs=nano.specs -mfpu=fpv4-sp-d16 -mfloat-abi=hard -mthumb -o "Src/syscalls.o"
arm-none-eabi-gcc "../Src/sysmem.c" -mcpu=cortex-m4 -std=gnu11 -g3 -DDEBUG -DSTM32 -DSTM32F4 -DSTM32F446RETx -DNUCLEO_F446RE -DSTM32F446xx -c -I../Inc -I"D:/Softwares/Stm32/en.stm32cubef4-v1-28-0/STM32Cube_FW_F4_V1.28.0/Drivers/CMSIS/Device/ST/STM32F4xx/Include" -I"D:/Softwares/Stm32/en.stm32cubef4-v1-28-0/STM32Cube_FW_F4_V1.28.0/Drivers/CMSIS/Include" -O0 -ffunction-sections -fdata-sections -Wall -fstack-usage -fcyclomatic-complexity -MMD -MP -MF"Src/sysmem.d" -MT"Src/sysmem.o" --specs=nano.specs -mfpu=fpv4-sp-d16 -mfloat-abi=hard -mthumb -o "Src/sysmem.o"
../Src/SP.c: In function 'main':
../Src/SP.c:126:26: warning: unused variable 'dummy' [-Wunused-variable]
  126 |         volatile uint8_t dummy = SPI1->DR;
      |                          ^~~~~
../Src/SP.c:134:22: warning: variable 'temp' set but not used [-Wunused-but-set-variable]
  134 |     volatile uint8_t temp;
      |                      ^~~~
../Src/main1.c: In function 'main':
../Src/main1.c:11:5: warning: implicit declaration of function 'spi1_gpio_init'; did you mean 'spi2_gpio_init'? [-Wimplicit-function-declaration]
   11 |     spi1_gpio_init();     // PA5, PA6, PA7, PA9
      |     ^~~~~~~~~~~~~~
      |     spi2_gpio_init
../Src/main1.c:16:5: warning: implicit declaration of function 'spi1_config'; did you mean 'spi2_config'? [-Wimplicit-function-declaration]
   16 |     spi1_config();        // SPI1 as master
      |     ^~~~~~~~~~~
      |     spi2_config
../Src/main1.c:24:29: error: 'SR_TXE' undeclared (first use in this function)
   24 |         while (!(SPI1->SR & SR_TXE)) {}
      |                             ^~~~~~
../Src/main1.c:24:29: note: each undeclared identifier is reported only once for each function it appears in
../Src/main1.c:30:29: error: 'SR_RXNE' undeclared (first use in this function); did you mean 'SPI_SR_RXNE'?
   30 |         while (!(SPI2->SR & SR_RXNE)) {}
      |                             ^~~~~~~
      |                             SPI_SR_RXNE
../Src/main1.c:37:26: warning: unused variable 'dummy' [-Wunused-variable]
   37 |         volatile uint8_t dummy = SPI1->DR;
      |                          ^~~~~
../Src/main1.c:41:23: error: 'SR_BSY' undeclared (first use in this function)
   41 |     while (SPI1->SR & SR_BSY) {}
      |                       ^~~~~~
../Src/main1.c:47:22: warning: variable 'temp' set but not used [-Wunused-but-set-variable]
   47 |     volatile uint8_t temp;
      |                      ^~~~
make: *** [Src/subdir.mk:31: Src/main1.o] Error 1
make: *** Waiting for unfinished jobs....
"make -j16 all" terminated with exit code 2. Build might be incomplete.
13:28:10 **** Incremental Build of configuration Debug for project 22_SPI ****
make -j16 all 
arm-none-eabi-gcc "../Src/SP.c" -mcpu=cortex-m4 -std=gnu11 -g3 -DDEBUG -DSTM32 -DSTM32F4 -DSTM32F446RETx -DNUCLEO_F446RE -DSTM32F446xx -c -I../Inc -I"D:/Softwares/Stm32/en.stm32cubef4-v1-28-0/STM32Cube_FW_F4_V1.28.0/Drivers/CMSIS/Device/ST/STM32F4xx/Include" -I"D:/Softwares/Stm32/en.stm32cubef4-v1-28-0/STM32Cube_FW_F4_V1.28.0/Drivers/CMSIS/Include" -O0 -ffunction-sections -fdata-sections -Wall -fstack-usage -fcyclomatic-complexity -MMD -MP -MF"Src/SP.d" -MT"Src/SP.o" --specs=nano.specs -mfpu=fpv4-sp-d16 -mfloat-abi=hard -mthumb -o "Src/SP.o"
arm-none-eabi-gcc "../Src/main1.c" -mcpu=cortex-m4 -std=gnu11 -g3 -DDEBUG -DSTM32 -DSTM32F4 -DSTM32F446RETx -DNUCLEO_F446RE -DSTM32F446xx -c -I../Inc -I"D:/Softwares/Stm32/en.stm32cubef4-v1-28-0/STM32Cube_FW_F4_V1.28.0/Drivers/CMSIS/Device/ST/STM32F4xx/Include" -I"D:/Softwares/Stm32/en.stm32cubef4-v1-28-0/STM32Cube_FW_F4_V1.28.0/Drivers/CMSIS/Include" -O0 -ffunction-sections -fdata-sections -Wall -fstack-usage -fcyclomatic-complexity -MMD -MP -MF"Src/main1.d" -MT"Src/main1.o" --specs=nano.specs -mfpu=fpv4-sp-d16 -mfloat-abi=hard -mthumb -o "Src/main1.o"
../Src/main1.c: In function 'main':
../Src/main1.c:11:5: warning: implicit declaration of function 'spi1_gpio_init'; did you mean 'spi2_gpio_init'? [-Wimplicit-function-declaration]
   11 |     spi1_gpio_init();     // PA5, PA6, PA7, PA9
      |     ^~~~~~~~~~~~~~
      |     spi2_gpio_init
../Src/main1.c:16:5: warning: implicit declaration of function 'spi1_config'; did you mean 'spi2_config'? [-Wimplicit-function-declaration]
   16 |     spi1_config();        // SPI1 as master
      |     ^~~~~~~~~~~
      |     spi2_config
../Src/main1.c:37:26: warning: unused variable 'dummy' [-Wunused-variable]
   37 |         volatile uint8_t dummy = SPI1->DR;
      |                          ^~~~~
../Src/main1.c:47:22: warning: variable 'temp' set but not used [-Wunused-but-set-variable]
   47 |     volatile uint8_t temp;
      |                      ^~~~
../Src/SP.c: In function 'main':
../Src/SP.c:124:26: warning: unused variable 'dummy' [-Wunused-variable]
  124 |         volatile uint8_t dummy = SPI1->DR;
      |                          ^~~~~
../Src/SP.c:132:22: warning: variable 'temp' set but not used [-Wunused-but-set-variable]
  132 |     volatile uint8_t temp;
      |                      ^~~~
arm-none-eabi-gcc -o "22_SPI.elf" @"objects.list"   -mcpu=cortex-m4 -T"D:\MCU1_Bare_Metal_Progamming_BHM\22_SPI\STM32F446RETX_FLASH.ld" --specs=nosys.specs -Wl,-Map="22_SPI.map" -Wl,--gc-sections -static --specs=nano.specs -mfpu=fpv4-sp-d16 -mfloat-abi=hard -mthumb -Wl,--start-group -lc -lm -Wl,--end-group
C:/ST/STM32CubeIDE_1.18.1/STM32CubeIDE/plugins/com.st.stm32cube.ide.mcu.externaltools.gnu-tools-for-stm32.13.3.rel1.win32_1.0.0.202411081344/tools/bin/../lib/gcc/arm-none-eabi/13.3.1/../../../../arm-none-eabi/bin/ld.exe: ./Src/main1.o:D:/MCU1_Bare_Metal_Progamming_BHM/22_SPI/Debug/../Src/main1.c:5: multiple definition of `tx_data'; ./Src/SP.o:D:/MCU1_Bare_Metal_Progamming_BHM/22_SPI/Debug/../Src/SP.c:21: first defined here
C:/ST/STM32CubeIDE_1.18.1/STM32CubeIDE/plugins/com.st.stm32cube.ide.mcu.externaltools.gnu-tools-for-stm32.13.3.rel1.win32_1.0.0.202411081344/tools/bin/../lib/gcc/arm-none-eabi/13.3.1/../../../../arm-none-eabi/bin/ld.exe: ./Src/main1.o:D:/MCU1_Bare_Metal_Progamming_BHM/22_SPI/Debug/../Src/main1.c:6: multiple definition of `rx_data_spi2'; ./Src/SP.o:D:/MCU1_Bare_Metal_Progamming_BHM/22_SPI/Debug/../Src/SP.c:22: first defined here
C:/ST/STM32CubeIDE_1.18.1/STM32CubeIDE/plugins/com.st.stm32cube.ide.mcu.externaltools.gnu-tools-for-stm32.13.3.rel1.win32_1.0.0.202411081344/tools/bin/../lib/gcc/arm-none-eabi/13.3.1/../../../../arm-none-eabi/bin/ld.exe: ./Src/main1.o: in function `main':
D:/MCU1_Bare_Metal_Progamming_BHM/22_SPI/Debug/../Src/main1.c:9: multiple definition of `main'; ./Src/SP.o:D:/MCU1_Bare_Metal_Progamming_BHM/22_SPI/Debug/../Src/SP.c:106: first defined here
collect2.exe: error: ld returned 1 exit status
make: *** [makefile:63: 22_SPI.elf] Error 1
"make -j16 all" terminated with exit code 2. Build might be incomplete.
13:29:20 **** Incremental Build of configuration Debug for project 22_SPI ****
make -j16 all 
arm-none-eabi-gcc -o "22_SPI.elf" @"objects.list"   -mcpu=cortex-m4 -T"D:\MCU1_Bare_Metal_Progamming_BHM\22_SPI\STM32F446RETX_FLASH.ld" --specs=nosys.specs -Wl,-Map="22_SPI.map" -Wl,--gc-sections -static --specs=nano.specs -mfpu=fpv4-sp-d16 -mfloat-abi=hard -mthumb -Wl,--start-group -lc -lm -Wl,--end-group
C:/ST/STM32CubeIDE_1.18.1/STM32CubeIDE/plugins/com.st.stm32cube.ide.mcu.externaltools.gnu-tools-for-stm32.13.3.rel1.win32_1.0.0.202411081344/tools/bin/../lib/gcc/arm-none-eabi/13.3.1/../../../../arm-none-eabi/bin/ld.exe: ./Src/main1.o:D:/MCU1_Bare_Metal_Progamming_BHM/22_SPI/Debug/../Src/main1.c:5: multiple definition of `tx_data'; ./Src/SP.o:D:/MCU1_Bare_Metal_Progamming_BHM/22_SPI/Debug/../Src/SP.c:21: first defined here
C:/ST/STM32CubeIDE_1.18.1/STM32CubeIDE/plugins/com.st.stm32cube.ide.mcu.externaltools.gnu-tools-for-stm32.13.3.rel1.win32_1.0.0.202411081344/tools/bin/../lib/gcc/arm-none-eabi/13.3.1/../../../../arm-none-eabi/bin/ld.exe: ./Src/main1.o:D:/MCU1_Bare_Metal_Progamming_BHM/22_SPI/Debug/../Src/main1.c:6: multiple definition of `rx_data_spi2'; ./Src/SP.o:D:/MCU1_Bare_Metal_Progamming_BHM/22_SPI/Debug/../Src/SP.c:22: first defined here
C:/ST/STM32CubeIDE_1.18.1/STM32CubeIDE/plugins/com.st.stm32cube.ide.mcu.externaltools.gnu-tools-for-stm32.13.3.rel1.win32_1.0.0.202411081344/tools/bin/../lib/gcc/arm-none-eabi/13.3.1/../../../../arm-none-eabi/bin/ld.exe: ./Src/main1.o: in function `main':
D:/MCU1_Bare_Metal_Progamming_BHM/22_SPI/Debug/../Src/main1.c:9: multiple definition of `main'; ./Src/SP.o:D:/MCU1_Bare_Metal_Progamming_BHM/22_SPI/Debug/../Src/SP.c:106: first defined here
collect2.exe: error: ld returned 1 exit status
make: *** [makefile:63: 22_SPI.elf] Error 1
"make -j16 all" terminated with exit code 2. Build might be incomplete.
13:30:33 **** Incremental Build of configuration Debug for project 22_SPI ****
make -j16 all 
arm-none-eabi-gcc "../Src/main1.c" -mcpu=cortex-m4 -std=gnu11 -g3 -DDEBUG -DSTM32 -DSTM32F4 -DSTM32F446RETx -DNUCLEO_F446RE -DSTM32F446xx -c -I../Inc -I"D:/Softwares/Stm32/en.stm32cubef4-v1-28-0/STM32Cube_FW_F4_V1.28.0/Drivers/CMSIS/Device/ST/STM32F4xx/Include" -I"D:/Softwares/Stm32/en.stm32cubef4-v1-28-0/STM32Cube_FW_F4_V1.28.0/Drivers/CMSIS/Include" -O0 -ffunction-sections -fdata-sections -Wall -fstack-usage -fcyclomatic-complexity -MMD -MP -MF"Src/main1.d" -MT"Src/main1.o" --specs=nano.specs -mfpu=fpv4-sp-d16 -mfloat-abi=hard -mthumb -o "Src/main1.o"
../Src/main1.c: In function 'main':
../Src/main1.c:9:5: warning: implicit declaration of function 'spi1_gpio_init'; did you mean 'spi2_gpio_init'? [-Wimplicit-function-declaration]
    9 |     spi1_gpio_init();     // PA5, PA6, PA7, PA9
      |     ^~~~~~~~~~~~~~
      |     spi2_gpio_init
../Src/main1.c:14:5: warning: implicit declaration of function 'spi1_config'; did you mean 'spi2_config'? [-Wimplicit-function-declaration]
   14 |     spi1_config();        // SPI1 as master
      |     ^~~~~~~~~~~
      |     spi2_config
../Src/main1.c:25:20: error: 'tx_data' undeclared (first use in this function)
   25 |         SPI1->DR = tx_data[i];
      |                    ^~~~~~~
../Src/main1.c:25:20: note: each undeclared identifier is reported only once for each function it appears in
../Src/main1.c:31:9: error: 'rx_data_spi2' undeclared (first use in this function)
   31 |         rx_data_spi2[i] = SPI2->DR;
      |         ^~~~~~~~~~~~
../Src/main1.c:35:26: warning: unused variable 'dummy' [-Wunused-variable]
   35 |         volatile uint8_t dummy = SPI1->DR;
      |                          ^~~~~
../Src/main1.c:45:22: warning: variable 'temp' set but not used [-Wunused-but-set-variable]
   45 |     volatile uint8_t temp;
      |                      ^~~~
make: *** [Src/subdir.mk:31: Src/main1.o] Error 1
"make -j16 all" terminated with exit code 2. Build might be incomplete.
13:31:03 **** Incremental Build of configuration Debug for project 22_SPI ****
make -j16 all 
arm-none-eabi-gcc "../Src/SP.c" -mcpu=cortex-m4 -std=gnu11 -g3 -DDEBUG -DSTM32 -DSTM32F4 -DSTM32F446RETx -DNUCLEO_F446RE -DSTM32F446xx -c -I../Inc -I"D:/Softwares/Stm32/en.stm32cubef4-v1-28-0/STM32Cube_FW_F4_V1.28.0/Drivers/CMSIS/Device/ST/STM32F4xx/Include" -I"D:/Softwares/Stm32/en.stm32cubef4-v1-28-0/STM32Cube_FW_F4_V1.28.0/Drivers/CMSIS/Include" -O0 -ffunction-sections -fdata-sections -Wall -fstack-usage -fcyclomatic-complexity -MMD -MP -MF"Src/SP.d" -MT"Src/SP.o" --specs=nano.specs -mfpu=fpv4-sp-d16 -mfloat-abi=hard -mthumb -o "Src/SP.o"
arm-none-eabi-gcc "../Src/main1.c" -mcpu=cortex-m4 -std=gnu11 -g3 -DDEBUG -DSTM32 -DSTM32F4 -DSTM32F446RETx -DNUCLEO_F446RE -DSTM32F446xx -c -I../Inc -I"D:/Softwares/Stm32/en.stm32cubef4-v1-28-0/STM32Cube_FW_F4_V1.28.0/Drivers/CMSIS/Device/ST/STM32F4xx/Include" -I"D:/Softwares/Stm32/en.stm32cubef4-v1-28-0/STM32Cube_FW_F4_V1.28.0/Drivers/CMSIS/Include" -O0 -ffunction-sections -fdata-sections -Wall -fstack-usage -fcyclomatic-complexity -MMD -MP -MF"Src/main1.d" -MT"Src/main1.o" --specs=nano.specs -mfpu=fpv4-sp-d16 -mfloat-abi=hard -mthumb -o "Src/main1.o"
../Src/main1.c: In function 'main':
../Src/main1.c:9:5: warning: implicit declaration of function 'spi1_gpio_init'; did you mean 'spi2_gpio_init'? [-Wimplicit-function-declaration]
    9 |     spi1_gpio_init();     // PA5, PA6, PA7, PA9
      |     ^~~~~~~~~~~~~~
      |     spi2_gpio_init
../Src/main1.c:14:5: warning: implicit declaration of function 'spi1_config'; did you mean 'spi2_config'? [-Wimplicit-function-declaration]
   14 |     spi1_config();        // SPI1 as master
      |     ^~~~~~~~~~~
      |     spi2_config
../Src/main1.c:35:26: warning: unused variable 'dummy' [-Wunused-variable]
   35 |         volatile uint8_t dummy = SPI1->DR;
      |                          ^~~~~
../Src/main1.c:45:22: warning: variable 'temp' set but not used [-Wunused-but-set-variable]
   45 |     volatile uint8_t temp;
      |                      ^~~~
../Src/SP.c: In function 'main':
../Src/SP.c:122:26: warning: unused variable 'dummy' [-Wunused-variable]
  122 |         volatile uint8_t dummy = SPI1->DR;
      |                          ^~~~~
../Src/SP.c:130:22: warning: variable 'temp' set but not used [-Wunused-but-set-variable]
  130 |     volatile uint8_t temp;
      |                      ^~~~
arm-none-eabi-gcc -o "22_SPI.elf" @"objects.list"   -mcpu=cortex-m4 -T"D:\MCU1_Bare_Metal_Progamming_BHM\22_SPI\STM32F446RETX_FLASH.ld" --specs=nosys.specs -Wl,-Map="22_SPI.map" -Wl,--gc-sections -static --specs=nano.specs -mfpu=fpv4-sp-d16 -mfloat-abi=hard -mthumb -Wl,--start-group -lc -lm -Wl,--end-group
C:/ST/STM32CubeIDE_1.18.1/STM32CubeIDE/plugins/com.st.stm32cube.ide.mcu.externaltools.gnu-tools-for-stm32.13.3.rel1.win32_1.0.0.202411081344/tools/bin/../lib/gcc/arm-none-eabi/13.3.1/../../../../arm-none-eabi/bin/ld.exe: ./Src/main1.o:D:/MCU1_Bare_Metal_Progamming_BHM/22_SPI/Debug/../Inc/SPI.h:21: multiple definition of `tx_data'; ./Src/SP.o:D:/MCU1_Bare_Metal_Progamming_BHM/22_SPI/Debug/../Inc/SPI.h:21: first defined here
C:/ST/STM32CubeIDE_1.18.1/STM32CubeIDE/plugins/com.st.stm32cube.ide.mcu.externaltools.gnu-tools-for-stm32.13.3.rel1.win32_1.0.0.202411081344/tools/bin/../lib/gcc/arm-none-eabi/13.3.1/../../../../arm-none-eabi/bin/ld.exe: ./Src/main1.o:D:/MCU1_Bare_Metal_Progamming_BHM/22_SPI/Debug/../Inc/SPI.h:22: multiple definition of `rx_data_spi2'; ./Src/SP.o:D:/MCU1_Bare_Metal_Progamming_BHM/22_SPI/Debug/../Inc/SPI.h:22: first defined here
C:/ST/STM32CubeIDE_1.18.1/STM32CubeIDE/plugins/com.st.stm32cube.ide.mcu.externaltools.gnu-tools-for-stm32.13.3.rel1.win32_1.0.0.202411081344/tools/bin/../lib/gcc/arm-none-eabi/13.3.1/../../../../arm-none-eabi/bin/ld.exe: ./Src/main1.o: in function `main':
D:/MCU1_Bare_Metal_Progamming_BHM/22_SPI/Debug/../Src/main1.c:7: multiple definition of `main'; ./Src/SP.o:D:/MCU1_Bare_Metal_Progamming_BHM/22_SPI/Debug/../Src/SP.c:104: first defined here
collect2.exe: error: ld returned 1 exit status
make: *** [makefile:63: 22_SPI.elf] Error 1
"make -j16 all" terminated with exit code 2. Build might be incomplete.
13:32:44 **** Incremental Build of configuration Debug for project 22_SPI ****
make -j16 all 
arm-none-eabi-gcc "../Src/SP.c" -mcpu=cortex-m4 -std=gnu11 -g3 -DDEBUG -DSTM32 -DSTM32F4 -DSTM32F446RETx -DNUCLEO_F446RE -DSTM32F446xx -c -I../Inc -I"D:/Softwares/Stm32/en.stm32cubef4-v1-28-0/STM32Cube_FW_F4_V1.28.0/Drivers/CMSIS/Device/ST/STM32F4xx/Include" -I"D:/Softwares/Stm32/en.stm32cubef4-v1-28-0/STM32Cube_FW_F4_V1.28.0/Drivers/CMSIS/Include" -O0 -ffunction-sections -fdata-sections -Wall -fstack-usage -fcyclomatic-complexity -MMD -MP -MF"Src/SP.d" -MT"Src/SP.o" --specs=nano.specs -mfpu=fpv4-sp-d16 -mfloat-abi=hard -mthumb -o "Src/SP.o"
arm-none-eabi-gcc -o "22_SPI.elf" @"objects.list"   -mcpu=cortex-m4 -T"D:\MCU1_Bare_Metal_Progamming_BHM\22_SPI\STM32F446RETX_FLASH.ld" --specs=nosys.specs -Wl,-Map="22_SPI.map" -Wl,--gc-sections -static --specs=nano.specs -mfpu=fpv4-sp-d16 -mfloat-abi=hard -mthumb -Wl,--start-group -lc -lm -Wl,--end-group
C:/ST/STM32CubeIDE_1.18.1/STM32CubeIDE/plugins/com.st.stm32cube.ide.mcu.externaltools.gnu-tools-for-stm32.13.3.rel1.win32_1.0.0.202411081344/tools/bin/../lib/gcc/arm-none-eabi/13.3.1/../../../../arm-none-eabi/bin/ld.exe: ./Src/main1.o:D:/MCU1_Bare_Metal_Progamming_BHM/22_SPI/Debug/../Inc/SPI.h:21: multiple definition of `tx_data'; ./Src/SP.o:D:/MCU1_Bare_Metal_Progamming_BHM/22_SPI/Debug/../Inc/SPI.h:21: first defined here
C:/ST/STM32CubeIDE_1.18.1/STM32CubeIDE/plugins/com.st.stm32cube.ide.mcu.externaltools.gnu-tools-for-stm32.13.3.rel1.win32_1.0.0.202411081344/tools/bin/../lib/gcc/arm-none-eabi/13.3.1/../../../../arm-none-eabi/bin/ld.exe: ./Src/main1.o:D:/MCU1_Bare_Metal_Progamming_BHM/22_SPI/Debug/../Inc/SPI.h:22: multiple definition of `rx_data_spi2'; ./Src/SP.o:D:/MCU1_Bare_Metal_Progamming_BHM/22_SPI/Debug/../Inc/SPI.h:22: first defined here
collect2.exe: error: ld returned 1 exit status
make: *** [makefile:63: 22_SPI.elf] Error 1
"make -j16 all" terminated with exit code 2. Build might be incomplete.
13:33:20 **** Incremental Build of configuration Debug for project 22_SPI ****
make -j16 all 
arm-none-eabi-gcc -o "22_SPI.elf" @"objects.list"   -mcpu=cortex-m4 -T"D:\MCU1_Bare_Metal_Progamming_BHM\22_SPI\STM32F446RETX_FLASH.ld" --specs=nosys.specs -Wl,-Map="22_SPI.map" -Wl,--gc-sections -static --specs=nano.specs -mfpu=fpv4-sp-d16 -mfloat-abi=hard -mthumb -Wl,--start-group -lc -lm -Wl,--end-group
C:/ST/STM32CubeIDE_1.18.1/STM32CubeIDE/plugins/com.st.stm32cube.ide.mcu.externaltools.gnu-tools-for-stm32.13.3.rel1.win32_1.0.0.202411081344/tools/bin/../lib/gcc/arm-none-eabi/13.3.1/../../../../arm-none-eabi/bin/ld.exe: ./Src/main1.o:D:/MCU1_Bare_Metal_Progamming_BHM/22_SPI/Debug/../Inc/SPI.h:21: multiple definition of `tx_data'; ./Src/SP.o:D:/MCU1_Bare_Metal_Progamming_BHM/22_SPI/Debug/../Inc/SPI.h:21: first defined here
C:/ST/STM32CubeIDE_1.18.1/STM32CubeIDE/plugins/com.st.stm32cube.ide.mcu.externaltools.gnu-tools-for-stm32.13.3.rel1.win32_1.0.0.202411081344/tools/bin/../lib/gcc/arm-none-eabi/13.3.1/../../../../arm-none-eabi/bin/ld.exe: ./Src/main1.o:D:/MCU1_Bare_Metal_Progamming_BHM/22_SPI/Debug/../Inc/SPI.h:22: multiple definition of `rx_data_spi2'; ./Src/SP.o:D:/MCU1_Bare_Metal_Progamming_BHM/22_SPI/Debug/../Inc/SPI.h:22: first defined here
collect2.exe: error: ld returned 1 exit status
make: *** [makefile:63: 22_SPI.elf] Error 1
"make -j16 all" terminated with exit code 2. Build might be incomplete.
13:34:26 **** Incremental Build of configuration Debug for project 22_SPI ****
make -j16 all 
arm-none-eabi-gcc -o "22_SPI.elf" @"objects.list"   -mcpu=cortex-m4 -T"D:\MCU1_Bare_Metal_Progamming_BHM\22_SPI\STM32F446RETX_FLASH.ld" --specs=nosys.specs -Wl,-Map="22_SPI.map" -Wl,--gc-sections -static --specs=nano.specs -mfpu=fpv4-sp-d16 -mfloat-abi=hard -mthumb -Wl,--start-group -lc -lm -Wl,--end-group
C:/ST/STM32CubeIDE_1.18.1/STM32CubeIDE/plugins/com.st.stm32cube.ide.mcu.externaltools.gnu-tools-for-stm32.13.3.rel1.win32_1.0.0.202411081344/tools/bin/../lib/gcc/arm-none-eabi/13.3.1/../../../../arm-none-eabi/bin/ld.exe: ./Src/main1.o:D:/MCU1_Bare_Metal_Progamming_BHM/22_SPI/Debug/../Inc/SPI.h:21: multiple definition of `tx_data'; ./Src/SP.o:D:/MCU1_Bare_Metal_Progamming_BHM/22_SPI/Debug/../Inc/SPI.h:21: first defined here
C:/ST/STM32CubeIDE_1.18.1/STM32CubeIDE/plugins/com.st.stm32cube.ide.mcu.externaltools.gnu-tools-for-stm32.13.3.rel1.win32_1.0.0.202411081344/tools/bin/../lib/gcc/arm-none-eabi/13.3.1/../../../../arm-none-eabi/bin/ld.exe: ./Src/main1.o:D:/MCU1_Bare_Metal_Progamming_BHM/22_SPI/Debug/../Inc/SPI.h:22: multiple definition of `rx_data_spi2'; ./Src/SP.o:D:/MCU1_Bare_Metal_Progamming_BHM/22_SPI/Debug/../Inc/SPI.h:22: first defined here
collect2.exe: error: ld returned 1 exit status
make: *** [makefile:63: 22_SPI.elf] Error 1
"make -j16 all" terminated with exit code 2. Build might be incomplete.
13:36:09 **** Incremental Build of configuration Debug for project 22_SPI ****
make -j16 all 
arm-none-eabi-gcc "../Src/SP.c" -mcpu=cortex-m4 -std=gnu11 -g3 -DDEBUG -DSTM32 -DSTM32F4 -DSTM32F446RETx -DNUCLEO_F446RE -DSTM32F446xx -c -I../Inc -I"D:/Softwares/Stm32/en.stm32cubef4-v1-28-0/STM32Cube_FW_F4_V1.28.0/Drivers/CMSIS/Device/ST/STM32F4xx/Include" -I"D:/Softwares/Stm32/en.stm32cubef4-v1-28-0/STM32Cube_FW_F4_V1.28.0/Drivers/CMSIS/Include" -O0 -ffunction-sections -fdata-sections -Wall -fstack-usage -fcyclomatic-complexity -MMD -MP -MF"Src/SP.d" -MT"Src/SP.o" --specs=nano.specs -mfpu=fpv4-sp-d16 -mfloat-abi=hard -mthumb -o "Src/SP.o"
arm-none-eabi-gcc "../Src/main1.c" -mcpu=cortex-m4 -std=gnu11 -g3 -DDEBUG -DSTM32 -DSTM32F4 -DSTM32F446RETx -DNUCLEO_F446RE -DSTM32F446xx -c -I../Inc -I"D:/Softwares/Stm32/en.stm32cubef4-v1-28-0/STM32Cube_FW_F4_V1.28.0/Drivers/CMSIS/Device/ST/STM32F4xx/Include" -I"D:/Softwares/Stm32/en.stm32cubef4-v1-28-0/STM32Cube_FW_F4_V1.28.0/Drivers/CMSIS/Include" -O0 -ffunction-sections -fdata-sections -Wall -fstack-usage -fcyclomatic-complexity -MMD -MP -MF"Src/main1.d" -MT"Src/main1.o" --specs=nano.specs -mfpu=fpv4-sp-d16 -mfloat-abi=hard -mthumb -o "Src/main1.o"
In file included from ../Src/main1.c:2:
../Inc/SPI.h:21:16: warning: 'tx_data' initialized and declared 'extern'
   21 | extern uint8_t tx_data[] = {0xAA, 0xBB, 0xCC};
      |                ^~~~~~~
../Src/main1.c: In function 'main':
../Src/main1.c:9:5: warning: implicit declaration of function 'spi1_gpio_init'; did you mean 'spi2_gpio_init'? [-Wimplicit-function-declaration]
    9 |     spi1_gpio_init();     // PA5, PA6, PA7, PA9
      |     ^~~~~~~~~~~~~~
      |     spi2_gpio_init
../Src/main1.c:14:5: warning: implicit declaration of function 'spi1_config'; did you mean 'spi2_config'? [-Wimplicit-function-declaration]
   14 |     spi1_config();        // SPI1 as master
      |     ^~~~~~~~~~~
      |     spi2_config
../Src/main1.c:35:26: warning: unused variable 'dummy' [-Wunused-variable]
   35 |         volatile uint8_t dummy = SPI1->DR;
      |                          ^~~~~
../Src/main1.c:45:22: warning: variable 'temp' set but not used [-Wunused-but-set-variable]
   45 |     volatile uint8_t temp;
      |                      ^~~~
In file included from ../Src/SP.c:9:
../Inc/SPI.h:21:16: warning: 'tx_data' initialized and declared 'extern'
   21 | extern uint8_t tx_data[] = {0xAA, 0xBB, 0xCC};
      |                ^~~~~~~
arm-none-eabi-gcc -o "22_SPI.elf" @"objects.list"   -mcpu=cortex-m4 -T"D:\MCU1_Bare_Metal_Progamming_BHM\22_SPI\STM32F446RETX_FLASH.ld" --specs=nosys.specs -Wl,-Map="22_SPI.map" -Wl,--gc-sections -static --specs=nano.specs -mfpu=fpv4-sp-d16 -mfloat-abi=hard -mthumb -Wl,--start-group -lc -lm -Wl,--end-group
C:/ST/STM32CubeIDE_1.18.1/STM32CubeIDE/plugins/com.st.stm32cube.ide.mcu.externaltools.gnu-tools-for-stm32.13.3.rel1.win32_1.0.0.202411081344/tools/bin/../lib/gcc/arm-none-eabi/13.3.1/../../../../arm-none-eabi/bin/ld.exe: ./Src/main1.o:D:/MCU1_Bare_Metal_Progamming_BHM/22_SPI/Debug/../Inc/SPI.h:21: multiple definition of `tx_data'; ./Src/SP.o:D:/MCU1_Bare_Metal_Progamming_BHM/22_SPI/Debug/../Inc/SPI.h:21: first defined here
C:/ST/STM32CubeIDE_1.18.1/STM32CubeIDE/plugins/com.st.stm32cube.ide.mcu.externaltools.gnu-tools-for-stm32.13.3.rel1.win32_1.0.0.202411081344/tools/bin/../lib/gcc/arm-none-eabi/13.3.1/../../../../arm-none-eabi/bin/ld.exe: ./Src/main1.o: in function `main':
D:/MCU1_Bare_Metal_Progamming_BHM/22_SPI/Debug/../Src/main1.c:49:(.text.main+0xac): undefined reference to `rx_data_spi2'
collect2.exe: error: ld returned 1 exit status
make: *** [makefile:63: 22_SPI.elf] Error 1
"make -j16 all" terminated with exit code 2. Build might be incomplete.
13:39:45 **** Incremental Build of configuration Debug for project 22_SPI ****
make -j16 all 
arm-none-eabi-gcc "../Src/SP.c" -mcpu=cortex-m4 -std=gnu11 -g3 -DDEBUG -DSTM32 -DSTM32F4 -DSTM32F446RETx -DNUCLEO_F446RE -DSTM32F446xx -c -I../Inc -I"D:/Softwares/Stm32/en.stm32cubef4-v1-28-0/STM32Cube_FW_F4_V1.28.0/Drivers/CMSIS/Device/ST/STM32F4xx/Include" -I"D:/Softwares/Stm32/en.stm32cubef4-v1-28-0/STM32Cube_FW_F4_V1.28.0/Drivers/CMSIS/Include" -O0 -ffunction-sections -fdata-sections -Wall -fstack-usage -fcyclomatic-complexity -MMD -MP -MF"Src/SP.d" -MT"Src/SP.o" --specs=nano.specs -mfpu=fpv4-sp-d16 -mfloat-abi=hard -mthumb -o "Src/SP.o"
arm-none-eabi-gcc "../Src/main1.c" -mcpu=cortex-m4 -std=gnu11 -g3 -DDEBUG -DSTM32 -DSTM32F4 -DSTM32F446RETx -DNUCLEO_F446RE -DSTM32F446xx -c -I../Inc -I"D:/Softwares/Stm32/en.stm32cubef4-v1-28-0/STM32Cube_FW_F4_V1.28.0/Drivers/CMSIS/Device/ST/STM32F4xx/Include" -I"D:/Softwares/Stm32/en.stm32cubef4-v1-28-0/STM32Cube_FW_F4_V1.28.0/Drivers/CMSIS/Include" -O0 -ffunction-sections -fdata-sections -Wall -fstack-usage -fcyclomatic-complexity -MMD -MP -MF"Src/main1.d" -MT"Src/main1.o" --specs=nano.specs -mfpu=fpv4-sp-d16 -mfloat-abi=hard -mthumb -o "Src/main1.o"
../Src/main1.c: In function 'main':
../Src/main1.c:9:5: warning: implicit declaration of function 'spi1_gpio_init'; did you mean 'spi2_gpio_init'? [-Wimplicit-function-declaration]
    9 |     spi1_gpio_init();     // PA5, PA6, PA7, PA9
      |     ^~~~~~~~~~~~~~
      |     spi2_gpio_init
../Src/main1.c:14:5: warning: implicit declaration of function 'spi1_config'; did you mean 'spi2_config'? [-Wimplicit-function-declaration]
   14 |     spi1_config();        // SPI1 as master
      |     ^~~~~~~~~~~
      |     spi2_config
../Src/main1.c:25:20: error: 'tx_data' undeclared (first use in this function); did you mean 'tx_data1'?
   25 |         SPI1->DR = tx_data[i];
      |                    ^~~~~~~
      |                    tx_data1
../Src/main1.c:25:20: note: each undeclared identifier is reported only once for each function it appears in
../Src/main1.c:35:26: warning: unused variable 'dummy' [-Wunused-variable]
   35 |         volatile uint8_t dummy = SPI1->DR;
      |                          ^~~~~
../Src/main1.c:45:22: warning: variable 'temp' set but not used [-Wunused-but-set-variable]
   45 |     volatile uint8_t temp;
      |                      ^~~~
make: *** [Src/subdir.mk:31: Src/main1.o] Error 1
make: *** Waiting for unfinished jobs....
"make -j16 all" terminated with exit code 2. Build might be incomplete.
13:40:22 **** Incremental Build of configuration Debug for project 22_SPI ****
make -j16 all 
arm-none-eabi-gcc "../Src/SP.c" -mcpu=cortex-m4 -std=gnu11 -g3 -DDEBUG -DSTM32 -DSTM32F4 -DSTM32F446RETx -DNUCLEO_F446RE -DSTM32F446xx -c -I../Inc -I"D:/Softwares/Stm32/en.stm32cubef4-v1-28-0/STM32Cube_FW_F4_V1.28.0/Drivers/CMSIS/Device/ST/STM32F4xx/Include" -I"D:/Softwares/Stm32/en.stm32cubef4-v1-28-0/STM32Cube_FW_F4_V1.28.0/Drivers/CMSIS/Include" -O0 -ffunction-sections -fdata-sections -Wall -fstack-usage -fcyclomatic-complexity -MMD -MP -MF"Src/SP.d" -MT"Src/SP.o" --specs=nano.specs -mfpu=fpv4-sp-d16 -mfloat-abi=hard -mthumb -o "Src/SP.o"
arm-none-eabi-gcc "../Src/main1.c" -mcpu=cortex-m4 -std=gnu11 -g3 -DDEBUG -DSTM32 -DSTM32F4 -DSTM32F446RETx -DNUCLEO_F446RE -DSTM32F446xx -c -I../Inc -I"D:/Softwares/Stm32/en.stm32cubef4-v1-28-0/STM32Cube_FW_F4_V1.28.0/Drivers/CMSIS/Device/ST/STM32F4xx/Include" -I"D:/Softwares/Stm32/en.stm32cubef4-v1-28-0/STM32Cube_FW_F4_V1.28.0/Drivers/CMSIS/Include" -O0 -ffunction-sections -fdata-sections -Wall -fstack-usage -fcyclomatic-complexity -MMD -MP -MF"Src/main1.d" -MT"Src/main1.o" --specs=nano.specs -mfpu=fpv4-sp-d16 -mfloat-abi=hard -mthumb -o "Src/main1.o"
../Src/main1.c: In function 'main':
../Src/main1.c:9:5: warning: implicit declaration of function 'spi1_gpio_init'; did you mean 'spi2_gpio_init'? [-Wimplicit-function-declaration]
    9 |     spi1_gpio_init();     // PA5, PA6, PA7, PA9
      |     ^~~~~~~~~~~~~~
      |     spi2_gpio_init
../Src/main1.c:14:5: warning: implicit declaration of function 'spi1_config'; did you mean 'spi2_config'? [-Wimplicit-function-declaration]
   14 |     spi1_config();        // SPI1 as master
      |     ^~~~~~~~~~~
      |     spi2_config
../Src/main1.c:25:20: error: 'tx_data' undeclared (first use in this function); did you mean 'tx_data1'?
   25 |         SPI1->DR = tx_data[i];
      |                    ^~~~~~~
      |                    tx_data1
../Src/main1.c:25:20: note: each undeclared identifier is reported only once for each function it appears in
../Src/main1.c:35:26: warning: unused variable 'dummy' [-Wunused-variable]
   35 |         volatile uint8_t dummy = SPI1->DR;
      |                          ^~~~~
../Src/main1.c:45:22: warning: variable 'temp' set but not used [-Wunused-but-set-variable]
   45 |     volatile uint8_t temp;
      |                      ^~~~
make: *** [Src/subdir.mk:31: Src/main1.o] Error 1
make: *** Waiting for unfinished jobs....
"make -j16 all" terminated with exit code 2. Build might be incomplete.
13:40:46 **** Incremental Build of configuration Debug for project 22_SPI ****
make -j16 all 
arm-none-eabi-gcc "../Src/SP.c" -mcpu=cortex-m4 -std=gnu11 -g3 -DDEBUG -DSTM32 -DSTM32F4 -DSTM32F446RETx -DNUCLEO_F446RE -DSTM32F446xx -c -I../Inc -I"D:/Softwares/Stm32/en.stm32cubef4-v1-28-0/STM32Cube_FW_F4_V1.28.0/Drivers/CMSIS/Device/ST/STM32F4xx/Include" -I"D:/Softwares/Stm32/en.stm32cubef4-v1-28-0/STM32Cube_FW_F4_V1.28.0/Drivers/CMSIS/Include" -O0 -ffunction-sections -fdata-sections -Wall -fstack-usage -fcyclomatic-complexity -MMD -MP -MF"Src/SP.d" -MT"Src/SP.o" --specs=nano.specs -mfpu=fpv4-sp-d16 -mfloat-abi=hard -mthumb -o "Src/SP.o"
arm-none-eabi-gcc "../Src/main1.c" -mcpu=cortex-m4 -std=gnu11 -g3 -DDEBUG -DSTM32 -DSTM32F4 -DSTM32F446RETx -DNUCLEO_F446RE -DSTM32F446xx -c -I../Inc -I"D:/Softwares/Stm32/en.stm32cubef4-v1-28-0/STM32Cube_FW_F4_V1.28.0/Drivers/CMSIS/Device/ST/STM32F4xx/Include" -I"D:/Softwares/Stm32/en.stm32cubef4-v1-28-0/STM32Cube_FW_F4_V1.28.0/Drivers/CMSIS/Include" -O0 -ffunction-sections -fdata-sections -Wall -fstack-usage -fcyclomatic-complexity -MMD -MP -MF"Src/main1.d" -MT"Src/main1.o" --specs=nano.specs -mfpu=fpv4-sp-d16 -mfloat-abi=hard -mthumb -o "Src/main1.o"
../Src/main1.c: In function 'main':
../Src/main1.c:9:5: warning: implicit declaration of function 'spi1_gpio_init'; did you mean 'spi2_gpio_init'? [-Wimplicit-function-declaration]
    9 |     spi1_gpio_init();     // PA5, PA6, PA7, PA9
      |     ^~~~~~~~~~~~~~
      |     spi2_gpio_init
../Src/main1.c:14:5: warning: implicit declaration of function 'spi1_config'; did you mean 'spi2_config'? [-Wimplicit-function-declaration]
   14 |     spi1_config();        // SPI1 as master
      |     ^~~~~~~~~~~
      |     spi2_config
../Src/main1.c:35:26: warning: unused variable 'dummy' [-Wunused-variable]
   35 |         volatile uint8_t dummy = SPI1->DR;
      |                          ^~~~~
../Src/main1.c:45:22: warning: variable 'temp' set but not used [-Wunused-but-set-variable]
   45 |     volatile uint8_t temp;
      |                      ^~~~
arm-none-eabi-gcc -o "22_SPI.elf" @"objects.list"   -mcpu=cortex-m4 -T"D:\MCU1_Bare_Metal_Progamming_BHM\22_SPI\STM32F446RETX_FLASH.ld" --specs=nosys.specs -Wl,-Map="22_SPI.map" -Wl,--gc-sections -static --specs=nano.specs -mfpu=fpv4-sp-d16 -mfloat-abi=hard -mthumb -Wl,--start-group -lc -lm -Wl,--end-group
Finished building target: 22_SPI.elf
 
arm-none-eabi-size  22_SPI.elf 
arm-none-eabi-objdump -h -S 22_SPI.elf  > "22_SPI.list"
   text	   data	    bss	    dec	    hex	filename
   1456	      4	   1572	   3032	    bd8	22_SPI.elf
Finished building: default.size.stdout
 
Finished building: 22_SPI.list
 
13:41:40 **** Incremental Build of configuration Debug for project 22_SPI ****
make -j16 all 
arm-none-eabi-gcc "../Src/main1.c" -mcpu=cortex-m4 -std=gnu11 -g3 -DDEBUG -DSTM32 -DSTM32F4 -DSTM32F446RETx -DNUCLEO_F446RE -DSTM32F446xx -c -I../Inc -I"D:/Softwares/Stm32/en.stm32cubef4-v1-28-0/STM32Cube_FW_F4_V1.28.0/Drivers/CMSIS/Device/ST/STM32F4xx/Include" -I"D:/Softwares/Stm32/en.stm32cubef4-v1-28-0/STM32Cube_FW_F4_V1.28.0/Drivers/CMSIS/Include" -O0 -ffunction-sections -fdata-sections -Wall -fstack-usage -fcyclomatic-complexity -MMD -MP -MF"Src/main1.d" -MT"Src/main1.o" --specs=nano.specs -mfpu=fpv4-sp-d16 -mfloat-abi=hard -mthumb -o "Src/main1.o"
../Src/main1.c: In function 'main':
../Src/main1.c:36:26: warning: unused variable 'dummy' [-Wunused-variable]
   36 |         volatile uint8_t dummy = SPI1->DR;
      |                          ^~~~~
../Src/main1.c:46:22: warning: variable 'temp' set but not used [-Wunused-but-set-variable]
   46 |     volatile uint8_t temp;
      |                      ^~~~
arm-none-eabi-gcc -o "22_SPI.elf" @"objects.list"   -mcpu=cortex-m4 -T"D:\MCU1_Bare_Metal_Progamming_BHM\22_SPI\STM32F446RETX_FLASH.ld" --specs=nosys.specs -Wl,-Map="22_SPI.map" -Wl,--gc-sections -static --specs=nano.specs -mfpu=fpv4-sp-d16 -mfloat-abi=hard -mthumb -Wl,--start-group -lc -lm -Wl,--end-group
Finished building target: 22_SPI.elf
 
arm-none-eabi-size  22_SPI.elf 
arm-none-eabi-objdump -h -S 22_SPI.elf  > "22_SPI.list"
   text	   data	    bss	    dec	    hex	filename
   1456	      4	   1572	   3032	    bd8	22_SPI.elf
Finished building: default.size.stdout
 
Finished building: 22_SPI.list
 
13:43:03 **** Incremental Build of configuration Debug for project 22_SPI ****
make -j16 all 
arm-none-eabi-gcc "../Src/main1.c" -mcpu=cortex-m4 -std=gnu11 -g3 -DDEBUG -DSTM32 -DSTM32F4 -DSTM32F446RETx -DNUCLEO_F446RE -DSTM32F446xx -c -I../Inc -I"D:/Softwares/Stm32/en.stm32cubef4-v1-28-0/STM32Cube_FW_F4_V1.28.0/Drivers/CMSIS/Device/ST/STM32F4xx/Include" -I"D:/Softwares/Stm32/en.stm32cubef4-v1-28-0/STM32Cube_FW_F4_V1.28.0/Drivers/CMSIS/Include" -O0 -ffunction-sections -fdata-sections -Wall -fstack-usage -fcyclomatic-complexity -MMD -MP -MF"Src/main1.d" -MT"Src/main1.o" --specs=nano.specs -mfpu=fpv4-sp-d16 -mfloat-abi=hard -mthumb -o "Src/main1.o"
arm-none-eabi-gcc -o "22_SPI.elf" @"objects.list"   -mcpu=cortex-m4 -T"D:\MCU1_Bare_Metal_Progamming_BHM\22_SPI\STM32F446RETX_FLASH.ld" --specs=nosys.specs -Wl,-Map="22_SPI.map" -Wl,--gc-sections -static --specs=nano.specs -mfpu=fpv4-sp-d16 -mfloat-abi=hard -mthumb -Wl,--start-group -lc -lm -Wl,--end-group
Finished building target: 22_SPI.elf
 
arm-none-eabi-size  22_SPI.elf 
arm-none-eabi-objdump -h -S 22_SPI.elf  > "22_SPI.list"
   text	   data	    bss	    dec	    hex	filename
   1464	      4	   1572	   3040	    be0	22_SPI.elf
Finished building: default.size.stdout
 
Finished building: 22_SPI.list
 
13:54:24 **** Incremental Build of configuration Debug for project 22_SPI ****
make -j16 all 
arm-none-eabi-size  22_SPI.elf 
   text	   data	    bss	    dec	    hex	filename
   1464	      4	   1572	   3040	    be0	22_SPI.elf
Finished building: default.size.stdout
 
13:55:58 **** Clean-only build of configuration Debug for project 22_SPI ****
make -j16 clean 
rm -rf ./Startup/startup_stm32f446retx.d ./Startup/startup_stm32f446retx.o
rm -rf ./Src/SENSOR.cyclo ./Src/SENSOR.d ./Src/SENSOR.o ./Src/SENSOR.su ./Src/SP.cyclo ./Src/SP.d ./Src/SP.o ./Src/SP.su ./Src/main1.cyclo ./Src/main1.d ./Src/main1.o ./Src/main1.su ./Src/syscalls.cyclo ./Src/syscalls.d ./Src/syscalls.o ./Src/syscalls.su ./Src/sysmem.cyclo ./Src/sysmem.d ./Src/sysmem.o ./Src/sysmem.su
rm -rf 22_SPI.elf 22_SPI.list 22_SPI.map default.size.stdout
 
13:55:59 **** Incremental Build of configuration Debug for project 22_SPI ****
make -j16 all 
arm-none-eabi-gcc -mcpu=cortex-m4 -g3 -DDEBUG -c -x assembler-with-cpp -MMD -MP -MF"Startup/startup_stm32f446retx.d" -MT"Startup/startup_stm32f446retx.o" --specs=nano.specs -mfpu=fpv4-sp-d16 -mfloat-abi=hard -mthumb -o "Startup/startup_stm32f446retx.o" "../Startup/startup_stm32f446retx.s"
arm-none-eabi-gcc "../Src/SENSOR.c" -mcpu=cortex-m4 -std=gnu11 -g3 -DDEBUG -DSTM32 -DSTM32F4 -DSTM32F446RETx -DNUCLEO_F446RE -DSTM32F446xx -c -I../Inc -I"D:/Softwares/Stm32/en.stm32cubef4-v1-28-0/STM32Cube_FW_F4_V1.28.0/Drivers/CMSIS/Device/ST/STM32F4xx/Include" -I"D:/Softwares/Stm32/en.stm32cubef4-v1-28-0/STM32Cube_FW_F4_V1.28.0/Drivers/CMSIS/Include" -O0 -ffunction-sections -fdata-sections -Wall -fstack-usage -fcyclomatic-complexity -MMD -MP -MF"Src/SENSOR.d" -MT"Src/SENSOR.o" --specs=nano.specs -mfpu=fpv4-sp-d16 -mfloat-abi=hard -mthumb -o "Src/SENSOR.o"
arm-none-eabi-gcc "../Src/SP.c" -mcpu=cortex-m4 -std=gnu11 -g3 -DDEBUG -DSTM32 -DSTM32F4 -DSTM32F446RETx -DNUCLEO_F446RE -DSTM32F446xx -c -I../Inc -I"D:/Softwares/Stm32/en.stm32cubef4-v1-28-0/STM32Cube_FW_F4_V1.28.0/Drivers/CMSIS/Device/ST/STM32F4xx/Include" -I"D:/Softwares/Stm32/en.stm32cubef4-v1-28-0/STM32Cube_FW_F4_V1.28.0/Drivers/CMSIS/Include" -O0 -ffunction-sections -fdata-sections -Wall -fstack-usage -fcyclomatic-complexity -MMD -MP -MF"Src/SP.d" -MT"Src/SP.o" --specs=nano.specs -mfpu=fpv4-sp-d16 -mfloat-abi=hard -mthumb -o "Src/SP.o"
arm-none-eabi-gcc "../Src/main1.c" -mcpu=cortex-m4 -std=gnu11 -g3 -DDEBUG -DSTM32 -DSTM32F4 -DSTM32F446RETx -DNUCLEO_F446RE -DSTM32F446xx -c -I../Inc -I"D:/Softwares/Stm32/en.stm32cubef4-v1-28-0/STM32Cube_FW_F4_V1.28.0/Drivers/CMSIS/Device/ST/STM32F4xx/Include" -I"D:/Softwares/Stm32/en.stm32cubef4-v1-28-0/STM32Cube_FW_F4_V1.28.0/Drivers/CMSIS/Include" -O0 -ffunction-sections -fdata-sections -Wall -fstack-usage -fcyclomatic-complexity -MMD -MP -MF"Src/main1.d" -MT"Src/main1.o" --specs=nano.specs -mfpu=fpv4-sp-d16 -mfloat-abi=hard -mthumb -o "Src/main1.o"
arm-none-eabi-gcc "../Src/syscalls.c" -mcpu=cortex-m4 -std=gnu11 -g3 -DDEBUG -DSTM32 -DSTM32F4 -DSTM32F446RETx -DNUCLEO_F446RE -DSTM32F446xx -c -I../Inc -I"D:/Softwares/Stm32/en.stm32cubef4-v1-28-0/STM32Cube_FW_F4_V1.28.0/Drivers/CMSIS/Device/ST/STM32F4xx/Include" -I"D:/Softwares/Stm32/en.stm32cubef4-v1-28-0/STM32Cube_FW_F4_V1.28.0/Drivers/CMSIS/Include" -O0 -ffunction-sections -fdata-sections -Wall -fstack-usage -fcyclomatic-complexity -MMD -MP -MF"Src/syscalls.d" -MT"Src/syscalls.o" --specs=nano.specs -mfpu=fpv4-sp-d16 -mfloat-abi=hard -mthumb -o "Src/syscalls.o"
arm-none-eabi-gcc "../Src/sysmem.c" -mcpu=cortex-m4 -std=gnu11 -g3 -DDEBUG -DSTM32 -DSTM32F4 -DSTM32F446RETx -DNUCLEO_F446RE -DSTM32F446xx -c -I../Inc -I"D:/Softwares/Stm32/en.stm32cubef4-v1-28-0/STM32Cube_FW_F4_V1.28.0/Drivers/CMSIS/Device/ST/STM32F4xx/Include" -I"D:/Softwares/Stm32/en.stm32cubef4-v1-28-0/STM32Cube_FW_F4_V1.28.0/Drivers/CMSIS/Include" -O0 -ffunction-sections -fdata-sections -Wall -fstack-usage -fcyclomatic-complexity -MMD -MP -MF"Src/sysmem.d" -MT"Src/sysmem.o" --specs=nano.specs -mfpu=fpv4-sp-d16 -mfloat-abi=hard -mthumb -o "Src/sysmem.o"
arm-none-eabi-gcc -o "22_SPI.elf" @"objects.list"   -mcpu=cortex-m4 -T"D:\MCU1_Bare_Metal_Progamming_BHM\22_SPI\STM32F446RETX_FLASH.ld" --specs=nosys.specs -Wl,-Map="22_SPI.map" -Wl,--gc-sections -static --specs=nano.specs -mfpu=fpv4-sp-d16 -mfloat-abi=hard -mthumb -Wl,--start-group -lc -lm -Wl,--end-group
Finished building target: 22_SPI.elf
 
arm-none-eabi-size  22_SPI.elf 
arm-none-eabi-objdump -h -S 22_SPI.elf  > "22_SPI.list"
   text	   data	    bss	    dec	    hex	filename
   1464	      4	   1572	   3040	    be0	22_SPI.elf
Finished building: default.size.stdout
 
Finished building: 22_SPI.list
 
13:59:00 **** Incremental Build of configuration Debug for project 22_SPI ****
make -j16 all 
arm-none-eabi-size  22_SPI.elf 
   text	   data	    bss	    dec	    hex	filename
   1464	      4	   1572	   3040	    be0	22_SPI.elf
Finished building: default.size.stdout
 
13:59:46 **** Incremental Build of configuration Debug for project 22_SPI ****
make -j16 all 
arm-none-eabi-size  22_SPI.elf 
   text	   data	    bss	    dec	    hex	filename
   1464	      4	   1572	   3040	    be0	22_SPI.elf
Finished building: default.size.stdout
 
14:10:22 **** Incremental Build of configuration Debug for project 22_SPI ****
make -j16 all 
arm-none-eabi-gcc "../Src/SP.c" -mcpu=cortex-m4 -std=gnu11 -g3 -DDEBUG -DSTM32 -DSTM32F4 -DSTM32F446RETx -DNUCLEO_F446RE -DSTM32F446xx -c -I../Inc -I"D:/Softwares/Stm32/en.stm32cubef4-v1-28-0/STM32Cube_FW_F4_V1.28.0/Drivers/CMSIS/Device/ST/STM32F4xx/Include" -I"D:/Softwares/Stm32/en.stm32cubef4-v1-28-0/STM32Cube_FW_F4_V1.28.0/Drivers/CMSIS/Include" -O0 -ffunction-sections -fdata-sections -Wall -fstack-usage -fcyclomatic-complexity -MMD -MP -MF"Src/SP.d" -MT"Src/SP.o" --specs=nano.specs -mfpu=fpv4-sp-d16 -mfloat-abi=hard -mthumb -o "Src/SP.o"
arm-none-eabi-gcc -o "22_SPI.elf" @"objects.list"   -mcpu=cortex-m4 -T"D:\MCU1_Bare_Metal_Progamming_BHM\22_SPI\STM32F446RETX_FLASH.ld" --specs=nosys.specs -Wl,-Map="22_SPI.map" -Wl,--gc-sections -static --specs=nano.specs -mfpu=fpv4-sp-d16 -mfloat-abi=hard -mthumb -Wl,--start-group -lc -lm -Wl,--end-group
Finished building target: 22_SPI.elf
 
arm-none-eabi-size  22_SPI.elf 
arm-none-eabi-objdump -h -S 22_SPI.elf  > "22_SPI.list"
   text	   data	    bss	    dec	    hex	filename
   1464	      4	   1572	   3040	    be0	22_SPI.elf
Finished building: default.size.stdout
 
Finished building: 22_SPI.list
 
14:15:49 **** Incremental Build of configuration Debug for project 22_SPI ****
make -j16 all 
arm-none-eabi-gcc "../Src/main1.c" -mcpu=cortex-m4 -std=gnu11 -g3 -DDEBUG -DSTM32 -DSTM32F4 -DSTM32F446RETx -DNUCLEO_F446RE -DSTM32F446xx -c -I../Inc -I"D:/Softwares/Stm32/en.stm32cubef4-v1-28-0/STM32Cube_FW_F4_V1.28.0/Drivers/CMSIS/Device/ST/STM32F4xx/Include" -I"D:/Softwares/Stm32/en.stm32cubef4-v1-28-0/STM32Cube_FW_F4_V1.28.0/Drivers/CMSIS/Include" -O0 -ffunction-sections -fdata-sections -Wall -fstack-usage -fcyclomatic-complexity -MMD -MP -MF"Src/main1.d" -MT"Src/main1.o" --specs=nano.specs -mfpu=fpv4-sp-d16 -mfloat-abi=hard -mthumb -o "Src/main1.o"
arm-none-eabi-gcc -o "22_SPI.elf" @"objects.list"   -mcpu=cortex-m4 -T"D:\MCU1_Bare_Metal_Progamming_BHM\22_SPI\STM32F446RETX_FLASH.ld" --specs=nosys.specs -Wl,-Map="22_SPI.map" -Wl,--gc-sections -static --specs=nano.specs -mfpu=fpv4-sp-d16 -mfloat-abi=hard -mthumb -Wl,--start-group -lc -lm -Wl,--end-group
Finished building target: 22_SPI.elf
 
arm-none-eabi-size  22_SPI.elf 
arm-none-eabi-objdump -h -S 22_SPI.elf  > "22_SPI.list"
   text	   data	    bss	    dec	    hex	filename
   1464	      4	   1572	   3040	    be0	22_SPI.elf
Finished building: default.size.stdout
 
Finished building: 22_SPI.list
 
14:26:19 **** Incremental Build of configuration Debug for project 22_SPI ****
make -j16 all 
arm-none-eabi-gcc "../Src/SENSOR.c" -mcpu=cortex-m4 -std=gnu11 -g3 -DDEBUG -DSTM32 -DSTM32F4 -DSTM32F446RETx -DNUCLEO_F446RE -DSTM32F446xx -c -I../Inc -I"D:/Softwares/Stm32/en.stm32cubef4-v1-28-0/STM32Cube_FW_F4_V1.28.0/Drivers/CMSIS/Device/ST/STM32F4xx/Include" -I"D:/Softwares/Stm32/en.stm32cubef4-v1-28-0/STM32Cube_FW_F4_V1.28.0/Drivers/CMSIS/Include" -O0 -ffunction-sections -fdata-sections -Wall -fstack-usage -fcyclomatic-complexity -MMD -MP -MF"Src/SENSOR.d" -MT"Src/SENSOR.o" --specs=nano.specs -mfpu=fpv4-sp-d16 -mfloat-abi=hard -mthumb -o "Src/SENSOR.o"
arm-none-eabi-gcc "../Src/SP.c" -mcpu=cortex-m4 -std=gnu11 -g3 -DDEBUG -DSTM32 -DSTM32F4 -DSTM32F446RETx -DNUCLEO_F446RE -DSTM32F446xx -c -I../Inc -I"D:/Softwares/Stm32/en.stm32cubef4-v1-28-0/STM32Cube_FW_F4_V1.28.0/Drivers/CMSIS/Device/ST/STM32F4xx/Include" -I"D:/Softwares/Stm32/en.stm32cubef4-v1-28-0/STM32Cube_FW_F4_V1.28.0/Drivers/CMSIS/Include" -O0 -ffunction-sections -fdata-sections -Wall -fstack-usage -fcyclomatic-complexity -MMD -MP -MF"Src/SP.d" -MT"Src/SP.o" --specs=nano.specs -mfpu=fpv4-sp-d16 -mfloat-abi=hard -mthumb -o "Src/SP.o"
arm-none-eabi-gcc "../Src/main1.c" -mcpu=cortex-m4 -std=gnu11 -g3 -DDEBUG -DSTM32 -DSTM32F4 -DSTM32F446RETx -DNUCLEO_F446RE -DSTM32F446xx -c -I../Inc -I"D:/Softwares/Stm32/en.stm32cubef4-v1-28-0/STM32Cube_FW_F4_V1.28.0/Drivers/CMSIS/Device/ST/STM32F4xx/Include" -I"D:/Softwares/Stm32/en.stm32cubef4-v1-28-0/STM32Cube_FW_F4_V1.28.0/Drivers/CMSIS/Include" -O0 -ffunction-sections -fdata-sections -Wall -fstack-usage -fcyclomatic-complexity -MMD -MP -MF"Src/main1.d" -MT"Src/main1.o" --specs=nano.specs -mfpu=fpv4-sp-d16 -mfloat-abi=hard -mthumb -o "Src/main1.o"
arm-none-eabi-gcc "../Src/syscalls.c" -mcpu=cortex-m4 -std=gnu11 -g3 -DDEBUG -DSTM32 -DSTM32F4 -DSTM32F446RETx -DNUCLEO_F446RE -DSTM32F446xx -c -I../Inc -I"D:/Softwares/Stm32/en.stm32cubef4-v1-28-0/STM32Cube_FW_F4_V1.28.0/Drivers/CMSIS/Device/ST/STM32F4xx/Include" -I"D:/Softwares/Stm32/en.stm32cubef4-v1-28-0/STM32Cube_FW_F4_V1.28.0/Drivers/CMSIS/Include" -O0 -ffunction-sections -fdata-sections -Wall -fstack-usage -fcyclomatic-complexity -MMD -MP -MF"Src/syscalls.d" -MT"Src/syscalls.o" --specs=nano.specs -mfpu=fpv4-sp-d16 -mfloat-abi=hard -mthumb -o "Src/syscalls.o"
arm-none-eabi-gcc "../Src/sysmem.c" -mcpu=cortex-m4 -std=gnu11 -g3 -DDEBUG -DSTM32 -DSTM32F4 -DSTM32F446RETx -DNUCLEO_F446RE -DSTM32F446xx -c -I../Inc -I"D:/Softwares/Stm32/en.stm32cubef4-v1-28-0/STM32Cube_FW_F4_V1.28.0/Drivers/CMSIS/Device/ST/STM32F4xx/Include" -I"D:/Softwares/Stm32/en.stm32cubef4-v1-28-0/STM32Cube_FW_F4_V1.28.0/Drivers/CMSIS/Include" -O0 -ffunction-sections -fdata-sections -Wall -fstack-usage -fcyclomatic-complexity -MMD -MP -MF"Src/sysmem.d" -MT"Src/sysmem.o" --specs=nano.specs -mfpu=fpv4-sp-d16 -mfloat-abi=hard -mthumb -o "Src/sysmem.o"
arm-none-eabi-gcc "../Src/uart.c" -mcpu=cortex-m4 -std=gnu11 -g3 -DDEBUG -DSTM32 -DSTM32F4 -DSTM32F446RETx -DNUCLEO_F446RE -DSTM32F446xx -c -I../Inc -I"D:/Softwares/Stm32/en.stm32cubef4-v1-28-0/STM32Cube_FW_F4_V1.28.0/Drivers/CMSIS/Device/ST/STM32F4xx/Include" -I"D:/Softwares/Stm32/en.stm32cubef4-v1-28-0/STM32Cube_FW_F4_V1.28.0/Drivers/CMSIS/Include" -O0 -ffunction-sections -fdata-sections -Wall -fstack-usage -fcyclomatic-complexity -MMD -MP -MF"Src/uart.d" -MT"Src/uart.o" --specs=nano.specs -mfpu=fpv4-sp-d16 -mfloat-abi=hard -mthumb -o "Src/uart.o"
arm-none-eabi-gcc -o "22_SPI.elf" @"objects.list"   -mcpu=cortex-m4 -T"D:\MCU1_Bare_Metal_Progamming_BHM\22_SPI\STM32F446RETX_FLASH.ld" --specs=nosys.specs -Wl,-Map="22_SPI.map" -Wl,--gc-sections -static --specs=nano.specs -mfpu=fpv4-sp-d16 -mfloat-abi=hard -mthumb -Wl,--start-group -lc -lm -Wl,--end-group
Finished building target: 22_SPI.elf
 
arm-none-eabi-size  22_SPI.elf 
arm-none-eabi-objdump -h -S 22_SPI.elf  > "22_SPI.list"
   text	   data	    bss	    dec	    hex	filename
   4740	     96	   1904	   6740	   1a54	22_SPI.elf
Finished building: default.size.stdout
 
Finished building: 22_SPI.list
 
14:30:51 **** Incremental Build of configuration Debug for project 22_SPI ****
make -j16 all 
arm-none-eabi-gcc "../Src/main1.c" -mcpu=cortex-m4 -std=gnu11 -g3 -DDEBUG -DSTM32 -DSTM32F4 -DSTM32F446RETx -DNUCLEO_F446RE -DSTM32F446xx -c -I../Inc -I"D:/Softwares/Stm32/en.stm32cubef4-v1-28-0/STM32Cube_FW_F4_V1.28.0/Drivers/CMSIS/Device/ST/STM32F4xx/Include" -I"D:/Softwares/Stm32/en.stm32cubef4-v1-28-0/STM32Cube_FW_F4_V1.28.0/Drivers/CMSIS/Include" -O0 -ffunction-sections -fdata-sections -Wall -fstack-usage -fcyclomatic-complexity -MMD -MP -MF"Src/main1.d" -MT"Src/main1.o" --specs=nano.specs -mfpu=fpv4-sp-d16 -mfloat-abi=hard -mthumb -o "Src/main1.o"
arm-none-eabi-gcc -o "22_SPI.elf" @"objects.list"   -mcpu=cortex-m4 -T"D:\MCU1_Bare_Metal_Progamming_BHM\22_SPI\STM32F446RETX_FLASH.ld" --specs=nosys.specs -Wl,-Map="22_SPI.map" -Wl,--gc-sections -static --specs=nano.specs -mfpu=fpv4-sp-d16 -mfloat-abi=hard -mthumb -Wl,--start-group -lc -lm -Wl,--end-group
Finished building target: 22_SPI.elf
 
arm-none-eabi-size  22_SPI.elf 
arm-none-eabi-objdump -h -S 22_SPI.elf  > "22_SPI.list"
   text	   data	    bss	    dec	    hex	filename
   1464	      4	   1572	   3040	    be0	22_SPI.elf
Finished building: default.size.stdout
 
Finished building: 22_SPI.list
 
15:38:17 **** Clean-only build of configuration Debug for project 22_SPI ****
make -j16 clean 
rm -rf ./Startup/startup_stm32f446retx.d ./Startup/startup_stm32f446retx.o
rm -rf ./Src/SENSOR.cyclo ./Src/SENSOR.d ./Src/SENSOR.o ./Src/SENSOR.su ./Src/SP.cyclo ./Src/SP.d ./Src/SP.o ./Src/SP.su ./Src/main1.cyclo ./Src/main1.d ./Src/main1.o ./Src/main1.su ./Src/syscalls.cyclo ./Src/syscalls.d ./Src/syscalls.o ./Src/syscalls.su ./Src/sysmem.cyclo ./Src/sysmem.d ./Src/sysmem.o ./Src/sysmem.su ./Src/uart.cyclo ./Src/uart.d ./Src/uart.o ./Src/uart.su
rm -rf 22_SPI.elf 22_SPI.list 22_SPI.map default.size.stdout
 
15:38:17 **** Incremental Build of configuration Debug for project 22_SPI ****
make -j16 all 
arm-none-eabi-gcc -mcpu=cortex-m4 -g3 -DDEBUG -c -x assembler-with-cpp -MMD -MP -MF"Startup/startup_stm32f446retx.d" -MT"Startup/startup_stm32f446retx.o" --specs=nano.specs -mfpu=fpv4-sp-d16 -mfloat-abi=hard -mthumb -o "Startup/startup_stm32f446retx.o" "../Startup/startup_stm32f446retx.s"
arm-none-eabi-gcc "../Src/SENSOR.c" -mcpu=cortex-m4 -std=gnu11 -g3 -DDEBUG -DSTM32 -DSTM32F4 -DSTM32F446RETx -DNUCLEO_F446RE -DSTM32F446xx -c -I../Inc -I"D:/Softwares/Stm32/en.stm32cubef4-v1-28-0/STM32Cube_FW_F4_V1.28.0/Drivers/CMSIS/Device/ST/STM32F4xx/Include" -I"D:/Softwares/Stm32/en.stm32cubef4-v1-28-0/STM32Cube_FW_F4_V1.28.0/Drivers/CMSIS/Include" -O0 -ffunction-sections -fdata-sections -Wall -fstack-usage -fcyclomatic-complexity -MMD -MP -MF"Src/SENSOR.d" -MT"Src/SENSOR.o" --specs=nano.specs -mfpu=fpv4-sp-d16 -mfloat-abi=hard -mthumb -o "Src/SENSOR.o"
arm-none-eabi-gcc "../Src/SP.c" -mcpu=cortex-m4 -std=gnu11 -g3 -DDEBUG -DSTM32 -DSTM32F4 -DSTM32F446RETx -DNUCLEO_F446RE -DSTM32F446xx -c -I../Inc -I"D:/Softwares/Stm32/en.stm32cubef4-v1-28-0/STM32Cube_FW_F4_V1.28.0/Drivers/CMSIS/Device/ST/STM32F4xx/Include" -I"D:/Softwares/Stm32/en.stm32cubef4-v1-28-0/STM32Cube_FW_F4_V1.28.0/Drivers/CMSIS/Include" -O0 -ffunction-sections -fdata-sections -Wall -fstack-usage -fcyclomatic-complexity -MMD -MP -MF"Src/SP.d" -MT"Src/SP.o" --specs=nano.specs -mfpu=fpv4-sp-d16 -mfloat-abi=hard -mthumb -o "Src/SP.o"
arm-none-eabi-gcc "../Src/main1.c" -mcpu=cortex-m4 -std=gnu11 -g3 -DDEBUG -DSTM32 -DSTM32F4 -DSTM32F446RETx -DNUCLEO_F446RE -DSTM32F446xx -c -I../Inc -I"D:/Softwares/Stm32/en.stm32cubef4-v1-28-0/STM32Cube_FW_F4_V1.28.0/Drivers/CMSIS/Device/ST/STM32F4xx/Include" -I"D:/Softwares/Stm32/en.stm32cubef4-v1-28-0/STM32Cube_FW_F4_V1.28.0/Drivers/CMSIS/Include" -O0 -ffunction-sections -fdata-sections -Wall -fstack-usage -fcyclomatic-complexity -MMD -MP -MF"Src/main1.d" -MT"Src/main1.o" --specs=nano.specs -mfpu=fpv4-sp-d16 -mfloat-abi=hard -mthumb -o "Src/main1.o"
arm-none-eabi-gcc "../Src/syscalls.c" -mcpu=cortex-m4 -std=gnu11 -g3 -DDEBUG -DSTM32 -DSTM32F4 -DSTM32F446RETx -DNUCLEO_F446RE -DSTM32F446xx -c -I../Inc -I"D:/Softwares/Stm32/en.stm32cubef4-v1-28-0/STM32Cube_FW_F4_V1.28.0/Drivers/CMSIS/Device/ST/STM32F4xx/Include" -I"D:/Softwares/Stm32/en.stm32cubef4-v1-28-0/STM32Cube_FW_F4_V1.28.0/Drivers/CMSIS/Include" -O0 -ffunction-sections -fdata-sections -Wall -fstack-usage -fcyclomatic-complexity -MMD -MP -MF"Src/syscalls.d" -MT"Src/syscalls.o" --specs=nano.specs -mfpu=fpv4-sp-d16 -mfloat-abi=hard -mthumb -o "Src/syscalls.o"
arm-none-eabi-gcc "../Src/sysmem.c" -mcpu=cortex-m4 -std=gnu11 -g3 -DDEBUG -DSTM32 -DSTM32F4 -DSTM32F446RETx -DNUCLEO_F446RE -DSTM32F446xx -c -I../Inc -I"D:/Softwares/Stm32/en.stm32cubef4-v1-28-0/STM32Cube_FW_F4_V1.28.0/Drivers/CMSIS/Device/ST/STM32F4xx/Include" -I"D:/Softwares/Stm32/en.stm32cubef4-v1-28-0/STM32Cube_FW_F4_V1.28.0/Drivers/CMSIS/Include" -O0 -ffunction-sections -fdata-sections -Wall -fstack-usage -fcyclomatic-complexity -MMD -MP -MF"Src/sysmem.d" -MT"Src/sysmem.o" --specs=nano.specs -mfpu=fpv4-sp-d16 -mfloat-abi=hard -mthumb -o "Src/sysmem.o"
arm-none-eabi-gcc "../Src/uart.c" -mcpu=cortex-m4 -std=gnu11 -g3 -DDEBUG -DSTM32 -DSTM32F4 -DSTM32F446RETx -DNUCLEO_F446RE -DSTM32F446xx -c -I../Inc -I"D:/Softwares/Stm32/en.stm32cubef4-v1-28-0/STM32Cube_FW_F4_V1.28.0/Drivers/CMSIS/Device/ST/STM32F4xx/Include" -I"D:/Softwares/Stm32/en.stm32cubef4-v1-28-0/STM32Cube_FW_F4_V1.28.0/Drivers/CMSIS/Include" -O0 -ffunction-sections -fdata-sections -Wall -fstack-usage -fcyclomatic-complexity -MMD -MP -MF"Src/uart.d" -MT"Src/uart.o" --specs=nano.specs -mfpu=fpv4-sp-d16 -mfloat-abi=hard -mthumb -o "Src/uart.o"
arm-none-eabi-gcc -o "22_SPI.elf" @"objects.list"   -mcpu=cortex-m4 -T"D:\MCU1_Bare_Metal_Progamming_BHM\22_SPI\STM32F446RETX_FLASH.ld" --specs=nosys.specs -Wl,-Map="22_SPI.map" -Wl,--gc-sections -static --specs=nano.specs -mfpu=fpv4-sp-d16 -mfloat-abi=hard -mthumb -Wl,--start-group -lc -lm -Wl,--end-group
Finished building target: 22_SPI.elf
 
arm-none-eabi-size  22_SPI.elf 
arm-none-eabi-objdump -h -S 22_SPI.elf  > "22_SPI.list"
   text	   data	    bss	    dec	    hex	filename
   1464	      4	   1572	   3040	    be0	22_SPI.elf
Finished building: default.size.stdout
 
Finished building: 22_SPI.list
 
15:39:56 **** Build of configuration Debug for project 08_UART_RX ****
make -j16 all 
arm-none-eabi-size  08_UART_RX.elf 
   text	   data	    bss	    dec	    hex	filename
   1160	      0	   1568	   2728	    aa8	08_UART_RX.elf
Finished building: default.size.stdout
 
15:39:57 **** Incremental Build of configuration Debug for project 22_SPI ****
make -j16 all 
arm-none-eabi-gcc "../Src/SP.c" -mcpu=cortex-m4 -std=gnu11 -g3 -DDEBUG -DSTM32 -DSTM32F4 -DSTM32F446RETx -DNUCLEO_F446RE -DSTM32F446xx -c -I../Inc -I"D:/Softwares/Stm32/en.stm32cubef4-v1-28-0/STM32Cube_FW_F4_V1.28.0/Drivers/CMSIS/Device/ST/STM32F4xx/Include" -I"D:/Softwares/Stm32/en.stm32cubef4-v1-28-0/STM32Cube_FW_F4_V1.28.0/Drivers/CMSIS/Include" -O0 -ffunction-sections -fdata-sections -Wall -fstack-usage -fcyclomatic-complexity -MMD -MP -MF"Src/SP.d" -MT"Src/SP.o" --specs=nano.specs -mfpu=fpv4-sp-d16 -mfloat-abi=hard -mthumb -o "Src/SP.o"
../Src/SP.c:18:23: warning: initializer-string for array of 'unsigned char' is too long
   18 | uint8_t tx_data1[3] = {"This is from SPI"}; // ✅ Actual definition
      |                       ^
arm-none-eabi-gcc -o "22_SPI.elf" @"objects.list"   -mcpu=cortex-m4 -T"D:\MCU1_Bare_Metal_Progamming_BHM\22_SPI\STM32F446RETX_FLASH.ld" --specs=nosys.specs -Wl,-Map="22_SPI.map" -Wl,--gc-sections -static --specs=nano.specs -mfpu=fpv4-sp-d16 -mfloat-abi=hard -mthumb -Wl,--start-group -lc -lm -Wl,--end-group
Finished building target: 22_SPI.elf
 
arm-none-eabi-size  22_SPI.elf 
arm-none-eabi-objdump -h -S 22_SPI.elf  > "22_SPI.list"
   text	   data	    bss	    dec	    hex	filename
   1464	      4	   1572	   3040	    be0	22_SPI.elf
Finished building: default.size.stdout
 
Finished building: 22_SPI.list
 
15:40:27 **** Incremental Build of configuration Debug for project 08_UART_RX ****
make -j16 all 
arm-none-eabi-size  08_UART_RX.elf 
   text	   data	    bss	    dec	    hex	filename
   1160	      0	   1568	   2728	    aa8	08_UART_RX.elf
Finished building: default.size.stdout
 
15:40:28 **** Incremental Build of configuration Debug for project 22_SPI ****
make -j16 all 
arm-none-eabi-gcc "../Src/SP.c" -mcpu=cortex-m4 -std=gnu11 -g3 -DDEBUG -DSTM32 -DSTM32F4 -DSTM32F446RETx -DNUCLEO_F446RE -DSTM32F446xx -c -I../Inc -I"D:/Softwares/Stm32/en.stm32cubef4-v1-28-0/STM32Cube_FW_F4_V1.28.0/Drivers/CMSIS/Device/ST/STM32F4xx/Include" -I"D:/Softwares/Stm32/en.stm32cubef4-v1-28-0/STM32Cube_FW_F4_V1.28.0/Drivers/CMSIS/Include" -O0 -ffunction-sections -fdata-sections -Wall -fstack-usage -fcyclomatic-complexity -MMD -MP -MF"Src/SP.d" -MT"Src/SP.o" --specs=nano.specs -mfpu=fpv4-sp-d16 -mfloat-abi=hard -mthumb -o "Src/SP.o"
arm-none-eabi-gcc "../Src/main1.c" -mcpu=cortex-m4 -std=gnu11 -g3 -DDEBUG -DSTM32 -DSTM32F4 -DSTM32F446RETx -DNUCLEO_F446RE -DSTM32F446xx -c -I../Inc -I"D:/Softwares/Stm32/en.stm32cubef4-v1-28-0/STM32Cube_FW_F4_V1.28.0/Drivers/CMSIS/Device/ST/STM32F4xx/Include" -I"D:/Softwares/Stm32/en.stm32cubef4-v1-28-0/STM32Cube_FW_F4_V1.28.0/Drivers/CMSIS/Include" -O0 -ffunction-sections -fdata-sections -Wall -fstack-usage -fcyclomatic-complexity -MMD -MP -MF"Src/main1.d" -MT"Src/main1.o" --specs=nano.specs -mfpu=fpv4-sp-d16 -mfloat-abi=hard -mthumb -o "Src/main1.o"
../Src/SP.c:18:9: error: conflicting types for 'tx_data1'; have 'uint8_t[10]' {aka 'unsigned char[10]'}
   18 | uint8_t tx_data1[10] = {"This is from SPI"}; // ✅ Actual definition
      |         ^~~~~~~~
In file included from ../Src/SP.c:9:
../Inc/SPI.h:21:16: note: previous declaration of 'tx_data1' with type 'uint8_t[3]' {aka 'unsigned char[3]'}
   21 | extern uint8_t tx_data1[3]; // ✅ Declaration only
      |                ^~~~~~~~
../Src/SP.c:18:24: warning: initializer-string for array of 'unsigned char' is too long
   18 | uint8_t tx_data1[10] = {"This is from SPI"}; // ✅ Actual definition
      |                        ^
make: *** [Src/subdir.mk:34: Src/SP.o] Error 1
make: *** Waiting for unfinished jobs....
"make -j16 all" terminated with exit code 2. Build might be incomplete.
15:40:57 **** Incremental Build of configuration Debug for project 08_UART_RX ****
make -j16 all 
arm-none-eabi-size  08_UART_RX.elf 
   text	   data	    bss	    dec	    hex	filename
   1160	      0	   1568	   2728	    aa8	08_UART_RX.elf
Finished building: default.size.stdout
 
15:40:57 **** Incremental Build of configuration Debug for project 22_SPI ****
make -j16 all 
arm-none-eabi-gcc "../Src/SP.c" -mcpu=cortex-m4 -std=gnu11 -g3 -DDEBUG -DSTM32 -DSTM32F4 -DSTM32F446RETx -DNUCLEO_F446RE -DSTM32F446xx -c -I../Inc -I"D:/Softwares/Stm32/en.stm32cubef4-v1-28-0/STM32Cube_FW_F4_V1.28.0/Drivers/CMSIS/Device/ST/STM32F4xx/Include" -I"D:/Softwares/Stm32/en.stm32cubef4-v1-28-0/STM32Cube_FW_F4_V1.28.0/Drivers/CMSIS/Include" -O0 -ffunction-sections -fdata-sections -Wall -fstack-usage -fcyclomatic-complexity -MMD -MP -MF"Src/SP.d" -MT"Src/SP.o" --specs=nano.specs -mfpu=fpv4-sp-d16 -mfloat-abi=hard -mthumb -o "Src/SP.o"
../Src/SP.c:18:9: error: conflicting types for 'tx_data1'; have 'uint8_t[8]' {aka 'unsigned char[8]'}
   18 | uint8_t tx_data1[8] = {"This is from SPI"}; // ✅ Actual definition
      |         ^~~~~~~~
In file included from ../Src/SP.c:9:
../Inc/SPI.h:21:16: note: previous declaration of 'tx_data1' with type 'uint8_t[3]' {aka 'unsigned char[3]'}
   21 | extern uint8_t tx_data1[3]; // ✅ Declaration only
      |                ^~~~~~~~
../Src/SP.c:18:23: warning: initializer-string for array of 'unsigned char' is too long
   18 | uint8_t tx_data1[8] = {"This is from SPI"}; // ✅ Actual definition
      |                       ^
make: *** [Src/subdir.mk:34: Src/SP.o] Error 1
"make -j16 all" terminated with exit code 2. Build might be incomplete.
15:41:07 **** Incremental Build of configuration Debug for project 08_UART_RX ****
make -j16 all 
arm-none-eabi-size  08_UART_RX.elf 
   text	   data	    bss	    dec	    hex	filename
   1160	      0	   1568	   2728	    aa8	08_UART_RX.elf
Finished building: default.size.stdout
 
15:41:07 **** Incremental Build of configuration Debug for project 22_SPI ****
make -j16 all 
arm-none-eabi-gcc "../Src/SP.c" -mcpu=cortex-m4 -std=gnu11 -g3 -DDEBUG -DSTM32 -DSTM32F4 -DSTM32F446RETx -DNUCLEO_F446RE -DSTM32F446xx -c -I../Inc -I"D:/Softwares/Stm32/en.stm32cubef4-v1-28-0/STM32Cube_FW_F4_V1.28.0/Drivers/CMSIS/Device/ST/STM32F4xx/Include" -I"D:/Softwares/Stm32/en.stm32cubef4-v1-28-0/STM32Cube_FW_F4_V1.28.0/Drivers/CMSIS/Include" -O0 -ffunction-sections -fdata-sections -Wall -fstack-usage -fcyclomatic-complexity -MMD -MP -MF"Src/SP.d" -MT"Src/SP.o" --specs=nano.specs -mfpu=fpv4-sp-d16 -mfloat-abi=hard -mthumb -o "Src/SP.o"
arm-none-eabi-gcc "../Src/main1.c" -mcpu=cortex-m4 -std=gnu11 -g3 -DDEBUG -DSTM32 -DSTM32F4 -DSTM32F446RETx -DNUCLEO_F446RE -DSTM32F446xx -c -I../Inc -I"D:/Softwares/Stm32/en.stm32cubef4-v1-28-0/STM32Cube_FW_F4_V1.28.0/Drivers/CMSIS/Device/ST/STM32F4xx/Include" -I"D:/Softwares/Stm32/en.stm32cubef4-v1-28-0/STM32Cube_FW_F4_V1.28.0/Drivers/CMSIS/Include" -O0 -ffunction-sections -fdata-sections -Wall -fstack-usage -fcyclomatic-complexity -MMD -MP -MF"Src/main1.d" -MT"Src/main1.o" --specs=nano.specs -mfpu=fpv4-sp-d16 -mfloat-abi=hard -mthumb -o "Src/main1.o"
../Src/SP.c:18:23: warning: initializer-string for array of 'unsigned char' is too long
   18 | uint8_t tx_data1[3] = {"This is from SPI"}; // ✅ Actual definition
      |                       ^
arm-none-eabi-gcc -o "22_SPI.elf" @"objects.list"   -mcpu=cortex-m4 -T"D:\MCU1_Bare_Metal_Progamming_BHM\22_SPI\STM32F446RETX_FLASH.ld" --specs=nosys.specs -Wl,-Map="22_SPI.map" -Wl,--gc-sections -static --specs=nano.specs -mfpu=fpv4-sp-d16 -mfloat-abi=hard -mthumb -Wl,--start-group -lc -lm -Wl,--end-group
Finished building target: 22_SPI.elf
 
arm-none-eabi-size  22_SPI.elf 
arm-none-eabi-objdump -h -S 22_SPI.elf  > "22_SPI.list"
   text	   data	    bss	    dec	    hex	filename
   1464	      4	   1572	   3040	    be0	22_SPI.elf
Finished building: default.size.stdout
 
Finished building: 22_SPI.list
 
15:41:21 **** Incremental Build of configuration Debug for project 22_SPI ****
make -j16 all 
arm-none-eabi-size  22_SPI.elf 
   text	   data	    bss	    dec	    hex	filename
   1464	      4	   1572	   3040	    be0	22_SPI.elf
Finished building: default.size.stdout
 
15:42:23 **** Incremental Build of configuration Debug for project 08_UART_RX ****
make -j16 all 
arm-none-eabi-size  08_UART_RX.elf 
   text	   data	    bss	    dec	    hex	filename
   1160	      0	   1568	   2728	    aa8	08_UART_RX.elf
Finished building: default.size.stdout
 
15:42:23 **** Incremental Build of configuration Debug for project 22_SPI ****
make -j16 all 
arm-none-eabi-gcc "../Src/SP.c" -mcpu=cortex-m4 -std=gnu11 -g3 -DDEBUG -DSTM32 -DSTM32F4 -DSTM32F446RETx -DNUCLEO_F446RE -DSTM32F446xx -c -I../Inc -I"D:/Softwares/Stm32/en.stm32cubef4-v1-28-0/STM32Cube_FW_F4_V1.28.0/Drivers/CMSIS/Device/ST/STM32F4xx/Include" -I"D:/Softwares/Stm32/en.stm32cubef4-v1-28-0/STM32Cube_FW_F4_V1.28.0/Drivers/CMSIS/Include" -O0 -ffunction-sections -fdata-sections -Wall -fstack-usage -fcyclomatic-complexity -MMD -MP -MF"Src/SP.d" -MT"Src/SP.o" --specs=nano.specs -mfpu=fpv4-sp-d16 -mfloat-abi=hard -mthumb -o "Src/SP.o"
../Src/SP.c:18:28: error: excess elements in 'char' array initializer
   18 | uint8_t tx_data1[3] = {"S","P","I"}; // ✅ Actual definition
      |                            ^~~
../Src/SP.c:18:28: note: (near initialization for 'tx_data1')
../Src/SP.c:18:32: error: excess elements in 'char' array initializer
   18 | uint8_t tx_data1[3] = {"S","P","I"}; // ✅ Actual definition
      |                                ^~~
../Src/SP.c:18:32: note: (near initialization for 'tx_data1')
make: *** [Src/subdir.mk:34: Src/SP.o] Error 1
"make -j16 all" terminated with exit code 2. Build might be incomplete.
15:42:42 **** Incremental Build of configuration Debug for project 08_UART_RX ****
make -j16 all 
arm-none-eabi-size  08_UART_RX.elf 
   text	   data	    bss	    dec	    hex	filename
   1160	      0	   1568	   2728	    aa8	08_UART_RX.elf
Finished building: default.size.stdout
 
15:42:42 **** Incremental Build of configuration Debug for project 22_SPI ****
make -j16 all 
arm-none-eabi-gcc "../Src/SP.c" -mcpu=cortex-m4 -std=gnu11 -g3 -DDEBUG -DSTM32 -DSTM32F4 -DSTM32F446RETx -DNUCLEO_F446RE -DSTM32F446xx -c -I../Inc -I"D:/Softwares/Stm32/en.stm32cubef4-v1-28-0/STM32Cube_FW_F4_V1.28.0/Drivers/CMSIS/Device/ST/STM32F4xx/Include" -I"D:/Softwares/Stm32/en.stm32cubef4-v1-28-0/STM32Cube_FW_F4_V1.28.0/Drivers/CMSIS/Include" -O0 -ffunction-sections -fdata-sections -Wall -fstack-usage -fcyclomatic-complexity -MMD -MP -MF"Src/SP.d" -MT"Src/SP.o" --specs=nano.specs -mfpu=fpv4-sp-d16 -mfloat-abi=hard -mthumb -o "Src/SP.o"
arm-none-eabi-gcc -o "22_SPI.elf" @"objects.list"   -mcpu=cortex-m4 -T"D:\MCU1_Bare_Metal_Progamming_BHM\22_SPI\STM32F446RETX_FLASH.ld" --specs=nosys.specs -Wl,-Map="22_SPI.map" -Wl,--gc-sections -static --specs=nano.specs -mfpu=fpv4-sp-d16 -mfloat-abi=hard -mthumb -Wl,--start-group -lc -lm -Wl,--end-group
Finished building target: 22_SPI.elf
 
arm-none-eabi-size  22_SPI.elf 
arm-none-eabi-objdump -h -S 22_SPI.elf  > "22_SPI.list"
   text	   data	    bss	    dec	    hex	filename
   1464	      4	   1572	   3040	    be0	22_SPI.elf
Finished building: default.size.stdout
 
Finished building: 22_SPI.list
 
15:42:47 **** Incremental Build of configuration Debug for project 22_SPI ****
make -j16 all 
arm-none-eabi-size  22_SPI.elf 
   text	   data	    bss	    dec	    hex	filename
   1464	      4	   1572	   3040	    be0	22_SPI.elf
Finished building: default.size.stdout
 
15:43:26 **** Incremental Build of configuration Debug for project 08_UART_RX ****
make -j16 all 
arm-none-eabi-size  08_UART_RX.elf 
   text	   data	    bss	    dec	    hex	filename
   1160	      0	   1568	   2728	    aa8	08_UART_RX.elf
Finished building: default.size.stdout
 
15:43:26 **** Incremental Build of configuration Debug for project 22_SPI ****
make -j16 all 
arm-none-eabi-gcc "../Src/SP.c" -mcpu=cortex-m4 -std=gnu11 -g3 -DDEBUG -DSTM32 -DSTM32F4 -DSTM32F446RETx -DNUCLEO_F446RE -DSTM32F446xx -c -I../Inc -I"D:/Softwares/Stm32/en.stm32cubef4-v1-28-0/STM32Cube_FW_F4_V1.28.0/Drivers/CMSIS/Device/ST/STM32F4xx/Include" -I"D:/Softwares/Stm32/en.stm32cubef4-v1-28-0/STM32Cube_FW_F4_V1.28.0/Drivers/CMSIS/Include" -O0 -ffunction-sections -fdata-sections -Wall -fstack-usage -fcyclomatic-complexity -MMD -MP -MF"Src/SP.d" -MT"Src/SP.o" --specs=nano.specs -mfpu=fpv4-sp-d16 -mfloat-abi=hard -mthumb -o "Src/SP.o"
../Src/SP.c:18:9: error: conflicting types for 'tx_data1'; have 'uint8_t[8]' {aka 'unsigned char[8]'}
   18 | uint8_t tx_data1[8] = {1,2,3}; // ✅ Actual definition
      |         ^~~~~~~~
In file included from ../Src/SP.c:9:
../Inc/SPI.h:21:16: note: previous declaration of 'tx_data1' with type 'uint8_t[3]' {aka 'unsigned char[3]'}
   21 | extern uint8_t tx_data1[3]; // ✅ Declaration only
      |                ^~~~~~~~
make: *** [Src/subdir.mk:34: Src/SP.o] Error 1
"make -j16 all" terminated with exit code 2. Build might be incomplete.
15:43:34 **** Incremental Build of configuration Debug for project 08_UART_RX ****
make -j16 all 
arm-none-eabi-size  08_UART_RX.elf 
   text	   data	    bss	    dec	    hex	filename
   1160	      0	   1568	   2728	    aa8	08_UART_RX.elf
Finished building: default.size.stdout
 
15:43:34 **** Incremental Build of configuration Debug for project 22_SPI ****
make -j16 all 
arm-none-eabi-gcc "../Src/SP.c" -mcpu=cortex-m4 -std=gnu11 -g3 -DDEBUG -DSTM32 -DSTM32F4 -DSTM32F446RETx -DNUCLEO_F446RE -DSTM32F446xx -c -I../Inc -I"D:/Softwares/Stm32/en.stm32cubef4-v1-28-0/STM32Cube_FW_F4_V1.28.0/Drivers/CMSIS/Device/ST/STM32F4xx/Include" -I"D:/Softwares/Stm32/en.stm32cubef4-v1-28-0/STM32Cube_FW_F4_V1.28.0/Drivers/CMSIS/Include" -O0 -ffunction-sections -fdata-sections -Wall -fstack-usage -fcyclomatic-complexity -MMD -MP -MF"Src/SP.d" -MT"Src/SP.o" --specs=nano.specs -mfpu=fpv4-sp-d16 -mfloat-abi=hard -mthumb -o "Src/SP.o"
../Src/SP.c:18:9: error: conflicting types for 'tx_data1'; have 'uint8_t[7]' {aka 'unsigned char[7]'}
   18 | uint8_t tx_data1[7] = {1,2,3}; // ✅ Actual definition
      |         ^~~~~~~~
In file included from ../Src/SP.c:9:
../Inc/SPI.h:21:16: note: previous declaration of 'tx_data1' with type 'uint8_t[3]' {aka 'unsigned char[3]'}
   21 | extern uint8_t tx_data1[3]; // ✅ Declaration only
      |                ^~~~~~~~
make: *** [Src/subdir.mk:34: Src/SP.o] Error 1
"make -j16 all" terminated with exit code 2. Build might be incomplete.
15:43:56 **** Incremental Build of configuration Debug for project 08_UART_RX ****
make -j16 all 
arm-none-eabi-size  08_UART_RX.elf 
   text	   data	    bss	    dec	    hex	filename
   1160	      0	   1568	   2728	    aa8	08_UART_RX.elf
Finished building: default.size.stdout
 
15:43:57 **** Incremental Build of configuration Debug for project 22_SPI ****
make -j16 all 
arm-none-eabi-gcc "../Src/SP.c" -mcpu=cortex-m4 -std=gnu11 -g3 -DDEBUG -DSTM32 -DSTM32F4 -DSTM32F446RETx -DNUCLEO_F446RE -DSTM32F446xx -c -I../Inc -I"D:/Softwares/Stm32/en.stm32cubef4-v1-28-0/STM32Cube_FW_F4_V1.28.0/Drivers/CMSIS/Device/ST/STM32F4xx/Include" -I"D:/Softwares/Stm32/en.stm32cubef4-v1-28-0/STM32Cube_FW_F4_V1.28.0/Drivers/CMSIS/Include" -O0 -ffunction-sections -fdata-sections -Wall -fstack-usage -fcyclomatic-complexity -MMD -MP -MF"Src/SP.d" -MT"Src/SP.o" --specs=nano.specs -mfpu=fpv4-sp-d16 -mfloat-abi=hard -mthumb -o "Src/SP.o"
arm-none-eabi-gcc "../Src/main1.c" -mcpu=cortex-m4 -std=gnu11 -g3 -DDEBUG -DSTM32 -DSTM32F4 -DSTM32F446RETx -DNUCLEO_F446RE -DSTM32F446xx -c -I../Inc -I"D:/Softwares/Stm32/en.stm32cubef4-v1-28-0/STM32Cube_FW_F4_V1.28.0/Drivers/CMSIS/Device/ST/STM32F4xx/Include" -I"D:/Softwares/Stm32/en.stm32cubef4-v1-28-0/STM32Cube_FW_F4_V1.28.0/Drivers/CMSIS/Include" -O0 -ffunction-sections -fdata-sections -Wall -fstack-usage -fcyclomatic-complexity -MMD -MP -MF"Src/main1.d" -MT"Src/main1.o" --specs=nano.specs -mfpu=fpv4-sp-d16 -mfloat-abi=hard -mthumb -o "Src/main1.o"
arm-none-eabi-gcc -o "22_SPI.elf" @"objects.list"   -mcpu=cortex-m4 -T"D:\MCU1_Bare_Metal_Progamming_BHM\22_SPI\STM32F446RETX_FLASH.ld" --specs=nosys.specs -Wl,-Map="22_SPI.map" -Wl,--gc-sections -static --specs=nano.specs -mfpu=fpv4-sp-d16 -mfloat-abi=hard -mthumb -Wl,--start-group -lc -lm -Wl,--end-group
Finished building target: 22_SPI.elf
 
arm-none-eabi-size  22_SPI.elf 
arm-none-eabi-objdump -h -S 22_SPI.elf  > "22_SPI.list"
   text	   data	    bss	    dec	    hex	filename
   1464	      8	   1568	   3040	    be0	22_SPI.elf
Finished building: default.size.stdout
 
Finished building: 22_SPI.list
 
15:44:36 **** Incremental Build of configuration Debug for project 08_UART_RX ****
make -j16 all 
arm-none-eabi-size  08_UART_RX.elf 
   text	   data	    bss	    dec	    hex	filename
   1160	      0	   1568	   2728	    aa8	08_UART_RX.elf
Finished building: default.size.stdout
 
15:44:36 **** Incremental Build of configuration Debug for project 22_SPI ****
make -j16 all 
arm-none-eabi-gcc "../Src/SP.c" -mcpu=cortex-m4 -std=gnu11 -g3 -DDEBUG -DSTM32 -DSTM32F4 -DSTM32F446RETx -DNUCLEO_F446RE -DSTM32F446xx -c -I../Inc -I"D:/Softwares/Stm32/en.stm32cubef4-v1-28-0/STM32Cube_FW_F4_V1.28.0/Drivers/CMSIS/Device/ST/STM32F4xx/Include" -I"D:/Softwares/Stm32/en.stm32cubef4-v1-28-0/STM32Cube_FW_F4_V1.28.0/Drivers/CMSIS/Include" -O0 -ffunction-sections -fdata-sections -Wall -fstack-usage -fcyclomatic-complexity -MMD -MP -MF"Src/SP.d" -MT"Src/SP.o" --specs=nano.specs -mfpu=fpv4-sp-d16 -mfloat-abi=hard -mthumb -o "Src/SP.o"
arm-none-eabi-gcc -o "22_SPI.elf" @"objects.list"   -mcpu=cortex-m4 -T"D:\MCU1_Bare_Metal_Progamming_BHM\22_SPI\STM32F446RETX_FLASH.ld" --specs=nosys.specs -Wl,-Map="22_SPI.map" -Wl,--gc-sections -static --specs=nano.specs -mfpu=fpv4-sp-d16 -mfloat-abi=hard -mthumb -Wl,--start-group -lc -lm -Wl,--end-group
Finished building target: 22_SPI.elf
 
arm-none-eabi-size  22_SPI.elf 
arm-none-eabi-objdump -h -S 22_SPI.elf  > "22_SPI.list"
   text	   data	    bss	    dec	    hex	filename
   1464	      8	   1568	   3040	    be0	22_SPI.elf
Finished building: default.size.stdout
 
Finished building: 22_SPI.list
 
15:44:48 **** Incremental Build of configuration Debug for project 22_SPI ****
make -j16 all 
arm-none-eabi-size  22_SPI.elf 
   text	   data	    bss	    dec	    hex	filename
   1464	      8	   1568	   3040	    be0	22_SPI.elf
Finished building: default.size.stdout
 
15:45:12 **** Incremental Build of configuration Debug for project 22_SPI ****
make -j16 all 
arm-none-eabi-gcc "../Src/main1.c" -mcpu=cortex-m4 -std=gnu11 -g3 -DDEBUG -DSTM32 -DSTM32F4 -DSTM32F446RETx -DNUCLEO_F446RE -DSTM32F446xx -c -I../Inc -I"D:/Softwares/Stm32/en.stm32cubef4-v1-28-0/STM32Cube_FW_F4_V1.28.0/Drivers/CMSIS/Device/ST/STM32F4xx/Include" -I"D:/Softwares/Stm32/en.stm32cubef4-v1-28-0/STM32Cube_FW_F4_V1.28.0/Drivers/CMSIS/Include" -O0 -ffunction-sections -fdata-sections -Wall -fstack-usage -fcyclomatic-complexity -MMD -MP -MF"Src/main1.d" -MT"Src/main1.o" --specs=nano.specs -mfpu=fpv4-sp-d16 -mfloat-abi=hard -mthumb -o "Src/main1.o"
arm-none-eabi-gcc -o "22_SPI.elf" @"objects.list"   -mcpu=cortex-m4 -T"D:\MCU1_Bare_Metal_Progamming_BHM\22_SPI\STM32F446RETX_FLASH.ld" --specs=nosys.specs -Wl,-Map="22_SPI.map" -Wl,--gc-sections -static --specs=nano.specs -mfpu=fpv4-sp-d16 -mfloat-abi=hard -mthumb -Wl,--start-group -lc -lm -Wl,--end-group
Finished building target: 22_SPI.elf
 
arm-none-eabi-size  22_SPI.elf 
arm-none-eabi-objdump -h -S 22_SPI.elf  > "22_SPI.list"
   text	   data	    bss	    dec	    hex	filename
   1464	      8	   1568	   3040	    be0	22_SPI.elf
Finished building: default.size.stdout
 
Finished building: 22_SPI.list
 
