23:13:00 **** Incremental Build of configuration Debug for project 04_GPIO_Input ****
make -j16 all 
arm-none-eabi-size  04_GPIO_Input.elf 
   text	   data	    bss	    dec	    hex	filename
    832	      0	   1568	   2400	    960	04_GPIO_Input.elf
Finished building: default.size.stdout
 
23:13:12 **** Incremental Build of configuration Debug for project 04_GPIO_Input ****
make -j16 all 
arm-none-eabi-size  04_GPIO_Input.elf 
   text	   data	    bss	    dec	    hex	filename
    832	      0	   1568	   2400	    960	04_GPIO_Input.elf
Finished building: default.size.stdout
 
23:13:36 **** Build of configuration Debug for project 05_UART_TX ****
make -j16 all 
arm-none-eabi-gcc -o "05_UART_TX.elf" @"objects.list"   -mcpu=cortex-m4 -T"D:\MCU1_Bare_Metal_Progamming_BHM\05_UART_TX\STM32F446RETX_FLASH.ld" --specs=nosys.specs -Wl,-Map="05_UART_TX.map" -Wl,--gc-sections -static --specs=nano.specs -mfpu=fpv4-sp-d16 -mfloat-abi=hard -mthumb -Wl,--start-group -lc -lm -Wl,--end-group
Finished building target: 05_UART_TX.elf
 
arm-none-eabi-size  05_UART_TX.elf 
arm-none-eabi-objdump -h -S 05_UART_TX.elf  > "05_UART_TX.list"
   text	   data	    bss	    dec	    hex	filename
   1032	      0	   1568	   2600	    a28	05_UART_TX.elf
Finished building: default.size.stdout
 
Finished building: 05_UART_TX.list
 
23:13:38 **** Incremental Build of configuration Debug for project 05_UART_TX ****
make -j16 all 
arm-none-eabi-size  05_UART_TX.elf 
   text	   data	    bss	    dec	    hex	filename
   1032	      0	   1568	   2600	    a28	05_UART_TX.elf
Finished building: default.size.stdout
 
23:13:58 **** Build of configuration Debug for project 06_UART_Printf ****
make -j16 all 
arm-none-eabi-gcc -o "06_UART_Printf.elf" @"objects.list"   -mcpu=cortex-m4 -T"D:\MCU1_Bare_Metal_Progamming_BHM\06_UART_Printf\STM32F446RETX_FLASH.ld" --specs=nosys.specs -Wl,-Map="06_UART_Printf.map" -Wl,--gc-sections -static --specs=nano.specs -mfpu=fpv4-sp-d16 -mfloat-abi=hard -mthumb -Wl,--start-group -lc -lm -Wl,--end-group
Finished building target: 06_UART_Printf.elf
 
arm-none-eabi-size  06_UART_Printf.elf 
arm-none-eabi-objdump -h -S 06_UART_Printf.elf  > "06_UART_Printf.list"
   text	   data	    bss	    dec	    hex	filename
   5224	     92	   1900	   7216	   1c30	06_UART_Printf.elf
Finished building: default.size.stdout
 
Finished building: 06_UART_Printf.list
 
23:14:01 **** Incremental Build of configuration Debug for project 06_UART_Printf ****
make -j16 all 
arm-none-eabi-size  06_UART_Printf.elf 
   text	   data	    bss	    dec	    hex	filename
   5224	     92	   1900	   7216	   1c30	06_UART_Printf.elf
Finished building: default.size.stdout
 
23:14:15 **** Incremental Build of configuration Debug for project 06_UART_Printf ****
make -j16 all 
arm-none-eabi-size  06_UART_Printf.elf 
   text	   data	    bss	    dec	    hex	filename
   5224	     92	   1900	   7216	   1c30	06_UART_Printf.elf
Finished building: default.size.stdout
 
23:14:16 **** Build of configuration Debug for project 07_UART_Modular ****
make -j16 all 
arm-none-eabi-gcc -o "07_UART_Modular.elf" @"objects.list"   -mcpu=cortex-m4 -T"D:\MCU1_Bare_Metal_Progamming_BHM\07_UART_Modular\STM32F446RETX_FLASH.ld" --specs=nosys.specs -Wl,-Map="07_UART_Modular.map" -Wl,--gc-sections -static --specs=nano.specs -mfpu=fpv4-sp-d16 -mfloat-abi=hard -mthumb -Wl,--start-group -lc -lm -Wl,--end-group
Finished building target: 07_UART_Modular.elf
 
arm-none-eabi-size  07_UART_Modular.elf 
arm-none-eabi-objdump -h -S 07_UART_Modular.elf  > "07_UART_Modular.list"
   text	   data	    bss	    dec	    hex	filename
   5228	     92	   1900	   7220	   1c34	07_UART_Modular.elf
Finished building: default.size.stdout
 
Finished building: 07_UART_Modular.list
 
23:14:17 **** Incremental Build of configuration Debug for project 06_UART_Printf ****
make -j16 all 
arm-none-eabi-size  06_UART_Printf.elf 
   text	   data	    bss	    dec	    hex	filename
   5224	     92	   1900	   7216	   1c30	06_UART_Printf.elf
Finished building: default.size.stdout
 
23:14:17 **** Incremental Build of configuration Debug for project 07_UART_Modular ****
make -j16 all 
arm-none-eabi-size  07_UART_Modular.elf 
   text	   data	    bss	    dec	    hex	filename
   5228	     92	   1900	   7220	   1c34	07_UART_Modular.elf
Finished building: default.size.stdout
 
23:14:34 **** Incremental Build of configuration Debug for project 06_UART_Printf ****
make -j16 all 
arm-none-eabi-size  06_UART_Printf.elf 
   text	   data	    bss	    dec	    hex	filename
   5224	     92	   1900	   7216	   1c30	06_UART_Printf.elf
Finished building: default.size.stdout
 
23:14:34 **** Incremental Build of configuration Debug for project 07_UART_Modular ****
make -j16 all 
arm-none-eabi-size  07_UART_Modular.elf 
   text	   data	    bss	    dec	    hex	filename
   5228	     92	   1900	   7220	   1c34	07_UART_Modular.elf
Finished building: default.size.stdout
 
23:14:34 **** Build of configuration Debug for project 08_UART_RX ****
make -j16 all 
arm-none-eabi-gcc -o "08_UART_RX.elf" @"objects.list"   -mcpu=cortex-m4 -T"D:\MCU1_Bare_Metal_Progamming_BHM\08_UART_RX\STM32F446RETX_FLASH.ld" --specs=nosys.specs -Wl,-Map="08_UART_RX.map" -Wl,--gc-sections -static --specs=nano.specs -mfpu=fpv4-sp-d16 -mfloat-abi=hard -mthumb -Wl,--start-group -lc -lm -Wl,--end-group
Finished building target: 08_UART_RX.elf
 
arm-none-eabi-size  08_UART_RX.elf 
arm-none-eabi-objdump -h -S 08_UART_RX.elf  > "08_UART_RX.list"
   text	   data	    bss	    dec	    hex	filename
   1160	      0	   1568	   2728	    aa8	08_UART_RX.elf
Finished building: default.size.stdout
 
Finished building: 08_UART_RX.list
 
23:14:36 **** Incremental Build of configuration Debug for project 06_UART_Printf ****
make -j16 all 
arm-none-eabi-size  06_UART_Printf.elf 
   text	   data	    bss	    dec	    hex	filename
   5224	     92	   1900	   7216	   1c30	06_UART_Printf.elf
Finished building: default.size.stdout
 
23:14:36 **** Incremental Build of configuration Debug for project 07_UART_Modular ****
make -j16 all 
arm-none-eabi-size  07_UART_Modular.elf 
   text	   data	    bss	    dec	    hex	filename
   5228	     92	   1900	   7220	   1c34	07_UART_Modular.elf
Finished building: default.size.stdout
 
23:14:36 **** Incremental Build of configuration Debug for project 08_UART_RX ****
make -j16 all 
arm-none-eabi-size  08_UART_RX.elf 
   text	   data	    bss	    dec	    hex	filename
   1160	      0	   1568	   2728	    aa8	08_UART_RX.elf
Finished building: default.size.stdout
 
23:14:57 **** Build of configuration Debug for project 09_ADC_Single_Conversion ****
make -j16 all 
arm-none-eabi-gcc -o "09_ADC_Single_Conversion.elf" @"objects.list"   -mcpu=cortex-m4 -T"D:\MCU1_Bare_Metal_Progamming_BHM\09_ADC_Single_Conversion\STM32F446RETX_FLASH.ld" --specs=nosys.specs -Wl,-Map="09_ADC_Single_Conversion.map" -Wl,--gc-sections -static --specs=nano.specs -mfpu=fpv4-sp-d16 -mfloat-abi=hard -mthumb -Wl,--start-group -lc -lm -Wl,--end-group
Finished building target: 09_ADC_Single_Conversion.elf
 
arm-none-eabi-size  09_ADC_Single_Conversion.elf 
arm-none-eabi-objdump -h -S 09_ADC_Single_Conversion.elf  > "09_ADC_Single_Conversion.list"
   text	   data	    bss	    dec	    hex	filename
    928	      0	   1568	   2496	    9c0	09_ADC_Single_Conversion.elf
Finished building: default.size.stdout
 
Finished building: 09_ADC_Single_Conversion.list
 
23:14:59 **** Incremental Build of configuration Debug for project 09_ADC_Single_Conversion ****
make -j16 all 
arm-none-eabi-size  09_ADC_Single_Conversion.elf 
   text	   data	    bss	    dec	    hex	filename
    928	      0	   1568	   2496	    9c0	09_ADC_Single_Conversion.elf
Finished building: default.size.stdout
 
23:15:18 **** Incremental Build of configuration Debug for project 09_ADC_Single_Conversion ****
make -j16 all 
arm-none-eabi-size  09_ADC_Single_Conversion.elf 
   text	   data	    bss	    dec	    hex	filename
    928	      0	   1568	   2496	    9c0	09_ADC_Single_Conversion.elf
Finished building: default.size.stdout
 
23:51:04 **** Build of configuration Debug for project 21_I2C ****
make -j16 all 
arm-none-eabi-gcc "../Src/I2C.c" -mcpu=cortex-m4 -std=gnu11 -g3 -DDEBUG -DSTM32 -DSTM32F4 -DSTM32F446RETx -DNUCLEO_F446RE -DSTM32F446xx -c -I../Inc -I"D:/Softwares/Stm32/en.stm32cubef4-v1-28-0/STM32Cube_FW_F4_V1.28.0/Drivers/CMSIS/Device/ST/STM32F4xx/Include" -I"D:/Softwares/Stm32/en.stm32cubef4-v1-28-0/STM32Cube_FW_F4_V1.28.0/Drivers/CMSIS/Include" -O0 -ffunction-sections -fdata-sections -Wall -fstack-usage -fcyclomatic-complexity -MMD -MP -MF"Src/I2C.d" -MT"Src/I2C.o" --specs=nano.specs -mfpu=fpv4-sp-d16 -mfloat-abi=hard -mthumb -o "Src/I2C.o"
arm-none-eabi-gcc "../Src/main.c" -mcpu=cortex-m4 -std=gnu11 -g3 -DDEBUG -DSTM32 -DSTM32F4 -DSTM32F446RETx -DNUCLEO_F446RE -DSTM32F446xx -c -I../Inc -I"D:/Softwares/Stm32/en.stm32cubef4-v1-28-0/STM32Cube_FW_F4_V1.28.0/Drivers/CMSIS/Device/ST/STM32F4xx/Include" -I"D:/Softwares/Stm32/en.stm32cubef4-v1-28-0/STM32Cube_FW_F4_V1.28.0/Drivers/CMSIS/Include" -O0 -ffunction-sections -fdata-sections -Wall -fstack-usage -fcyclomatic-complexity -MMD -MP -MF"Src/main.d" -MT"Src/main.o" --specs=nano.specs -mfpu=fpv4-sp-d16 -mfloat-abi=hard -mthumb -o "Src/main.o"
arm-none-eabi-gcc "../Src/syscalls.c" -mcpu=cortex-m4 -std=gnu11 -g3 -DDEBUG -DSTM32 -DSTM32F4 -DSTM32F446RETx -DNUCLEO_F446RE -DSTM32F446xx -c -I../Inc -I"D:/Softwares/Stm32/en.stm32cubef4-v1-28-0/STM32Cube_FW_F4_V1.28.0/Drivers/CMSIS/Device/ST/STM32F4xx/Include" -I"D:/Softwares/Stm32/en.stm32cubef4-v1-28-0/STM32Cube_FW_F4_V1.28.0/Drivers/CMSIS/Include" -O0 -ffunction-sections -fdata-sections -Wall -fstack-usage -fcyclomatic-complexity -MMD -MP -MF"Src/syscalls.d" -MT"Src/syscalls.o" --specs=nano.specs -mfpu=fpv4-sp-d16 -mfloat-abi=hard -mthumb -o "Src/syscalls.o"
arm-none-eabi-gcc "../Src/sysmem.c" -mcpu=cortex-m4 -std=gnu11 -g3 -DDEBUG -DSTM32 -DSTM32F4 -DSTM32F446RETx -DNUCLEO_F446RE -DSTM32F446xx -c -I../Inc -I"D:/Softwares/Stm32/en.stm32cubef4-v1-28-0/STM32Cube_FW_F4_V1.28.0/Drivers/CMSIS/Device/ST/STM32F4xx/Include" -I"D:/Softwares/Stm32/en.stm32cubef4-v1-28-0/STM32Cube_FW_F4_V1.28.0/Drivers/CMSIS/Include" -O0 -ffunction-sections -fdata-sections -Wall -fstack-usage -fcyclomatic-complexity -MMD -MP -MF"Src/sysmem.d" -MT"Src/sysmem.o" --specs=nano.specs -mfpu=fpv4-sp-d16 -mfloat-abi=hard -mthumb -o "Src/sysmem.o"
arm-none-eabi-gcc "../Src/uart.c" -mcpu=cortex-m4 -std=gnu11 -g3 -DDEBUG -DSTM32 -DSTM32F4 -DSTM32F446RETx -DNUCLEO_F446RE -DSTM32F446xx -c -I../Inc -I"D:/Softwares/Stm32/en.stm32cubef4-v1-28-0/STM32Cube_FW_F4_V1.28.0/Drivers/CMSIS/Device/ST/STM32F4xx/Include" -I"D:/Softwares/Stm32/en.stm32cubef4-v1-28-0/STM32Cube_FW_F4_V1.28.0/Drivers/CMSIS/Include" -O0 -ffunction-sections -fdata-sections -Wall -fstack-usage -fcyclomatic-complexity -MMD -MP -MF"Src/uart.d" -MT"Src/uart.o" --specs=nano.specs -mfpu=fpv4-sp-d16 -mfloat-abi=hard -mthumb -o "Src/uart.o"
../Src/I2C.c: In function 'I2C1_Init':
../Src/I2C.c:128:9: error: 'I2C' undeclared (first use in this function); did you mean 'I2C1'?
  128 |         I2C->CR1 |= I2C_PE_CR1;
      |         ^~~
      |         I2C1
../Src/I2C.c:128:9: note: each undeclared identifier is reported only once for each function it appears in
make: *** [Src/subdir.mk:31: Src/I2C.o] Error 1
make: *** Waiting for unfinished jobs....
"make -j16 all" terminated with exit code 2. Build might be incomplete.
23:51:15 **** Incremental Build of configuration Debug for project 21_I2C ****
make -j16 all 
arm-none-eabi-gcc "../Src/I2C.c" -mcpu=cortex-m4 -std=gnu11 -g3 -DDEBUG -DSTM32 -DSTM32F4 -DSTM32F446RETx -DNUCLEO_F446RE -DSTM32F446xx -c -I../Inc -I"D:/Softwares/Stm32/en.stm32cubef4-v1-28-0/STM32Cube_FW_F4_V1.28.0/Drivers/CMSIS/Device/ST/STM32F4xx/Include" -I"D:/Softwares/Stm32/en.stm32cubef4-v1-28-0/STM32Cube_FW_F4_V1.28.0/Drivers/CMSIS/Include" -O0 -ffunction-sections -fdata-sections -Wall -fstack-usage -fcyclomatic-complexity -MMD -MP -MF"Src/I2C.d" -MT"Src/I2C.o" --specs=nano.specs -mfpu=fpv4-sp-d16 -mfloat-abi=hard -mthumb -o "Src/I2C.o"
arm-none-eabi-gcc -o "21_I2C.elf" @"objects.list"   -mcpu=cortex-m4 -T"D:\MCU1_Bare_Metal_Progamming_BHM\21_I2C\STM32F446RETX_FLASH.ld" --specs=nosys.specs -Wl,-Map="21_I2C.map" -Wl,--gc-sections -static --specs=nano.specs -mfpu=fpv4-sp-d16 -mfloat-abi=hard -mthumb -Wl,--start-group -lc -lm -Wl,--end-group
Finished building target: 21_I2C.elf
 
arm-none-eabi-size  21_I2C.elf 
arm-none-eabi-objdump -h -S 21_I2C.elf  > "21_I2C.list"
   text	   data	    bss	    dec	    hex	filename
   1436	      0	   1568	   3004	    bbc	21_I2C.elf
Finished building: default.size.stdout
 
Finished building: 21_I2C.list
 
23:51:18 **** Incremental Build of configuration Debug for project 21_I2C ****
make -j16 all 
arm-none-eabi-size  21_I2C.elf 
   text	   data	    bss	    dec	    hex	filename
   1436	      0	   1568	   3004	    bbc	21_I2C.elf
Finished building: default.size.stdout
 
